Archive member included to satisfy reference by file (symbol)

c:/intelfpga/18.1/nios2eds/bin/gnu/h-x86_64-mingw32/bin/../lib/gcc/nios2-elf/5.3.0/../../../../../H-x86_64-mingw32/nios2-elf/lib/mno-hw-mul\libsmallc.a(lib_a-puts.o)
                              obj/default/hello_world.o (puts)
c:/intelfpga/18.1/nios2eds/bin/gnu/h-x86_64-mingw32/bin/../lib/gcc/nios2-elf/5.3.0/../../../../../H-x86_64-mingw32/nios2-elf/lib/mno-hw-mul\libsmallc.a(lib_a-strlen.o)
                              c:/intelfpga/18.1/nios2eds/bin/gnu/h-x86_64-mingw32/bin/../lib/gcc/nios2-elf/5.3.0/../../../../../H-x86_64-mingw32/nios2-elf/lib/mno-hw-mul\libsmallc.a(lib_a-puts.o) (strlen)
c:/intelfpga/18.1/nios2eds/bin/gnu/h-x86_64-mingw32/bin/../lib/gcc/nios2-elf/5.3.0/../../../../../H-x86_64-mingw32/nios2-elf/lib/mno-hw-mul\libsmallc.a(lib_a-fvwrite_small_dev.o)
                              c:/intelfpga/18.1/nios2eds/bin/gnu/h-x86_64-mingw32/bin/../lib/gcc/nios2-elf/5.3.0/../../../../../H-x86_64-mingw32/nios2-elf/lib/mno-hw-mul\libsmallc.a(lib_a-puts.o) (__sfvwrite_small_dev)
c:/intelfpga/18.1/nios2eds/bin/gnu/h-x86_64-mingw32/bin/../lib/gcc/nios2-elf/5.3.0/../../../../../H-x86_64-mingw32/nios2-elf/lib/mno-hw-mul\libsmallc.a(lib_a-impure.o)
                              c:/intelfpga/18.1/nios2eds/bin/gnu/h-x86_64-mingw32/bin/../lib/gcc/nios2-elf/5.3.0/../../../../../H-x86_64-mingw32/nios2-elf/lib/mno-hw-mul\libsmallc.a(lib_a-puts.o) (_impure_ptr)
c:/intelfpga/18.1/nios2eds/bin/gnu/h-x86_64-mingw32/bin/../lib/gcc/nios2-elf/5.3.0/../../../../../H-x86_64-mingw32/nios2-elf/lib/mno-hw-mul\libsmallc.a(lib_a-writer.o)
                              c:/intelfpga/18.1/nios2eds/bin/gnu/h-x86_64-mingw32/bin/../lib/gcc/nios2-elf/5.3.0/../../../../../H-x86_64-mingw32/nios2-elf/lib/mno-hw-mul\libsmallc.a(lib_a-fvwrite_small_dev.o) (_write_r)
c:/intelfpga/18.1/nios2eds/bin/gnu/h-x86_64-mingw32/bin/../lib/gcc/nios2-elf/5.3.0/../../../../../H-x86_64-mingw32/nios2-elf/lib/mno-hw-mul\libsmallc.a(lib_a-int_errno.o)
                              c:/intelfpga/18.1/nios2eds/bin/gnu/h-x86_64-mingw32/bin/../lib/gcc/nios2-elf/5.3.0/../../../../../H-x86_64-mingw32/nios2-elf/lib/mno-hw-mul\libsmallc.a(lib_a-writer.o) (errno)
../Task2_hello_world_bsp/\libhal_bsp.a(alt_load.o)
                              ../Task2_hello_world_bsp//obj/HAL/src/crt0.o (alt_load)
../Task2_hello_world_bsp/\libhal_bsp.a(alt_main.o)
                              ../Task2_hello_world_bsp//obj/HAL/src/crt0.o (alt_main)
../Task2_hello_world_bsp/\libhal_bsp.a(alt_write.o)
                              c:/intelfpga/18.1/nios2eds/bin/gnu/h-x86_64-mingw32/bin/../lib/gcc/nios2-elf/5.3.0/../../../../../H-x86_64-mingw32/nios2-elf/lib/mno-hw-mul\libsmallc.a(lib_a-writer.o) (write)
../Task2_hello_world_bsp/\libhal_bsp.a(alt_sys_init.o)
                              ../Task2_hello_world_bsp/\libhal_bsp.a(alt_main.o) (alt_irq_init)
../Task2_hello_world_bsp/\libhal_bsp.a(altera_avalon_jtag_uart_fd.o)
                              ../Task2_hello_world_bsp/\libhal_bsp.a(alt_sys_init.o) (altera_avalon_jtag_uart_read_fd)
../Task2_hello_world_bsp/\libhal_bsp.a(altera_avalon_jtag_uart_read.o)
                              ../Task2_hello_world_bsp/\libhal_bsp.a(altera_avalon_jtag_uart_fd.o) (altera_avalon_jtag_uart_read)
../Task2_hello_world_bsp/\libhal_bsp.a(altera_avalon_jtag_uart_write.o)
                              ../Task2_hello_world_bsp/\libhal_bsp.a(altera_avalon_jtag_uart_fd.o) (altera_avalon_jtag_uart_write)
../Task2_hello_world_bsp/\libhal_bsp.a(altera_avalon_timer_sc.o)
                              ../Task2_hello_world_bsp/\libhal_bsp.a(alt_sys_init.o) (alt_avalon_timer_sc_init)
../Task2_hello_world_bsp/\libhal_bsp.a(alt_close.o)
                              ../Task2_hello_world_bsp/\libhal_bsp.a(alt_main.o) (close)
../Task2_hello_world_bsp/\libhal_bsp.a(alt_dcache_flush_all.o)
                              ../Task2_hello_world_bsp/\libhal_bsp.a(alt_load.o) (alt_dcache_flush_all)
../Task2_hello_world_bsp/\libhal_bsp.a(alt_dev.o)
                              ../Task2_hello_world_bsp/\libhal_bsp.a(alt_sys_init.o) (alt_dev_list)
../Task2_hello_world_bsp/\libhal_bsp.a(alt_dev_llist_insert.o)
                              ../Task2_hello_world_bsp/\libhal_bsp.a(alt_sys_init.o) (alt_dev_llist_insert)
../Task2_hello_world_bsp/\libhal_bsp.a(alt_errno.o)
                              ../Task2_hello_world_bsp/\libhal_bsp.a(alt_write.o) (alt_errno)
../Task2_hello_world_bsp/\libhal_bsp.a(alt_icache_flush_all.o)
                              ../Task2_hello_world_bsp/\libhal_bsp.a(alt_load.o) (alt_icache_flush_all)
../Task2_hello_world_bsp/\libhal_bsp.a(alt_iic.o)
                              ../Task2_hello_world_bsp/\libhal_bsp.a(altera_avalon_timer_sc.o) (alt_ic_isr_register)
../Task2_hello_world_bsp/\libhal_bsp.a(alt_iic_isr_register.o)
                              ../Task2_hello_world_bsp/\libhal_bsp.a(alt_iic.o) (alt_iic_isr_register)
../Task2_hello_world_bsp/\libhal_bsp.a(alt_io_redirect.o)
                              ../Task2_hello_world_bsp/\libhal_bsp.a(alt_main.o) (alt_io_redirect)
../Task2_hello_world_bsp/\libhal_bsp.a(alt_irq_entry.o)
                              ../Task2_hello_world_bsp/\libhal_bsp.a(alt_iic_isr_register.o) (alt_irq_entry)
../Task2_hello_world_bsp/\libhal_bsp.a(alt_irq_handler.o)
                              ../Task2_hello_world_bsp/\libhal_bsp.a(alt_iic_isr_register.o) (alt_irq)
../Task2_hello_world_bsp/\libhal_bsp.a(alt_irq_vars.o)
                              ../Task2_hello_world_bsp/\libhal_bsp.a(alt_iic.o) (alt_irq_active)
../Task2_hello_world_bsp/\libhal_bsp.a(alt_open.o)
                              ../Task2_hello_world_bsp/\libhal_bsp.a(alt_io_redirect.o) (open)
../Task2_hello_world_bsp/\libhal_bsp.a(alt_release_fd.o)
                              ../Task2_hello_world_bsp/\libhal_bsp.a(alt_close.o) (alt_release_fd)
../Task2_hello_world_bsp/\libhal_bsp.a(alt_tick.o)
                              ../Task2_hello_world_bsp/\libhal_bsp.a(altera_avalon_timer_sc.o) (_alt_tick_rate)
../Task2_hello_world_bsp/\libhal_bsp.a(altera_nios2_qsys_irq.o)
                              ../Task2_hello_world_bsp/\libhal_bsp.a(alt_sys_init.o) (altera_nios2_qsys_irq_init)
../Task2_hello_world_bsp/\libhal_bsp.a(alt_exception_entry.o)
                              ../Task2_hello_world_bsp/\libhal_bsp.a(alt_irq_entry.o) (alt_exception)
../Task2_hello_world_bsp/\libhal_bsp.a(alt_find_dev.o)
                              ../Task2_hello_world_bsp/\libhal_bsp.a(alt_open.o) (alt_find_dev)
../Task2_hello_world_bsp/\libhal_bsp.a(alt_find_file.o)
                              ../Task2_hello_world_bsp/\libhal_bsp.a(alt_open.o) (alt_find_file)
../Task2_hello_world_bsp/\libhal_bsp.a(alt_get_fd.o)
                              ../Task2_hello_world_bsp/\libhal_bsp.a(alt_open.o) (alt_get_fd)
../Task2_hello_world_bsp/\libhal_bsp.a(alt_icache_flush.o)
                              ../Task2_hello_world_bsp/\libhal_bsp.a(alt_icache_flush_all.o) (alt_icache_flush)
c:/intelfpga/18.1/nios2eds/bin/gnu/h-x86_64-mingw32/bin/../lib/gcc/nios2-elf/5.3.0/../../../../../H-x86_64-mingw32/nios2-elf/lib/mno-hw-mul\libsmallc.a(lib_a-exit.o)
                              ../Task2_hello_world_bsp/\libhal_bsp.a(alt_main.o) (exit)
c:/intelfpga/18.1/nios2eds/bin/gnu/h-x86_64-mingw32/bin/../lib/gcc/nios2-elf/5.3.0/../../../../../H-x86_64-mingw32/nios2-elf/lib/mno-hw-mul\libsmallc.a(lib_a-memcmp.o)
                              ../Task2_hello_world_bsp/\libhal_bsp.a(alt_find_dev.o) (memcmp)
c:/intelfpga/18.1/nios2eds/bin/gnu/h-x86_64-mingw32/bin/../lib/gcc/nios2-elf/5.3.0/../../../../../H-x86_64-mingw32/nios2-elf/lib/mno-hw-mul\libsmallc.a(lib_a-__call_atexit.o)
                              c:/intelfpga/18.1/nios2eds/bin/gnu/h-x86_64-mingw32/bin/../lib/gcc/nios2-elf/5.3.0/../../../../../H-x86_64-mingw32/nios2-elf/lib/mno-hw-mul\libsmallc.a(lib_a-exit.o) (__call_exitprocs)
c:/intelfpga/18.1/nios2eds/bin/gnu/h-x86_64-mingw32/bin/../lib/gcc/nios2-elf/5.3.0/mno-hw-mul\libgcc.a(lib2-mul.o)
                              ../Task2_hello_world_bsp/\libhal_bsp.a(alt_write.o) (__mulsi3)
../Task2_hello_world_bsp/\libhal_bsp.a(alt_exit.o)
                              c:/intelfpga/18.1/nios2eds/bin/gnu/h-x86_64-mingw32/bin/../lib/gcc/nios2-elf/5.3.0/../../../../../H-x86_64-mingw32/nios2-elf/lib/mno-hw-mul\libsmallc.a(lib_a-exit.o) (_exit)

Allocating common symbols
Common symbol       size              file

alt_irq             0x100             ../Task2_hello_world_bsp/\libhal_bsp.a(alt_irq_handler.o)
errno               0x4               c:/intelfpga/18.1/nios2eds/bin/gnu/h-x86_64-mingw32/bin/../lib/gcc/nios2-elf/5.3.0/../../../../../H-x86_64-mingw32/nios2-elf/lib/mno-hw-mul\libsmallc.a(lib_a-int_errno.o)

Memory Configuration

Name             Origin             Length             Attributes
reset            0x0000000000008000 0x0000000000000020
onchip_mem       0x0000000000008020 0x0000000000004fe0
*default*        0x0000000000000000 0xffffffffffffffff

Linker script and memory map

LOAD ../Task2_hello_world_bsp//obj/HAL/src/crt0.o
LOAD obj/default/hello_world.o
LOAD c:/intelfpga/18.1/nios2eds/bin/gnu/h-x86_64-mingw32/bin/../lib/gcc/nios2-elf/5.3.0/../../../../../H-x86_64-mingw32/nios2-elf/lib/mno-hw-mul\libstdc++.a
LOAD c:/intelfpga/18.1/nios2eds/bin/gnu/h-x86_64-mingw32/bin/../lib/gcc/nios2-elf/5.3.0/../../../../../H-x86_64-mingw32/nios2-elf/lib/mno-hw-mul\libm.a
LOAD c:/intelfpga/18.1/nios2eds/bin/gnu/h-x86_64-mingw32/bin/../lib/gcc/nios2-elf/5.3.0/mno-hw-mul\libgcc.a
START GROUP
LOAD c:/intelfpga/18.1/nios2eds/bin/gnu/h-x86_64-mingw32/bin/../lib/gcc/nios2-elf/5.3.0/../../../../../H-x86_64-mingw32/nios2-elf/lib/mno-hw-mul\libsmallc.a
LOAD c:/intelfpga/18.1/nios2eds/bin/gnu/h-x86_64-mingw32/bin/../lib/gcc/nios2-elf/5.3.0/mno-hw-mul\libgcc.a
LOAD ../Task2_hello_world_bsp/\libhal_bsp.a
LOAD c:/intelfpga/18.1/nios2eds/bin/gnu/h-x86_64-mingw32/bin/../lib/gcc/nios2-elf/5.3.0/../../../../../H-x86_64-mingw32/nios2-elf/lib/mno-hw-mul\libm.a
END GROUP
LOAD c:/intelfpga/18.1/nios2eds/bin/gnu/h-x86_64-mingw32/bin/../lib/gcc/nios2-elf/5.3.0/mno-hw-mul\libgcc.a
                0x0000000000008000                __alt_mem_onchip_mem = 0x8000

.entry          0x0000000000008000       0x20
 *(.entry)
 .entry         0x0000000000008000       0x20 ../Task2_hello_world_bsp//obj/HAL/src/crt0.o
                0x0000000000008000                __reset

.exceptions     0x0000000000008020      0x1a0
                0x0000000000008020                PROVIDE (__ram_exceptions_start, ABSOLUTE (.))
                0x0000000000008020                . = ALIGN (0x20)
 *(.irq)
 *(.exceptions.entry.label)
 .exceptions.entry.label
                0x0000000000008020        0x0 ../Task2_hello_world_bsp/\libhal_bsp.a(alt_irq_entry.o)
                0x0000000000008020                alt_irq_entry
 .exceptions.entry.label
                0x0000000000008020        0x0 ../Task2_hello_world_bsp/\libhal_bsp.a(alt_exception_entry.o)
                0x0000000000008020                alt_exception
 *(.exceptions.entry.user)
 *(.exceptions.entry.ecc_fatal)
 *(.exceptions.entry)
 .exceptions.entry
                0x0000000000008020       0x54 ../Task2_hello_world_bsp/\libhal_bsp.a(alt_exception_entry.o)
 *(.exceptions.irqtest.user)
 *(.exceptions.irqtest)
 .exceptions.irqtest
                0x0000000000008074       0x10 ../Task2_hello_world_bsp/\libhal_bsp.a(alt_irq_entry.o)
 *(.exceptions.irqhandler.user)
 *(.exceptions.irqhandler)
 .exceptions.irqhandler
                0x0000000000008084        0x4 ../Task2_hello_world_bsp/\libhal_bsp.a(alt_irq_entry.o)
 *(.exceptions.irqreturn.user)
 *(.exceptions.irqreturn)
 .exceptions.irqreturn
                0x0000000000008088        0x4 ../Task2_hello_world_bsp/\libhal_bsp.a(alt_irq_entry.o)
 *(.exceptions.notirq.label)
 .exceptions.notirq.label
                0x000000000000808c        0x0 ../Task2_hello_world_bsp/\libhal_bsp.a(alt_irq_entry.o)
 *(.exceptions.notirq.user)
 *(.exceptions.notirq)
 .exceptions.notirq
                0x000000000000808c        0x8 ../Task2_hello_world_bsp/\libhal_bsp.a(alt_exception_entry.o)
 *(.exceptions.soft.user)
 *(.exceptions.soft)
 *(.exceptions.unknown.user)
 *(.exceptions.unknown)
 .exceptions.unknown
                0x0000000000008094        0x4 ../Task2_hello_world_bsp/\libhal_bsp.a(alt_exception_entry.o)
 *(.exceptions.exit.label)
 .exceptions.exit.label
                0x0000000000008098        0x0 ../Task2_hello_world_bsp/\libhal_bsp.a(alt_irq_entry.o)
 .exceptions.exit.label
                0x0000000000008098        0x0 ../Task2_hello_world_bsp/\libhal_bsp.a(alt_exception_entry.o)
 *(.exceptions.exit.user)
 *(.exceptions.exit)
 .exceptions.exit
                0x0000000000008098       0x54 ../Task2_hello_world_bsp/\libhal_bsp.a(alt_exception_entry.o)
 *(.exceptions)
 .exceptions    0x00000000000080ec       0xd4 ../Task2_hello_world_bsp/\libhal_bsp.a(alt_irq_handler.o)
                0x00000000000080ec                alt_irq_handler
                0x00000000000081c0                PROVIDE (__ram_exceptions_end, ABSOLUTE (.))
                0x0000000000008020                PROVIDE (__flash_exceptions_start, LOADADDR (.exceptions))

.text           0x00000000000081c0     0x1920
                [!provide]                        PROVIDE (stext, ABSOLUTE (.))
 *(.interp)
 *(.hash)
 *(.dynsym)
 *(.dynstr)
 *(.gnu.version)
 *(.gnu.version_d)
 *(.gnu.version_r)
 *(.rel.init)
 *(.rela.init)
 *(.rel.text .rel.text.* .rel.gnu.linkonce.t.*)
 *(.rela.text .rela.text.* .rela.gnu.linkonce.t.*)
 *(.rel.fini)
 *(.rela.fini)
 *(.rel.rodata .rel.rodata.* .rel.gnu.linkonce.r.*)
 *(.rela.rodata .rela.rodata.* .rela.gnu.linkonce.r.*)
 *(.rel.data .rel.data.* .rel.gnu.linkonce.d.*)
 *(.rela.data .rela.data.* .rela.gnu.linkonce.d.*)
 *(.rel.tdata .rel.tdata.* .rel.gnu.linkonce.td.*)
 *(.rela.tdata .rela.tdata.* .rela.gnu.linkonce.td.*)
 *(.rel.tbss .rel.tbss.* .rel.gnu.linkonce.tb.*)
 *(.rela.tbss .rela.tbss.* .rela.gnu.linkonce.tb.*)
 *(.rel.ctors)
 *(.rela.ctors)
 *(.rel.dtors)
 *(.rela.dtors)
 *(.rel.got)
 *(.rela.got)
 *(.rel.sdata .rel.sdata.* .rel.gnu.linkonce.s.*)
 *(.rela.sdata .rela.sdata.* .rela.gnu.linkonce.s.*)
 *(.rel.sbss .rel.sbss.* .rel.gnu.linkonce.sb.*)
 *(.rela.sbss .rela.sbss.* .rela.gnu.linkonce.sb.*)
 *(.rel.sdata2 .rel.sdata2.* .rel.gnu.linkonce.s2.*)
 *(.rela.sdata2 .rela.sdata2.* .rela.gnu.linkonce.s2.*)
 *(.rel.sbss2 .rel.sbss2.* .rel.gnu.linkonce.sb2.*)
 *(.rela.sbss2 .rela.sbss2.* .rela.gnu.linkonce.sb2.*)
 *(.rel.bss .rel.bss.* .rel.gnu.linkonce.b.*)
 *(.rela.bss .rela.bss.* .rela.gnu.linkonce.b.*)
 *(.rel.plt)
 *(.rela.plt)
 *(.rel.dyn)
 *(.init)
 *(.plt)
 *(.text .stub .text.* .gnu.linkonce.t.*)
 .text          0x00000000000081c0       0x3c ../Task2_hello_world_bsp//obj/HAL/src/crt0.o
                0x00000000000081c0                _start
 .text          0x00000000000081fc       0x34 obj/default/hello_world.o
                0x00000000000081fc                main
 .text          0x0000000000008230        0x0 c:/intelfpga/18.1/nios2eds/bin/gnu/h-x86_64-mingw32/bin/../lib/gcc/nios2-elf/5.3.0/../../../../../H-x86_64-mingw32/nios2-elf/lib/mno-hw-mul\libsmallc.a(lib_a-puts.o)
 .text._puts_r  0x0000000000008230       0x80 c:/intelfpga/18.1/nios2eds/bin/gnu/h-x86_64-mingw32/bin/../lib/gcc/nios2-elf/5.3.0/../../../../../H-x86_64-mingw32/nios2-elf/lib/mno-hw-mul\libsmallc.a(lib_a-puts.o)
                0x0000000000008230                _puts_r
 .text.puts     0x00000000000082b0       0x14 c:/intelfpga/18.1/nios2eds/bin/gnu/h-x86_64-mingw32/bin/../lib/gcc/nios2-elf/5.3.0/../../../../../H-x86_64-mingw32/nios2-elf/lib/mno-hw-mul\libsmallc.a(lib_a-puts.o)
                0x00000000000082b0                puts
 .text          0x00000000000082c4        0x0 c:/intelfpga/18.1/nios2eds/bin/gnu/h-x86_64-mingw32/bin/../lib/gcc/nios2-elf/5.3.0/../../../../../H-x86_64-mingw32/nios2-elf/lib/mno-hw-mul\libsmallc.a(lib_a-strlen.o)
 .text.strlen   0x00000000000082c4       0x1c c:/intelfpga/18.1/nios2eds/bin/gnu/h-x86_64-mingw32/bin/../lib/gcc/nios2-elf/5.3.0/../../../../../H-x86_64-mingw32/nios2-elf/lib/mno-hw-mul\libsmallc.a(lib_a-strlen.o)
                0x00000000000082c4                strlen
 .text          0x00000000000082e0        0x0 c:/intelfpga/18.1/nios2eds/bin/gnu/h-x86_64-mingw32/bin/../lib/gcc/nios2-elf/5.3.0/../../../../../H-x86_64-mingw32/nios2-elf/lib/mno-hw-mul\libsmallc.a(lib_a-fvwrite_small_dev.o)
 .text.__sfvwrite_small_dev
                0x00000000000082e0       0xb8 c:/intelfpga/18.1/nios2eds/bin/gnu/h-x86_64-mingw32/bin/../lib/gcc/nios2-elf/5.3.0/../../../../../H-x86_64-mingw32/nios2-elf/lib/mno-hw-mul\libsmallc.a(lib_a-fvwrite_small_dev.o)
                0x00000000000082e0                __sfvwrite_small_dev
 .text          0x0000000000008398        0x0 c:/intelfpga/18.1/nios2eds/bin/gnu/h-x86_64-mingw32/bin/../lib/gcc/nios2-elf/5.3.0/../../../../../H-x86_64-mingw32/nios2-elf/lib/mno-hw-mul\libsmallc.a(lib_a-impure.o)
 .text          0x0000000000008398        0x0 c:/intelfpga/18.1/nios2eds/bin/gnu/h-x86_64-mingw32/bin/../lib/gcc/nios2-elf/5.3.0/../../../../../H-x86_64-mingw32/nios2-elf/lib/mno-hw-mul\libsmallc.a(lib_a-writer.o)
 .text._write_r
                0x0000000000008398       0x58 c:/intelfpga/18.1/nios2eds/bin/gnu/h-x86_64-mingw32/bin/../lib/gcc/nios2-elf/5.3.0/../../../../../H-x86_64-mingw32/nios2-elf/lib/mno-hw-mul\libsmallc.a(lib_a-writer.o)
                0x0000000000008398                _write_r
 .text          0x00000000000083f0        0x0 c:/intelfpga/18.1/nios2eds/bin/gnu/h-x86_64-mingw32/bin/../lib/gcc/nios2-elf/5.3.0/../../../../../H-x86_64-mingw32/nios2-elf/lib/mno-hw-mul\libsmallc.a(lib_a-int_errno.o)
 .text          0x00000000000083f0       0xec ../Task2_hello_world_bsp/\libhal_bsp.a(alt_load.o)
                0x0000000000008458                alt_load
 .text          0x00000000000084dc       0x6c ../Task2_hello_world_bsp/\libhal_bsp.a(alt_main.o)
                0x00000000000084dc                alt_main
 .text          0x0000000000008548      0x13c ../Task2_hello_world_bsp/\libhal_bsp.a(alt_write.o)
                0x0000000000008584                write
 .text          0x0000000000008684       0xbc ../Task2_hello_world_bsp/\libhal_bsp.a(alt_sys_init.o)
                0x00000000000086b8                alt_irq_init
                0x00000000000086f0                alt_sys_init
 .text          0x0000000000008740       0xc0 ../Task2_hello_world_bsp/\libhal_bsp.a(altera_avalon_jtag_uart_fd.o)
                0x0000000000008740                altera_avalon_jtag_uart_read_fd
                0x00000000000087a0                altera_avalon_jtag_uart_write_fd
 .text          0x0000000000008800       0xec ../Task2_hello_world_bsp/\libhal_bsp.a(altera_avalon_jtag_uart_read.o)
                0x0000000000008800                altera_avalon_jtag_uart_read
 .text          0x00000000000088ec       0x94 ../Task2_hello_world_bsp/\libhal_bsp.a(altera_avalon_jtag_uart_write.o)
                0x00000000000088ec                altera_avalon_jtag_uart_write
 .text          0x0000000000008980       0xf4 ../Task2_hello_world_bsp/\libhal_bsp.a(altera_avalon_timer_sc.o)
                0x00000000000089f8                alt_avalon_timer_sc_init
 .text          0x0000000000008a74      0x114 ../Task2_hello_world_bsp/\libhal_bsp.a(alt_close.o)
                0x0000000000008ab0                close
 .text          0x0000000000008b88       0x20 ../Task2_hello_world_bsp/\libhal_bsp.a(alt_dcache_flush_all.o)
                0x0000000000008b88                alt_dcache_flush_all
 .text          0x0000000000008ba8       0x2c ../Task2_hello_world_bsp/\libhal_bsp.a(alt_dev.o)
 .text          0x0000000000008bd4       0xe0 ../Task2_hello_world_bsp/\libhal_bsp.a(alt_dev_llist_insert.o)
                0x0000000000008c10                alt_dev_llist_insert
 .text          0x0000000000008cb4        0x0 ../Task2_hello_world_bsp/\libhal_bsp.a(alt_errno.o)
 .text          0x0000000000008cb4       0x34 ../Task2_hello_world_bsp/\libhal_bsp.a(alt_icache_flush_all.o)
                0x0000000000008cb4                alt_icache_flush_all
 .text          0x0000000000008ce8      0x1b0 ../Task2_hello_world_bsp/\libhal_bsp.a(alt_iic.o)
                0x0000000000008ce8                alt_ic_isr_register
                0x0000000000008d38                alt_ic_irq_enable
                0x0000000000008dc0                alt_ic_irq_disable
                0x0000000000008e4c                alt_ic_irq_enabled
 .text          0x0000000000008e98       0xf0 ../Task2_hello_world_bsp/\libhal_bsp.a(alt_iic_isr_register.o)
                0x0000000000008e98                alt_iic_isr_register
 .text          0x0000000000008f88      0x160 ../Task2_hello_world_bsp/\libhal_bsp.a(alt_io_redirect.o)
                0x000000000000906c                alt_io_redirect
 .text          0x00000000000090e8        0x0 ../Task2_hello_world_bsp/\libhal_bsp.a(alt_irq_entry.o)
 .text          0x00000000000090e8        0x0 ../Task2_hello_world_bsp/\libhal_bsp.a(alt_irq_handler.o)
 .text          0x00000000000090e8        0x0 ../Task2_hello_world_bsp/\libhal_bsp.a(alt_irq_vars.o)
 .text          0x00000000000090e8      0x284 ../Task2_hello_world_bsp/\libhal_bsp.a(alt_open.o)
                0x0000000000009210                open
 .text          0x000000000000936c       0x84 ../Task2_hello_world_bsp/\libhal_bsp.a(alt_release_fd.o)
                0x000000000000936c                alt_release_fd
 .text          0x00000000000093f0      0x1a4 ../Task2_hello_world_bsp/\libhal_bsp.a(alt_tick.o)
                0x00000000000093f0                alt_alarm_stop
                0x000000000000948c                alt_tick
 .text          0x0000000000009594       0x24 ../Task2_hello_world_bsp/\libhal_bsp.a(altera_nios2_qsys_irq.o)
                0x0000000000009594                altera_nios2_qsys_irq_init
 .text          0x00000000000095b8        0x0 ../Task2_hello_world_bsp/\libhal_bsp.a(alt_exception_entry.o)
 .text          0x00000000000095b8       0x90 ../Task2_hello_world_bsp/\libhal_bsp.a(alt_find_dev.o)
                0x00000000000095b8                alt_find_dev
 .text          0x0000000000009648      0x108 ../Task2_hello_world_bsp/\libhal_bsp.a(alt_find_file.o)
                0x0000000000009648                alt_find_file
 .text          0x0000000000009750       0xc4 ../Task2_hello_world_bsp/\libhal_bsp.a(alt_get_fd.o)
                0x0000000000009750                alt_get_fd
 .text          0x0000000000009814       0x90 ../Task2_hello_world_bsp/\libhal_bsp.a(alt_icache_flush.o)
                0x0000000000009814                alt_icache_flush
 .text          0x00000000000098a4        0x0 c:/intelfpga/18.1/nios2eds/bin/gnu/h-x86_64-mingw32/bin/../lib/gcc/nios2-elf/5.3.0/../../../../../H-x86_64-mingw32/nios2-elf/lib/mno-hw-mul\libsmallc.a(lib_a-exit.o)
 .text.exit     0x00000000000098a4       0x20 c:/intelfpga/18.1/nios2eds/bin/gnu/h-x86_64-mingw32/bin/../lib/gcc/nios2-elf/5.3.0/../../../../../H-x86_64-mingw32/nios2-elf/lib/mno-hw-mul\libsmallc.a(lib_a-exit.o)
                0x00000000000098a4                exit
 .text          0x00000000000098c4        0x0 c:/intelfpga/18.1/nios2eds/bin/gnu/h-x86_64-mingw32/bin/../lib/gcc/nios2-elf/5.3.0/../../../../../H-x86_64-mingw32/nios2-elf/lib/mno-hw-mul\libsmallc.a(lib_a-memcmp.o)
 .text.memcmp   0x00000000000098c4       0x30 c:/intelfpga/18.1/nios2eds/bin/gnu/h-x86_64-mingw32/bin/../lib/gcc/nios2-elf/5.3.0/../../../../../H-x86_64-mingw32/nios2-elf/lib/mno-hw-mul\libsmallc.a(lib_a-memcmp.o)
                0x00000000000098c4                memcmp
 .text          0x00000000000098f4        0x0 c:/intelfpga/18.1/nios2eds/bin/gnu/h-x86_64-mingw32/bin/../lib/gcc/nios2-elf/5.3.0/../../../../../H-x86_64-mingw32/nios2-elf/lib/mno-hw-mul\libsmallc.a(lib_a-__call_atexit.o)
 .text.__call_exitprocs
                0x00000000000098f4      0x190 c:/intelfpga/18.1/nios2eds/bin/gnu/h-x86_64-mingw32/bin/../lib/gcc/nios2-elf/5.3.0/../../../../../H-x86_64-mingw32/nios2-elf/lib/mno-hw-mul\libsmallc.a(lib_a-__call_atexit.o)
                0x00000000000098f4                __call_exitprocs
 .text          0x0000000000009a84       0x28 c:/intelfpga/18.1/nios2eds/bin/gnu/h-x86_64-mingw32/bin/../lib/gcc/nios2-elf/5.3.0/mno-hw-mul\libgcc.a(lib2-mul.o)
                0x0000000000009a84                __mulsi3
 .text          0x0000000000009aac       0x34 ../Task2_hello_world_bsp/\libhal_bsp.a(alt_exit.o)
                0x0000000000009aac                _exit
 *(.gnu.warning.*)
 *(.fini)
                [!provide]                        PROVIDE (__etext, ABSOLUTE (.))
                [!provide]                        PROVIDE (_etext, ABSOLUTE (.))
                [!provide]                        PROVIDE (etext, ABSOLUTE (.))
 *(.eh_frame_hdr)
                0x0000000000009ae0                . = ALIGN (0x4)
                [!provide]                        PROVIDE (__preinit_array_start, ABSOLUTE (.))
 *(.preinit_array)
                [!provide]                        PROVIDE (__preinit_array_end, ABSOLUTE (.))
                [!provide]                        PROVIDE (__init_array_start, ABSOLUTE (.))
 *(.init_array)
                [!provide]                        PROVIDE (__init_array_end, ABSOLUTE (.))
                [!provide]                        PROVIDE (__fini_array_start, ABSOLUTE (.))
 *(.fini_array)
                [!provide]                        PROVIDE (__fini_array_end, ABSOLUTE (.))
 *(.eh_frame)
 *(.gcc_except_table .gcc_except_table.*)
 *(.dynamic)
                [!provide]                        PROVIDE (__CTOR_LIST__, ABSOLUTE (.))
 *(.ctors)
 *(SORT(.ctors.*))
                [!provide]                        PROVIDE (__CTOR_END__, ABSOLUTE (.))
                [!provide]                        PROVIDE (__DTOR_LIST__, ABSOLUTE (.))
 *(.dtors)
 *(SORT(.dtors.*))
                [!provide]                        PROVIDE (__DTOR_END__, ABSOLUTE (.))
 *(.jcr)
                0x0000000000009ae0                . = ALIGN (0x4)

.rodata         0x0000000000009ae0       0x44
                0x0000000000009ae0                PROVIDE (__ram_rodata_start, ABSOLUTE (.))
                0x0000000000009ae0                . = ALIGN (0x4)
 *(.rodata .rodata.* .gnu.linkonce.r.*)
 .rodata        0x0000000000009ae0       0x14 obj/default/hello_world.o
 .rodata.str1.4
                0x0000000000009af4        0x4 c:/intelfpga/18.1/nios2eds/bin/gnu/h-x86_64-mingw32/bin/../lib/gcc/nios2-elf/5.3.0/../../../../../H-x86_64-mingw32/nios2-elf/lib/mno-hw-mul\libsmallc.a(lib_a-puts.o)
                                          0x2 (size before relaxing)
 .rodata        0x0000000000009af8        0xf ../Task2_hello_world_bsp/\libhal_bsp.a(alt_main.o)
 *fill*         0x0000000000009b07        0x1 
 .rodata        0x0000000000009b08        0xf ../Task2_hello_world_bsp/\libhal_bsp.a(alt_sys_init.o)
 *fill*         0x0000000000009b17        0x1 
 .rodata        0x0000000000009b18        0xa ../Task2_hello_world_bsp/\libhal_bsp.a(alt_dev.o)
 *(.rodata1)
                0x0000000000009b24                . = ALIGN (0x4)
 *fill*         0x0000000000009b22        0x2 
                0x0000000000009b24                PROVIDE (__ram_rodata_end, ABSOLUTE (.))
                0x0000000000009ae0                PROVIDE (__flash_rodata_start, LOADADDR (.rodata))

.rwdata         0x0000000000009b24      0x2e0 load address 0x0000000000009e04
                0x0000000000009b24                PROVIDE (__ram_rwdata_start, ABSOLUTE (.))
                0x0000000000009b24                . = ALIGN (0x4)
 *(.got.plt)
 *(.got)
 *(.data1)
 *(.data .data.* .gnu.linkonce.d.*)
 .data          0x0000000000009b24        0x0 ../Task2_hello_world_bsp//obj/HAL/src/crt0.o
 .data          0x0000000000009b24        0x0 obj/default/hello_world.o
 .data          0x0000000000009b24        0x0 c:/intelfpga/18.1/nios2eds/bin/gnu/h-x86_64-mingw32/bin/../lib/gcc/nios2-elf/5.3.0/../../../../../H-x86_64-mingw32/nios2-elf/lib/mno-hw-mul\libsmallc.a(lib_a-puts.o)
 .data          0x0000000000009b24        0x0 c:/intelfpga/18.1/nios2eds/bin/gnu/h-x86_64-mingw32/bin/../lib/gcc/nios2-elf/5.3.0/../../../../../H-x86_64-mingw32/nios2-elf/lib/mno-hw-mul\libsmallc.a(lib_a-strlen.o)
 .data          0x0000000000009b24        0x0 c:/intelfpga/18.1/nios2eds/bin/gnu/h-x86_64-mingw32/bin/../lib/gcc/nios2-elf/5.3.0/../../../../../H-x86_64-mingw32/nios2-elf/lib/mno-hw-mul\libsmallc.a(lib_a-fvwrite_small_dev.o)
 .data          0x0000000000009b24        0x0 c:/intelfpga/18.1/nios2eds/bin/gnu/h-x86_64-mingw32/bin/../lib/gcc/nios2-elf/5.3.0/../../../../../H-x86_64-mingw32/nios2-elf/lib/mno-hw-mul\libsmallc.a(lib_a-impure.o)
 .data.impure_data
                0x0000000000009b24       0xe0 c:/intelfpga/18.1/nios2eds/bin/gnu/h-x86_64-mingw32/bin/../lib/gcc/nios2-elf/5.3.0/../../../../../H-x86_64-mingw32/nios2-elf/lib/mno-hw-mul\libsmallc.a(lib_a-impure.o)
 .data          0x0000000000009c04        0x0 c:/intelfpga/18.1/nios2eds/bin/gnu/h-x86_64-mingw32/bin/../lib/gcc/nios2-elf/5.3.0/../../../../../H-x86_64-mingw32/nios2-elf/lib/mno-hw-mul\libsmallc.a(lib_a-writer.o)
 .data          0x0000000000009c04        0x0 c:/intelfpga/18.1/nios2eds/bin/gnu/h-x86_64-mingw32/bin/../lib/gcc/nios2-elf/5.3.0/../../../../../H-x86_64-mingw32/nios2-elf/lib/mno-hw-mul\libsmallc.a(lib_a-int_errno.o)
 .data          0x0000000000009c04        0x0 ../Task2_hello_world_bsp/\libhal_bsp.a(alt_load.o)
 .data          0x0000000000009c04        0x0 ../Task2_hello_world_bsp/\libhal_bsp.a(alt_main.o)
 .data          0x0000000000009c04        0x0 ../Task2_hello_world_bsp/\libhal_bsp.a(alt_write.o)
 .data          0x0000000000009c04       0x2c ../Task2_hello_world_bsp/\libhal_bsp.a(alt_sys_init.o)
 .data          0x0000000000009c30        0x0 ../Task2_hello_world_bsp/\libhal_bsp.a(altera_avalon_jtag_uart_fd.o)
 .data          0x0000000000009c30        0x0 ../Task2_hello_world_bsp/\libhal_bsp.a(altera_avalon_jtag_uart_read.o)
 .data          0x0000000000009c30        0x0 ../Task2_hello_world_bsp/\libhal_bsp.a(altera_avalon_jtag_uart_write.o)
 .data          0x0000000000009c30        0x0 ../Task2_hello_world_bsp/\libhal_bsp.a(altera_avalon_timer_sc.o)
 .data          0x0000000000009c30        0x0 ../Task2_hello_world_bsp/\libhal_bsp.a(alt_close.o)
 .data          0x0000000000009c30        0x0 ../Task2_hello_world_bsp/\libhal_bsp.a(alt_dcache_flush_all.o)
 .data          0x0000000000009c30      0x1a8 ../Task2_hello_world_bsp/\libhal_bsp.a(alt_dev.o)
                0x0000000000009c30                alt_dev_null
                0x0000000000009c58                alt_fd_list
 .data          0x0000000000009dd8        0x0 ../Task2_hello_world_bsp/\libhal_bsp.a(alt_dev_llist_insert.o)
 .data          0x0000000000009dd8        0x0 ../Task2_hello_world_bsp/\libhal_bsp.a(alt_errno.o)
 .data          0x0000000000009dd8        0x0 ../Task2_hello_world_bsp/\libhal_bsp.a(alt_icache_flush_all.o)
 .data          0x0000000000009dd8        0x0 ../Task2_hello_world_bsp/\libhal_bsp.a(alt_iic.o)
 .data          0x0000000000009dd8        0x0 ../Task2_hello_world_bsp/\libhal_bsp.a(alt_iic_isr_register.o)
 .data          0x0000000000009dd8        0x0 ../Task2_hello_world_bsp/\libhal_bsp.a(alt_io_redirect.o)
 .data          0x0000000000009dd8        0x0 ../Task2_hello_world_bsp/\libhal_bsp.a(alt_irq_entry.o)
 .data          0x0000000000009dd8        0x0 ../Task2_hello_world_bsp/\libhal_bsp.a(alt_irq_handler.o)
 .data          0x0000000000009dd8        0x0 ../Task2_hello_world_bsp/\libhal_bsp.a(alt_irq_vars.o)
 .data          0x0000000000009dd8        0x0 ../Task2_hello_world_bsp/\libhal_bsp.a(alt_open.o)
 .data          0x0000000000009dd8        0x0 ../Task2_hello_world_bsp/\libhal_bsp.a(alt_release_fd.o)
 .data          0x0000000000009dd8        0x0 ../Task2_hello_world_bsp/\libhal_bsp.a(alt_tick.o)
 .data          0x0000000000009dd8        0x0 ../Task2_hello_world_bsp/\libhal_bsp.a(altera_nios2_qsys_irq.o)
 .data          0x0000000000009dd8        0x0 ../Task2_hello_world_bsp/\libhal_bsp.a(alt_exception_entry.o)
 .data          0x0000000000009dd8        0x0 ../Task2_hello_world_bsp/\libhal_bsp.a(alt_find_dev.o)
 .data          0x0000000000009dd8        0x0 ../Task2_hello_world_bsp/\libhal_bsp.a(alt_find_file.o)
 .data          0x0000000000009dd8        0x0 ../Task2_hello_world_bsp/\libhal_bsp.a(alt_get_fd.o)
 .data          0x0000000000009dd8        0x0 ../Task2_hello_world_bsp/\libhal_bsp.a(alt_icache_flush.o)
 .data          0x0000000000009dd8        0x0 c:/intelfpga/18.1/nios2eds/bin/gnu/h-x86_64-mingw32/bin/../lib/gcc/nios2-elf/5.3.0/../../../../../H-x86_64-mingw32/nios2-elf/lib/mno-hw-mul\libsmallc.a(lib_a-exit.o)
 .data          0x0000000000009dd8        0x0 c:/intelfpga/18.1/nios2eds/bin/gnu/h-x86_64-mingw32/bin/../lib/gcc/nios2-elf/5.3.0/../../../../../H-x86_64-mingw32/nios2-elf/lib/mno-hw-mul\libsmallc.a(lib_a-memcmp.o)
 .data          0x0000000000009dd8        0x0 c:/intelfpga/18.1/nios2eds/bin/gnu/h-x86_64-mingw32/bin/../lib/gcc/nios2-elf/5.3.0/../../../../../H-x86_64-mingw32/nios2-elf/lib/mno-hw-mul\libsmallc.a(lib_a-__call_atexit.o)
 .data          0x0000000000009dd8        0x0 c:/intelfpga/18.1/nios2eds/bin/gnu/h-x86_64-mingw32/bin/../lib/gcc/nios2-elf/5.3.0/mno-hw-mul\libgcc.a(lib2-mul.o)
 .data          0x0000000000009dd8        0x0 ../Task2_hello_world_bsp/\libhal_bsp.a(alt_exit.o)
                0x0000000000011dd8                _gp = ABSOLUTE ((. + 0x8000))
                [!provide]                        PROVIDE (gp, _gp)
 *(.rwdata .rwdata.*)
 *(.sdata .sdata.* .gnu.linkonce.s.*)
 .sdata._global_impure_ptr
                0x0000000000009dd8        0x4 c:/intelfpga/18.1/nios2eds/bin/gnu/h-x86_64-mingw32/bin/../lib/gcc/nios2-elf/5.3.0/../../../../../H-x86_64-mingw32/nios2-elf/lib/mno-hw-mul\libsmallc.a(lib_a-impure.o)
                0x0000000000009dd8                _global_impure_ptr
 .sdata._impure_ptr
                0x0000000000009ddc        0x4 c:/intelfpga/18.1/nios2eds/bin/gnu/h-x86_64-mingw32/bin/../lib/gcc/nios2-elf/5.3.0/../../../../../H-x86_64-mingw32/nios2-elf/lib/mno-hw-mul\libsmallc.a(lib_a-impure.o)
                0x0000000000009ddc                _impure_ptr
 .sdata         0x0000000000009de0       0x14 ../Task2_hello_world_bsp/\libhal_bsp.a(alt_dev.o)
                0x0000000000009de0                alt_fs_list
                0x0000000000009de8                alt_dev_list
                0x0000000000009df0                alt_max_fd
 .sdata         0x0000000000009df4        0x4 ../Task2_hello_world_bsp/\libhal_bsp.a(alt_errno.o)
                0x0000000000009df4                alt_errno
 .sdata         0x0000000000009df8        0x4 ../Task2_hello_world_bsp/\libhal_bsp.a(alt_irq_vars.o)
                0x0000000000009df8                alt_priority_mask
 .sdata         0x0000000000009dfc        0x8 ../Task2_hello_world_bsp/\libhal_bsp.a(alt_tick.o)
                0x0000000000009dfc                alt_alarm_list
 *(.sdata2 .sdata2.* .gnu.linkonce.s2.*)
                0x0000000000009e04                . = ALIGN (0x4)
                0x0000000000009e04                _edata = ABSOLUTE (.)
                [!provide]                        PROVIDE (edata, ABSOLUTE (.))
                0x0000000000009e04                PROVIDE (__ram_rwdata_end, ABSOLUTE (.))
                0x0000000000009e04                PROVIDE (__flash_rwdata_start, LOADADDR (.rwdata))

.bss            0x000000000000a0e4      0x11c
                0x000000000000a0e4                __bss_start = ABSOLUTE (.)
                [!provide]                        PROVIDE (__sbss_start, ABSOLUTE (.))
                [!provide]                        PROVIDE (___sbss_start, ABSOLUTE (.))
 *(.dynsbss)
 *(.sbss .sbss.* .gnu.linkonce.sb.*)
 .sbss          0x000000000000a0e4        0x4 c:/intelfpga/18.1/nios2eds/bin/gnu/h-x86_64-mingw32/bin/../lib/gcc/nios2-elf/5.3.0/../../../../../H-x86_64-mingw32/nios2-elf/lib/mno-hw-mul\libsmallc.a(lib_a-int_errno.o)
                0x000000000000a0e4                errno
 .sbss          0x000000000000a0e8        0xc ../Task2_hello_world_bsp/\libhal_bsp.a(alt_main.o)
                0x000000000000a0e8                alt_argc
                0x000000000000a0ec                alt_argv
                0x000000000000a0f0                alt_envp
 .sbss          0x000000000000a0f4        0x4 ../Task2_hello_world_bsp/\libhal_bsp.a(alt_irq_vars.o)
                0x000000000000a0f4                alt_irq_active
 .sbss          0x000000000000a0f8        0x8 ../Task2_hello_world_bsp/\libhal_bsp.a(alt_tick.o)
                0x000000000000a0f8                _alt_tick_rate
                0x000000000000a0fc                _alt_nticks
 *(.sbss2 .sbss2.* .gnu.linkonce.sb2.*)
 *(.scommon)
                [!provide]                        PROVIDE (__sbss_end, ABSOLUTE (.))
                [!provide]                        PROVIDE (___sbss_end, ABSOLUTE (.))
 *(.dynbss)
 *(.bss .bss.* .gnu.linkonce.b.*)
 .bss           0x000000000000a100        0x0 ../Task2_hello_world_bsp//obj/HAL/src/crt0.o
 .bss           0x000000000000a100        0x0 obj/default/hello_world.o
 .bss           0x000000000000a100        0x0 c:/intelfpga/18.1/nios2eds/bin/gnu/h-x86_64-mingw32/bin/../lib/gcc/nios2-elf/5.3.0/../../../../../H-x86_64-mingw32/nios2-elf/lib/mno-hw-mul\libsmallc.a(lib_a-puts.o)
 .bss           0x000000000000a100        0x0 c:/intelfpga/18.1/nios2eds/bin/gnu/h-x86_64-mingw32/bin/../lib/gcc/nios2-elf/5.3.0/../../../../../H-x86_64-mingw32/nios2-elf/lib/mno-hw-mul\libsmallc.a(lib_a-strlen.o)
 .bss           0x000000000000a100        0x0 c:/intelfpga/18.1/nios2eds/bin/gnu/h-x86_64-mingw32/bin/../lib/gcc/nios2-elf/5.3.0/../../../../../H-x86_64-mingw32/nios2-elf/lib/mno-hw-mul\libsmallc.a(lib_a-fvwrite_small_dev.o)
 .bss           0x000000000000a100        0x0 c:/intelfpga/18.1/nios2eds/bin/gnu/h-x86_64-mingw32/bin/../lib/gcc/nios2-elf/5.3.0/../../../../../H-x86_64-mingw32/nios2-elf/lib/mno-hw-mul\libsmallc.a(lib_a-impure.o)
 .bss           0x000000000000a100        0x0 c:/intelfpga/18.1/nios2eds/bin/gnu/h-x86_64-mingw32/bin/../lib/gcc/nios2-elf/5.3.0/../../../../../H-x86_64-mingw32/nios2-elf/lib/mno-hw-mul\libsmallc.a(lib_a-writer.o)
 .bss           0x000000000000a100        0x0 c:/intelfpga/18.1/nios2eds/bin/gnu/h-x86_64-mingw32/bin/../lib/gcc/nios2-elf/5.3.0/../../../../../H-x86_64-mingw32/nios2-elf/lib/mno-hw-mul\libsmallc.a(lib_a-int_errno.o)
 .bss           0x000000000000a100        0x0 ../Task2_hello_world_bsp/\libhal_bsp.a(alt_load.o)
 .bss           0x000000000000a100        0x0 ../Task2_hello_world_bsp/\libhal_bsp.a(alt_main.o)
 .bss           0x000000000000a100        0x0 ../Task2_hello_world_bsp/\libhal_bsp.a(alt_write.o)
 .bss           0x000000000000a100        0x0 ../Task2_hello_world_bsp/\libhal_bsp.a(alt_sys_init.o)
 .bss           0x000000000000a100        0x0 ../Task2_hello_world_bsp/\libhal_bsp.a(altera_avalon_jtag_uart_fd.o)
 .bss           0x000000000000a100        0x0 ../Task2_hello_world_bsp/\libhal_bsp.a(altera_avalon_jtag_uart_read.o)
 .bss           0x000000000000a100        0x0 ../Task2_hello_world_bsp/\libhal_bsp.a(altera_avalon_jtag_uart_write.o)
 .bss           0x000000000000a100        0x0 ../Task2_hello_world_bsp/\libhal_bsp.a(altera_avalon_timer_sc.o)
 .bss           0x000000000000a100        0x0 ../Task2_hello_world_bsp/\libhal_bsp.a(alt_close.o)
 .bss           0x000000000000a100        0x0 ../Task2_hello_world_bsp/\libhal_bsp.a(alt_dcache_flush_all.o)
 .bss           0x000000000000a100        0x0 ../Task2_hello_world_bsp/\libhal_bsp.a(alt_dev.o)
 .bss           0x000000000000a100        0x0 ../Task2_hello_world_bsp/\libhal_bsp.a(alt_dev_llist_insert.o)
 .bss           0x000000000000a100        0x0 ../Task2_hello_world_bsp/\libhal_bsp.a(alt_errno.o)
 .bss           0x000000000000a100        0x0 ../Task2_hello_world_bsp/\libhal_bsp.a(alt_icache_flush_all.o)
 .bss           0x000000000000a100        0x0 ../Task2_hello_world_bsp/\libhal_bsp.a(alt_iic.o)
 .bss           0x000000000000a100        0x0 ../Task2_hello_world_bsp/\libhal_bsp.a(alt_iic_isr_register.o)
 .bss           0x000000000000a100        0x0 ../Task2_hello_world_bsp/\libhal_bsp.a(alt_io_redirect.o)
 .bss           0x000000000000a100        0x0 ../Task2_hello_world_bsp/\libhal_bsp.a(alt_irq_entry.o)
 .bss           0x000000000000a100        0x0 ../Task2_hello_world_bsp/\libhal_bsp.a(alt_irq_handler.o)
 .bss           0x000000000000a100        0x0 ../Task2_hello_world_bsp/\libhal_bsp.a(alt_irq_vars.o)
 .bss           0x000000000000a100        0x0 ../Task2_hello_world_bsp/\libhal_bsp.a(alt_open.o)
 .bss           0x000000000000a100        0x0 ../Task2_hello_world_bsp/\libhal_bsp.a(alt_release_fd.o)
 .bss           0x000000000000a100        0x0 ../Task2_hello_world_bsp/\libhal_bsp.a(alt_tick.o)
 .bss           0x000000000000a100        0x0 ../Task2_hello_world_bsp/\libhal_bsp.a(altera_nios2_qsys_irq.o)
 .bss           0x000000000000a100        0x0 ../Task2_hello_world_bsp/\libhal_bsp.a(alt_exception_entry.o)
 .bss           0x000000000000a100        0x0 ../Task2_hello_world_bsp/\libhal_bsp.a(alt_find_dev.o)
 .bss           0x000000000000a100        0x0 ../Task2_hello_world_bsp/\libhal_bsp.a(alt_find_file.o)
 .bss           0x000000000000a100        0x0 ../Task2_hello_world_bsp/\libhal_bsp.a(alt_get_fd.o)
 .bss           0x000000000000a100        0x0 ../Task2_hello_world_bsp/\libhal_bsp.a(alt_icache_flush.o)
 .bss           0x000000000000a100        0x0 c:/intelfpga/18.1/nios2eds/bin/gnu/h-x86_64-mingw32/bin/../lib/gcc/nios2-elf/5.3.0/../../../../../H-x86_64-mingw32/nios2-elf/lib/mno-hw-mul\libsmallc.a(lib_a-exit.o)
 .bss           0x000000000000a100        0x0 c:/intelfpga/18.1/nios2eds/bin/gnu/h-x86_64-mingw32/bin/../lib/gcc/nios2-elf/5.3.0/../../../../../H-x86_64-mingw32/nios2-elf/lib/mno-hw-mul\libsmallc.a(lib_a-memcmp.o)
 .bss           0x000000000000a100        0x0 c:/intelfpga/18.1/nios2eds/bin/gnu/h-x86_64-mingw32/bin/../lib/gcc/nios2-elf/5.3.0/../../../../../H-x86_64-mingw32/nios2-elf/lib/mno-hw-mul\libsmallc.a(lib_a-__call_atexit.o)
 .bss           0x000000000000a100        0x0 c:/intelfpga/18.1/nios2eds/bin/gnu/h-x86_64-mingw32/bin/../lib/gcc/nios2-elf/5.3.0/mno-hw-mul\libgcc.a(lib2-mul.o)
 .bss           0x000000000000a100        0x0 ../Task2_hello_world_bsp/\libhal_bsp.a(alt_exit.o)
 *(COMMON)
 COMMON         0x000000000000a100      0x100 ../Task2_hello_world_bsp/\libhal_bsp.a(alt_irq_handler.o)
                0x000000000000a100                alt_irq
                0x000000000000a200                . = ALIGN (0x4)
                0x000000000000a200                __bss_end = ABSOLUTE (.)

.onchip_mem     0x000000000000a200        0x0
                [!provide]                        PROVIDE (_alt_partition_onchip_mem_start, ABSOLUTE (.))
 *(.onchip_mem .onchip_mem. onchip_mem.*)
                0x000000000000a200                . = ALIGN (0x4)
                [!provide]                        PROVIDE (_alt_partition_onchip_mem_end, ABSOLUTE (.))
                0x000000000000a200                _end = ABSOLUTE (.)
                0x000000000000a200                end = ABSOLUTE (.)
                0x000000000000a200                __alt_stack_base = ABSOLUTE (.)
                [!provide]                        PROVIDE (_alt_partition_onchip_mem_load_addr, LOADADDR (.onchip_mem))

.stab
 *(.stab)

.stabstr
 *(.stabstr)

.stab.excl
 *(.stab.excl)

.stab.exclstr
 *(.stab.exclstr)

.stab.index
 *(.stab.index)

.stab.indexstr
 *(.stab.indexstr)

.comment        0x0000000000000000       0x23
 *(.comment)
 .comment       0x0000000000000000       0x23 obj/default/hello_world.o
                                         0x24 (size before relaxing)
 .comment       0x0000000000000023       0x24 c:/intelfpga/18.1/nios2eds/bin/gnu/h-x86_64-mingw32/bin/../lib/gcc/nios2-elf/5.3.0/../../../../../H-x86_64-mingw32/nios2-elf/lib/mno-hw-mul\libsmallc.a(lib_a-puts.o)
 .comment       0x0000000000000023       0x24 c:/intelfpga/18.1/nios2eds/bin/gnu/h-x86_64-mingw32/bin/../lib/gcc/nios2-elf/5.3.0/../../../../../H-x86_64-mingw32/nios2-elf/lib/mno-hw-mul\libsmallc.a(lib_a-strlen.o)
 .comment       0x0000000000000023       0x24 c:/intelfpga/18.1/nios2eds/bin/gnu/h-x86_64-mingw32/bin/../lib/gcc/nios2-elf/5.3.0/../../../../../H-x86_64-mingw32/nios2-elf/lib/mno-hw-mul\libsmallc.a(lib_a-fvwrite_small_dev.o)
 .comment       0x0000000000000023       0x24 c:/intelfpga/18.1/nios2eds/bin/gnu/h-x86_64-mingw32/bin/../lib/gcc/nios2-elf/5.3.0/../../../../../H-x86_64-mingw32/nios2-elf/lib/mno-hw-mul\libsmallc.a(lib_a-impure.o)
 .comment       0x0000000000000023       0x24 c:/intelfpga/18.1/nios2eds/bin/gnu/h-x86_64-mingw32/bin/../lib/gcc/nios2-elf/5.3.0/../../../../../H-x86_64-mingw32/nios2-elf/lib/mno-hw-mul\libsmallc.a(lib_a-writer.o)
 .comment       0x0000000000000023       0x24 c:/intelfpga/18.1/nios2eds/bin/gnu/h-x86_64-mingw32/bin/../lib/gcc/nios2-elf/5.3.0/../../../../../H-x86_64-mingw32/nios2-elf/lib/mno-hw-mul\libsmallc.a(lib_a-int_errno.o)
 .comment       0x0000000000000023       0x24 ../Task2_hello_world_bsp/\libhal_bsp.a(alt_load.o)
 .comment       0x0000000000000023       0x24 ../Task2_hello_world_bsp/\libhal_bsp.a(alt_main.o)
 .comment       0x0000000000000023       0x24 ../Task2_hello_world_bsp/\libhal_bsp.a(alt_write.o)
 .comment       0x0000000000000023       0x24 ../Task2_hello_world_bsp/\libhal_bsp.a(alt_sys_init.o)
 .comment       0x0000000000000023       0x24 ../Task2_hello_world_bsp/\libhal_bsp.a(altera_avalon_jtag_uart_fd.o)
 .comment       0x0000000000000023       0x24 ../Task2_hello_world_bsp/\libhal_bsp.a(altera_avalon_jtag_uart_read.o)
 .comment       0x0000000000000023       0x24 ../Task2_hello_world_bsp/\libhal_bsp.a(altera_avalon_jtag_uart_write.o)
 .comment       0x0000000000000023       0x24 ../Task2_hello_world_bsp/\libhal_bsp.a(altera_avalon_timer_sc.o)
 .comment       0x0000000000000023       0x24 ../Task2_hello_world_bsp/\libhal_bsp.a(alt_close.o)
 .comment       0x0000000000000023       0x24 ../Task2_hello_world_bsp/\libhal_bsp.a(alt_dcache_flush_all.o)
 .comment       0x0000000000000023       0x24 ../Task2_hello_world_bsp/\libhal_bsp.a(alt_dev.o)
 .comment       0x0000000000000023       0x24 ../Task2_hello_world_bsp/\libhal_bsp.a(alt_dev_llist_insert.o)
 .comment       0x0000000000000023       0x24 ../Task2_hello_world_bsp/\libhal_bsp.a(alt_errno.o)
 .comment       0x0000000000000023       0x24 ../Task2_hello_world_bsp/\libhal_bsp.a(alt_icache_flush_all.o)
 .comment       0x0000000000000023       0x24 ../Task2_hello_world_bsp/\libhal_bsp.a(alt_iic.o)
 .comment       0x0000000000000023       0x24 ../Task2_hello_world_bsp/\libhal_bsp.a(alt_iic_isr_register.o)
 .comment       0x0000000000000023       0x24 ../Task2_hello_world_bsp/\libhal_bsp.a(alt_io_redirect.o)
 .comment       0x0000000000000023       0x24 ../Task2_hello_world_bsp/\libhal_bsp.a(alt_irq_handler.o)
 .comment       0x0000000000000023       0x24 ../Task2_hello_world_bsp/\libhal_bsp.a(alt_irq_vars.o)
 .comment       0x0000000000000023       0x24 ../Task2_hello_world_bsp/\libhal_bsp.a(alt_open.o)
 .comment       0x0000000000000023       0x24 ../Task2_hello_world_bsp/\libhal_bsp.a(alt_release_fd.o)
 .comment       0x0000000000000023       0x24 ../Task2_hello_world_bsp/\libhal_bsp.a(alt_tick.o)
 .comment       0x0000000000000023       0x24 ../Task2_hello_world_bsp/\libhal_bsp.a(altera_nios2_qsys_irq.o)
 .comment       0x0000000000000023       0x24 ../Task2_hello_world_bsp/\libhal_bsp.a(alt_find_dev.o)
 .comment       0x0000000000000023       0x24 ../Task2_hello_world_bsp/\libhal_bsp.a(alt_find_file.o)
 .comment       0x0000000000000023       0x24 ../Task2_hello_world_bsp/\libhal_bsp.a(alt_get_fd.o)
 .comment       0x0000000000000023       0x24 ../Task2_hello_world_bsp/\libhal_bsp.a(alt_icache_flush.o)
 .comment       0x0000000000000023       0x24 c:/intelfpga/18.1/nios2eds/bin/gnu/h-x86_64-mingw32/bin/../lib/gcc/nios2-elf/5.3.0/../../../../../H-x86_64-mingw32/nios2-elf/lib/mno-hw-mul\libsmallc.a(lib_a-exit.o)
 .comment       0x0000000000000023       0x24 c:/intelfpga/18.1/nios2eds/bin/gnu/h-x86_64-mingw32/bin/../lib/gcc/nios2-elf/5.3.0/../../../../../H-x86_64-mingw32/nios2-elf/lib/mno-hw-mul\libsmallc.a(lib_a-memcmp.o)
 .comment       0x0000000000000023       0x24 c:/intelfpga/18.1/nios2eds/bin/gnu/h-x86_64-mingw32/bin/../lib/gcc/nios2-elf/5.3.0/../../../../../H-x86_64-mingw32/nios2-elf/lib/mno-hw-mul\libsmallc.a(lib_a-__call_atexit.o)
 .comment       0x0000000000000023       0x24 c:/intelfpga/18.1/nios2eds/bin/gnu/h-x86_64-mingw32/bin/../lib/gcc/nios2-elf/5.3.0/mno-hw-mul\libgcc.a(lib2-mul.o)
 .comment       0x0000000000000023       0x24 ../Task2_hello_world_bsp/\libhal_bsp.a(alt_exit.o)

.debug
 *(.debug)

.line
 *(.line)

.debug_srcinfo
 *(.debug_srcinfo)

.debug_sfnames
 *(.debug_sfnames)

.debug_aranges  0x0000000000000000      0x558
 *(.debug_aranges)
 .debug_aranges
                0x0000000000000000       0x28 ../Task2_hello_world_bsp//obj/HAL/src/crt0.o
 .debug_aranges
                0x0000000000000028       0x20 obj/default/hello_world.o
 .debug_aranges
                0x0000000000000048       0x28 c:/intelfpga/18.1/nios2eds/bin/gnu/h-x86_64-mingw32/bin/../lib/gcc/nios2-elf/5.3.0/../../../../../H-x86_64-mingw32/nios2-elf/lib/mno-hw-mul\libsmallc.a(lib_a-puts.o)
 .debug_aranges
                0x0000000000000070       0x20 c:/intelfpga/18.1/nios2eds/bin/gnu/h-x86_64-mingw32/bin/../lib/gcc/nios2-elf/5.3.0/../../../../../H-x86_64-mingw32/nios2-elf/lib/mno-hw-mul\libsmallc.a(lib_a-strlen.o)
 .debug_aranges
                0x0000000000000090       0x20 c:/intelfpga/18.1/nios2eds/bin/gnu/h-x86_64-mingw32/bin/../lib/gcc/nios2-elf/5.3.0/../../../../../H-x86_64-mingw32/nios2-elf/lib/mno-hw-mul\libsmallc.a(lib_a-fvwrite_small_dev.o)
 .debug_aranges
                0x00000000000000b0       0x18 c:/intelfpga/18.1/nios2eds/bin/gnu/h-x86_64-mingw32/bin/../lib/gcc/nios2-elf/5.3.0/../../../../../H-x86_64-mingw32/nios2-elf/lib/mno-hw-mul\libsmallc.a(lib_a-impure.o)
 .debug_aranges
                0x00000000000000c8       0x20 c:/intelfpga/18.1/nios2eds/bin/gnu/h-x86_64-mingw32/bin/../lib/gcc/nios2-elf/5.3.0/../../../../../H-x86_64-mingw32/nios2-elf/lib/mno-hw-mul\libsmallc.a(lib_a-writer.o)
 .debug_aranges
                0x00000000000000e8       0x18 c:/intelfpga/18.1/nios2eds/bin/gnu/h-x86_64-mingw32/bin/../lib/gcc/nios2-elf/5.3.0/../../../../../H-x86_64-mingw32/nios2-elf/lib/mno-hw-mul\libsmallc.a(lib_a-int_errno.o)
 .debug_aranges
                0x0000000000000100       0x20 ../Task2_hello_world_bsp/\libhal_bsp.a(alt_load.o)
 .debug_aranges
                0x0000000000000120       0x20 ../Task2_hello_world_bsp/\libhal_bsp.a(alt_main.o)
 .debug_aranges
                0x0000000000000140       0x20 ../Task2_hello_world_bsp/\libhal_bsp.a(alt_write.o)
 .debug_aranges
                0x0000000000000160       0x20 ../Task2_hello_world_bsp/\libhal_bsp.a(alt_sys_init.o)
 .debug_aranges
                0x0000000000000180       0x20 ../Task2_hello_world_bsp/\libhal_bsp.a(altera_avalon_jtag_uart_fd.o)
 .debug_aranges
                0x00000000000001a0       0x20 ../Task2_hello_world_bsp/\libhal_bsp.a(altera_avalon_jtag_uart_read.o)
 .debug_aranges
                0x00000000000001c0       0x20 ../Task2_hello_world_bsp/\libhal_bsp.a(altera_avalon_jtag_uart_write.o)
 .debug_aranges
                0x00000000000001e0       0x20 ../Task2_hello_world_bsp/\libhal_bsp.a(altera_avalon_timer_sc.o)
 .debug_aranges
                0x0000000000000200       0x20 ../Task2_hello_world_bsp/\libhal_bsp.a(alt_close.o)
 .debug_aranges
                0x0000000000000220       0x20 ../Task2_hello_world_bsp/\libhal_bsp.a(alt_dcache_flush_all.o)
 .debug_aranges
                0x0000000000000240       0x20 ../Task2_hello_world_bsp/\libhal_bsp.a(alt_dev.o)
 .debug_aranges
                0x0000000000000260       0x20 ../Task2_hello_world_bsp/\libhal_bsp.a(alt_dev_llist_insert.o)
 .debug_aranges
                0x0000000000000280       0x18 ../Task2_hello_world_bsp/\libhal_bsp.a(alt_errno.o)
 .debug_aranges
                0x0000000000000298       0x20 ../Task2_hello_world_bsp/\libhal_bsp.a(alt_icache_flush_all.o)
 .debug_aranges
                0x00000000000002b8       0x20 ../Task2_hello_world_bsp/\libhal_bsp.a(alt_iic.o)
 .debug_aranges
                0x00000000000002d8       0x20 ../Task2_hello_world_bsp/\libhal_bsp.a(alt_iic_isr_register.o)
 .debug_aranges
                0x00000000000002f8       0x20 ../Task2_hello_world_bsp/\libhal_bsp.a(alt_io_redirect.o)
 .debug_aranges
                0x0000000000000318       0x30 ../Task2_hello_world_bsp/\libhal_bsp.a(alt_irq_entry.o)
 .debug_aranges
                0x0000000000000348       0x20 ../Task2_hello_world_bsp/\libhal_bsp.a(alt_irq_handler.o)
 .debug_aranges
                0x0000000000000368       0x18 ../Task2_hello_world_bsp/\libhal_bsp.a(alt_irq_vars.o)
 .debug_aranges
                0x0000000000000380       0x20 ../Task2_hello_world_bsp/\libhal_bsp.a(alt_open.o)
 .debug_aranges
                0x00000000000003a0       0x20 ../Task2_hello_world_bsp/\libhal_bsp.a(alt_release_fd.o)
 .debug_aranges
                0x00000000000003c0       0x20 ../Task2_hello_world_bsp/\libhal_bsp.a(alt_tick.o)
 .debug_aranges
                0x00000000000003e0       0x20 ../Task2_hello_world_bsp/\libhal_bsp.a(altera_nios2_qsys_irq.o)
 .debug_aranges
                0x0000000000000400       0x38 ../Task2_hello_world_bsp/\libhal_bsp.a(alt_exception_entry.o)
 .debug_aranges
                0x0000000000000438       0x20 ../Task2_hello_world_bsp/\libhal_bsp.a(alt_find_dev.o)
 .debug_aranges
                0x0000000000000458       0x20 ../Task2_hello_world_bsp/\libhal_bsp.a(alt_find_file.o)
 .debug_aranges
                0x0000000000000478       0x20 ../Task2_hello_world_bsp/\libhal_bsp.a(alt_get_fd.o)
 .debug_aranges
                0x0000000000000498       0x20 ../Task2_hello_world_bsp/\libhal_bsp.a(alt_icache_flush.o)
 .debug_aranges
                0x00000000000004b8       0x20 c:/intelfpga/18.1/nios2eds/bin/gnu/h-x86_64-mingw32/bin/../lib/gcc/nios2-elf/5.3.0/../../../../../H-x86_64-mingw32/nios2-elf/lib/mno-hw-mul\libsmallc.a(lib_a-exit.o)
 .debug_aranges
                0x00000000000004d8       0x20 c:/intelfpga/18.1/nios2eds/bin/gnu/h-x86_64-mingw32/bin/../lib/gcc/nios2-elf/5.3.0/../../../../../H-x86_64-mingw32/nios2-elf/lib/mno-hw-mul\libsmallc.a(lib_a-memcmp.o)
 .debug_aranges
                0x00000000000004f8       0x20 c:/intelfpga/18.1/nios2eds/bin/gnu/h-x86_64-mingw32/bin/../lib/gcc/nios2-elf/5.3.0/../../../../../H-x86_64-mingw32/nios2-elf/lib/mno-hw-mul\libsmallc.a(lib_a-__call_atexit.o)
 .debug_aranges
                0x0000000000000518       0x20 c:/intelfpga/18.1/nios2eds/bin/gnu/h-x86_64-mingw32/bin/../lib/gcc/nios2-elf/5.3.0/mno-hw-mul\libgcc.a(lib2-mul.o)
 .debug_aranges
                0x0000000000000538       0x20 ../Task2_hello_world_bsp/\libhal_bsp.a(alt_exit.o)

.debug_pubnames
 *(.debug_pubnames)

.debug_info     0x0000000000000000     0x64bf
 *(.debug_info .gnu.linkonce.wi.*)
 .debug_info    0x0000000000000000       0x97 ../Task2_hello_world_bsp//obj/HAL/src/crt0.o
 .debug_info    0x0000000000000097       0x96 obj/default/hello_world.o
 .debug_info    0x000000000000012d      0x66d c:/intelfpga/18.1/nios2eds/bin/gnu/h-x86_64-mingw32/bin/../lib/gcc/nios2-elf/5.3.0/../../../../../H-x86_64-mingw32/nios2-elf/lib/mno-hw-mul\libsmallc.a(lib_a-puts.o)
 .debug_info    0x000000000000079a       0xc9 c:/intelfpga/18.1/nios2eds/bin/gnu/h-x86_64-mingw32/bin/../lib/gcc/nios2-elf/5.3.0/../../../../../H-x86_64-mingw32/nios2-elf/lib/mno-hw-mul\libsmallc.a(lib_a-strlen.o)
 .debug_info    0x0000000000000863      0x62b c:/intelfpga/18.1/nios2eds/bin/gnu/h-x86_64-mingw32/bin/../lib/gcc/nios2-elf/5.3.0/../../../../../H-x86_64-mingw32/nios2-elf/lib/mno-hw-mul\libsmallc.a(lib_a-fvwrite_small_dev.o)
 .debug_info    0x0000000000000e8e      0x5a9 c:/intelfpga/18.1/nios2eds/bin/gnu/h-x86_64-mingw32/bin/../lib/gcc/nios2-elf/5.3.0/../../../../../H-x86_64-mingw32/nios2-elf/lib/mno-hw-mul\libsmallc.a(lib_a-impure.o)
 .debug_info    0x0000000000001437      0x630 c:/intelfpga/18.1/nios2eds/bin/gnu/h-x86_64-mingw32/bin/../lib/gcc/nios2-elf/5.3.0/../../../../../H-x86_64-mingw32/nios2-elf/lib/mno-hw-mul\libsmallc.a(lib_a-writer.o)
 .debug_info    0x0000000000001a67       0x8a c:/intelfpga/18.1/nios2eds/bin/gnu/h-x86_64-mingw32/bin/../lib/gcc/nios2-elf/5.3.0/../../../../../H-x86_64-mingw32/nios2-elf/lib/mno-hw-mul\libsmallc.a(lib_a-int_errno.o)
 .debug_info    0x0000000000001af1      0x145 ../Task2_hello_world_bsp/\libhal_bsp.a(alt_load.o)
 .debug_info    0x0000000000001c36      0x131 ../Task2_hello_world_bsp/\libhal_bsp.a(alt_main.o)
 .debug_info    0x0000000000001d67      0x4b7 ../Task2_hello_world_bsp/\libhal_bsp.a(alt_write.o)
 .debug_info    0x000000000000221e      0x3df ../Task2_hello_world_bsp/\libhal_bsp.a(alt_sys_init.o)
 .debug_info    0x00000000000025fd      0x3a7 ../Task2_hello_world_bsp/\libhal_bsp.a(altera_avalon_jtag_uart_fd.o)
 .debug_info    0x00000000000029a4      0x1b2 ../Task2_hello_world_bsp/\libhal_bsp.a(altera_avalon_jtag_uart_read.o)
 .debug_info    0x0000000000002b56      0x195 ../Task2_hello_world_bsp/\libhal_bsp.a(altera_avalon_jtag_uart_write.o)
 .debug_info    0x0000000000002ceb      0x226 ../Task2_hello_world_bsp/\libhal_bsp.a(altera_avalon_timer_sc.o)
 .debug_info    0x0000000000002f11      0x321 ../Task2_hello_world_bsp/\libhal_bsp.a(alt_close.o)
 .debug_info    0x0000000000003232       0x92 ../Task2_hello_world_bsp/\libhal_bsp.a(alt_dcache_flush_all.o)
 .debug_info    0x00000000000032c4      0x49c ../Task2_hello_world_bsp/\libhal_bsp.a(alt_dev.o)
 .debug_info    0x0000000000003760      0x1a9 ../Task2_hello_world_bsp/\libhal_bsp.a(alt_dev_llist_insert.o)
 .debug_info    0x0000000000003909       0xa6 ../Task2_hello_world_bsp/\libhal_bsp.a(alt_errno.o)
 .debug_info    0x00000000000039af       0x92 ../Task2_hello_world_bsp/\libhal_bsp.a(alt_icache_flush_all.o)
 .debug_info    0x0000000000003a41      0x350 ../Task2_hello_world_bsp/\libhal_bsp.a(alt_iic.o)
 .debug_info    0x0000000000003d91      0x1ef ../Task2_hello_world_bsp/\libhal_bsp.a(alt_iic_isr_register.o)
 .debug_info    0x0000000000003f80      0x4a5 ../Task2_hello_world_bsp/\libhal_bsp.a(alt_io_redirect.o)
 .debug_info    0x0000000000004425       0xa0 ../Task2_hello_world_bsp/\libhal_bsp.a(alt_irq_entry.o)
 .debug_info    0x00000000000044c5      0x187 ../Task2_hello_world_bsp/\libhal_bsp.a(alt_irq_handler.o)
 .debug_info    0x000000000000464c       0x88 ../Task2_hello_world_bsp/\libhal_bsp.a(alt_irq_vars.o)
 .debug_info    0x00000000000046d4      0x3bb ../Task2_hello_world_bsp/\libhal_bsp.a(alt_open.o)
 .debug_info    0x0000000000004a8f      0x2b0 ../Task2_hello_world_bsp/\libhal_bsp.a(alt_release_fd.o)
 .debug_info    0x0000000000004d3f      0x299 ../Task2_hello_world_bsp/\libhal_bsp.a(alt_tick.o)
 .debug_info    0x0000000000004fd8       0x92 ../Task2_hello_world_bsp/\libhal_bsp.a(altera_nios2_qsys_irq.o)
 .debug_info    0x000000000000506a       0xa6 ../Task2_hello_world_bsp/\libhal_bsp.a(alt_exception_entry.o)
 .debug_info    0x0000000000005110      0x2e9 ../Task2_hello_world_bsp/\libhal_bsp.a(alt_find_dev.o)
 .debug_info    0x00000000000053f9      0x2e6 ../Task2_hello_world_bsp/\libhal_bsp.a(alt_find_file.o)
 .debug_info    0x00000000000056df      0x310 ../Task2_hello_world_bsp/\libhal_bsp.a(alt_get_fd.o)
 .debug_info    0x00000000000059ef       0xdc ../Task2_hello_world_bsp/\libhal_bsp.a(alt_icache_flush.o)
 .debug_info    0x0000000000005acb       0xe5 c:/intelfpga/18.1/nios2eds/bin/gnu/h-x86_64-mingw32/bin/../lib/gcc/nios2-elf/5.3.0/../../../../../H-x86_64-mingw32/nios2-elf/lib/mno-hw-mul\libsmallc.a(lib_a-exit.o)
 .debug_info    0x0000000000005bb0       0xf4 c:/intelfpga/18.1/nios2eds/bin/gnu/h-x86_64-mingw32/bin/../lib/gcc/nios2-elf/5.3.0/../../../../../H-x86_64-mingw32/nios2-elf/lib/mno-hw-mul\libsmallc.a(lib_a-memcmp.o)
 .debug_info    0x0000000000005ca4      0x67b c:/intelfpga/18.1/nios2eds/bin/gnu/h-x86_64-mingw32/bin/../lib/gcc/nios2-elf/5.3.0/../../../../../H-x86_64-mingw32/nios2-elf/lib/mno-hw-mul\libsmallc.a(lib_a-__call_atexit.o)
 .debug_info    0x000000000000631f       0xb4 c:/intelfpga/18.1/nios2eds/bin/gnu/h-x86_64-mingw32/bin/../lib/gcc/nios2-elf/5.3.0/mno-hw-mul\libgcc.a(lib2-mul.o)
 .debug_info    0x00000000000063d3       0xec ../Task2_hello_world_bsp/\libhal_bsp.a(alt_exit.o)

.debug_abbrev   0x0000000000000000     0x2408
 *(.debug_abbrev)
 .debug_abbrev  0x0000000000000000       0x12 ../Task2_hello_world_bsp//obj/HAL/src/crt0.o
 .debug_abbrev  0x0000000000000012       0x42 obj/default/hello_world.o
 .debug_abbrev  0x0000000000000054      0x1d6 c:/intelfpga/18.1/nios2eds/bin/gnu/h-x86_64-mingw32/bin/../lib/gcc/nios2-elf/5.3.0/../../../../../H-x86_64-mingw32/nios2-elf/lib/mno-hw-mul\libsmallc.a(lib_a-puts.o)
 .debug_abbrev  0x000000000000022a       0x7f c:/intelfpga/18.1/nios2eds/bin/gnu/h-x86_64-mingw32/bin/../lib/gcc/nios2-elf/5.3.0/../../../../../H-x86_64-mingw32/nios2-elf/lib/mno-hw-mul\libsmallc.a(lib_a-strlen.o)
 .debug_abbrev  0x00000000000002a9      0x1bc c:/intelfpga/18.1/nios2eds/bin/gnu/h-x86_64-mingw32/bin/../lib/gcc/nios2-elf/5.3.0/../../../../../H-x86_64-mingw32/nios2-elf/lib/mno-hw-mul\libsmallc.a(lib_a-fvwrite_small_dev.o)
 .debug_abbrev  0x0000000000000465      0x14a c:/intelfpga/18.1/nios2eds/bin/gnu/h-x86_64-mingw32/bin/../lib/gcc/nios2-elf/5.3.0/../../../../../H-x86_64-mingw32/nios2-elf/lib/mno-hw-mul\libsmallc.a(lib_a-impure.o)
 .debug_abbrev  0x00000000000005af      0x1a6 c:/intelfpga/18.1/nios2eds/bin/gnu/h-x86_64-mingw32/bin/../lib/gcc/nios2-elf/5.3.0/../../../../../H-x86_64-mingw32/nios2-elf/lib/mno-hw-mul\libsmallc.a(lib_a-writer.o)
 .debug_abbrev  0x0000000000000755       0x37 c:/intelfpga/18.1/nios2eds/bin/gnu/h-x86_64-mingw32/bin/../lib/gcc/nios2-elf/5.3.0/../../../../../H-x86_64-mingw32/nios2-elf/lib/mno-hw-mul\libsmallc.a(lib_a-int_errno.o)
 .debug_abbrev  0x000000000000078c       0x9f ../Task2_hello_world_bsp/\libhal_bsp.a(alt_load.o)
 .debug_abbrev  0x000000000000082b       0xba ../Task2_hello_world_bsp/\libhal_bsp.a(alt_main.o)
 .debug_abbrev  0x00000000000008e5      0x133 ../Task2_hello_world_bsp/\libhal_bsp.a(alt_write.o)
 .debug_abbrev  0x0000000000000a18      0x157 ../Task2_hello_world_bsp/\libhal_bsp.a(alt_sys_init.o)
 .debug_abbrev  0x0000000000000b6f       0xf7 ../Task2_hello_world_bsp/\libhal_bsp.a(altera_avalon_jtag_uart_fd.o)
 .debug_abbrev  0x0000000000000c66       0xd5 ../Task2_hello_world_bsp/\libhal_bsp.a(altera_avalon_jtag_uart_read.o)
 .debug_abbrev  0x0000000000000d3b       0xd5 ../Task2_hello_world_bsp/\libhal_bsp.a(altera_avalon_jtag_uart_write.o)
 .debug_abbrev  0x0000000000000e10      0x155 ../Task2_hello_world_bsp/\libhal_bsp.a(altera_avalon_timer_sc.o)
 .debug_abbrev  0x0000000000000f65      0x11f ../Task2_hello_world_bsp/\libhal_bsp.a(alt_close.o)
 .debug_abbrev  0x0000000000001084       0x42 ../Task2_hello_world_bsp/\libhal_bsp.a(alt_dcache_flush_all.o)
 .debug_abbrev  0x00000000000010c6       0xd9 ../Task2_hello_world_bsp/\libhal_bsp.a(alt_dev.o)
 .debug_abbrev  0x000000000000119f      0x114 ../Task2_hello_world_bsp/\libhal_bsp.a(alt_dev_llist_insert.o)
 .debug_abbrev  0x00000000000012b3       0x5a ../Task2_hello_world_bsp/\libhal_bsp.a(alt_errno.o)
 .debug_abbrev  0x000000000000130d       0x42 ../Task2_hello_world_bsp/\libhal_bsp.a(alt_icache_flush_all.o)
 .debug_abbrev  0x000000000000134f      0x163 ../Task2_hello_world_bsp/\libhal_bsp.a(alt_iic.o)
 .debug_abbrev  0x00000000000014b2      0x169 ../Task2_hello_world_bsp/\libhal_bsp.a(alt_iic_isr_register.o)
 .debug_abbrev  0x000000000000161b      0x114 ../Task2_hello_world_bsp/\libhal_bsp.a(alt_io_redirect.o)
 .debug_abbrev  0x000000000000172f       0x12 ../Task2_hello_world_bsp/\libhal_bsp.a(alt_irq_entry.o)
 .debug_abbrev  0x0000000000001741      0x122 ../Task2_hello_world_bsp/\libhal_bsp.a(alt_irq_handler.o)
 .debug_abbrev  0x0000000000001863       0x40 ../Task2_hello_world_bsp/\libhal_bsp.a(alt_irq_vars.o)
 .debug_abbrev  0x00000000000018a3      0x148 ../Task2_hello_world_bsp/\libhal_bsp.a(alt_open.o)
 .debug_abbrev  0x00000000000019eb       0xde ../Task2_hello_world_bsp/\libhal_bsp.a(alt_release_fd.o)
 .debug_abbrev  0x0000000000001ac9      0x15a ../Task2_hello_world_bsp/\libhal_bsp.a(alt_tick.o)
 .debug_abbrev  0x0000000000001c23       0x42 ../Task2_hello_world_bsp/\libhal_bsp.a(altera_nios2_qsys_irq.o)
 .debug_abbrev  0x0000000000001c65       0x12 ../Task2_hello_world_bsp/\libhal_bsp.a(alt_exception_entry.o)
 .debug_abbrev  0x0000000000001c77       0xf0 ../Task2_hello_world_bsp/\libhal_bsp.a(alt_find_dev.o)
 .debug_abbrev  0x0000000000001d67       0xf0 ../Task2_hello_world_bsp/\libhal_bsp.a(alt_find_file.o)
 .debug_abbrev  0x0000000000001e57      0x10d ../Task2_hello_world_bsp/\libhal_bsp.a(alt_get_fd.o)
 .debug_abbrev  0x0000000000001f64       0x8c ../Task2_hello_world_bsp/\libhal_bsp.a(alt_icache_flush.o)
 .debug_abbrev  0x0000000000001ff0       0x8b c:/intelfpga/18.1/nios2eds/bin/gnu/h-x86_64-mingw32/bin/../lib/gcc/nios2-elf/5.3.0/../../../../../H-x86_64-mingw32/nios2-elf/lib/mno-hw-mul\libsmallc.a(lib_a-exit.o)
 .debug_abbrev  0x000000000000207b       0x7f c:/intelfpga/18.1/nios2eds/bin/gnu/h-x86_64-mingw32/bin/../lib/gcc/nios2-elf/5.3.0/../../../../../H-x86_64-mingw32/nios2-elf/lib/mno-hw-mul\libsmallc.a(lib_a-memcmp.o)
 .debug_abbrev  0x00000000000020fa      0x1f6 c:/intelfpga/18.1/nios2eds/bin/gnu/h-x86_64-mingw32/bin/../lib/gcc/nios2-elf/5.3.0/../../../../../H-x86_64-mingw32/nios2-elf/lib/mno-hw-mul\libsmallc.a(lib_a-__call_atexit.o)
 .debug_abbrev  0x00000000000022f0       0x6f c:/intelfpga/18.1/nios2eds/bin/gnu/h-x86_64-mingw32/bin/../lib/gcc/nios2-elf/5.3.0/mno-hw-mul\libgcc.a(lib2-mul.o)
 .debug_abbrev  0x000000000000235f       0xa9 ../Task2_hello_world_bsp/\libhal_bsp.a(alt_exit.o)

.debug_line     0x0000000000000000     0x26de
 *(.debug_line)
 .debug_line    0x0000000000000000       0x6c ../Task2_hello_world_bsp//obj/HAL/src/crt0.o
 .debug_line    0x000000000000006c       0x40 obj/default/hello_world.o
 .debug_line    0x00000000000000ac      0x206 c:/intelfpga/18.1/nios2eds/bin/gnu/h-x86_64-mingw32/bin/../lib/gcc/nios2-elf/5.3.0/../../../../../H-x86_64-mingw32/nios2-elf/lib/mno-hw-mul\libsmallc.a(lib_a-puts.o)
 .debug_line    0x00000000000002b2      0x15c c:/intelfpga/18.1/nios2eds/bin/gnu/h-x86_64-mingw32/bin/../lib/gcc/nios2-elf/5.3.0/../../../../../H-x86_64-mingw32/nios2-elf/lib/mno-hw-mul\libsmallc.a(lib_a-strlen.o)
 .debug_line    0x000000000000040e      0x1f0 c:/intelfpga/18.1/nios2eds/bin/gnu/h-x86_64-mingw32/bin/../lib/gcc/nios2-elf/5.3.0/../../../../../H-x86_64-mingw32/nios2-elf/lib/mno-hw-mul\libsmallc.a(lib_a-fvwrite_small_dev.o)
 .debug_line    0x00000000000005fe      0x156 c:/intelfpga/18.1/nios2eds/bin/gnu/h-x86_64-mingw32/bin/../lib/gcc/nios2-elf/5.3.0/../../../../../H-x86_64-mingw32/nios2-elf/lib/mno-hw-mul\libsmallc.a(lib_a-impure.o)
 .debug_line    0x0000000000000754      0x1ed c:/intelfpga/18.1/nios2eds/bin/gnu/h-x86_64-mingw32/bin/../lib/gcc/nios2-elf/5.3.0/../../../../../H-x86_64-mingw32/nios2-elf/lib/mno-hw-mul\libsmallc.a(lib_a-writer.o)
 .debug_line    0x0000000000000941       0x5f c:/intelfpga/18.1/nios2eds/bin/gnu/h-x86_64-mingw32/bin/../lib/gcc/nios2-elf/5.3.0/../../../../../H-x86_64-mingw32/nios2-elf/lib/mno-hw-mul\libsmallc.a(lib_a-int_errno.o)
 .debug_line    0x00000000000009a0       0x8e ../Task2_hello_world_bsp/\libhal_bsp.a(alt_load.o)
 .debug_line    0x0000000000000a2e       0x9e ../Task2_hello_world_bsp/\libhal_bsp.a(alt_main.o)
 .debug_line    0x0000000000000acc      0x1d1 ../Task2_hello_world_bsp/\libhal_bsp.a(alt_write.o)
 .debug_line    0x0000000000000c9d      0x142 ../Task2_hello_world_bsp/\libhal_bsp.a(alt_sys_init.o)
 .debug_line    0x0000000000000ddf      0x112 ../Task2_hello_world_bsp/\libhal_bsp.a(altera_avalon_jtag_uart_fd.o)
 .debug_line    0x0000000000000ef1       0xfd ../Task2_hello_world_bsp/\libhal_bsp.a(altera_avalon_jtag_uart_read.o)
 .debug_line    0x0000000000000fee       0xf4 ../Task2_hello_world_bsp/\libhal_bsp.a(altera_avalon_jtag_uart_write.o)
 .debug_line    0x00000000000010e2       0xfd ../Task2_hello_world_bsp/\libhal_bsp.a(altera_avalon_timer_sc.o)
 .debug_line    0x00000000000011df      0x160 ../Task2_hello_world_bsp/\libhal_bsp.a(alt_close.o)
 .debug_line    0x000000000000133f       0x51 ../Task2_hello_world_bsp/\libhal_bsp.a(alt_dcache_flush_all.o)
 .debug_line    0x0000000000001390       0xf3 ../Task2_hello_world_bsp/\libhal_bsp.a(alt_dev.o)
 .debug_line    0x0000000000001483       0xcf ../Task2_hello_world_bsp/\libhal_bsp.a(alt_dev_llist_insert.o)
 .debug_line    0x0000000000001552       0x51 ../Task2_hello_world_bsp/\libhal_bsp.a(alt_errno.o)
 .debug_line    0x00000000000015a3       0x50 ../Task2_hello_world_bsp/\libhal_bsp.a(alt_icache_flush_all.o)
 .debug_line    0x00000000000015f3       0xeb ../Task2_hello_world_bsp/\libhal_bsp.a(alt_iic.o)
 .debug_line    0x00000000000016de       0xdb ../Task2_hello_world_bsp/\libhal_bsp.a(alt_iic_isr_register.o)
 .debug_line    0x00000000000017b9      0x130 ../Task2_hello_world_bsp/\libhal_bsp.a(alt_io_redirect.o)
 .debug_line    0x00000000000018e9       0x6b ../Task2_hello_world_bsp/\libhal_bsp.a(alt_irq_entry.o)
 .debug_line    0x0000000000001954       0xaa ../Task2_hello_world_bsp/\libhal_bsp.a(alt_irq_handler.o)
 .debug_line    0x00000000000019fe       0x50 ../Task2_hello_world_bsp/\libhal_bsp.a(alt_irq_vars.o)
 .debug_line    0x0000000000001a4e      0x12b ../Task2_hello_world_bsp/\libhal_bsp.a(alt_open.o)
 .debug_line    0x0000000000001b79       0xb0 ../Task2_hello_world_bsp/\libhal_bsp.a(alt_release_fd.o)
 .debug_line    0x0000000000001c29       0xff ../Task2_hello_world_bsp/\libhal_bsp.a(alt_tick.o)
 .debug_line    0x0000000000001d28       0x51 ../Task2_hello_world_bsp/\libhal_bsp.a(altera_nios2_qsys_irq.o)
 .debug_line    0x0000000000001d79       0xab ../Task2_hello_world_bsp/\libhal_bsp.a(alt_exception_entry.o)
 .debug_line    0x0000000000001e24       0xb5 ../Task2_hello_world_bsp/\libhal_bsp.a(alt_find_dev.o)
 .debug_line    0x0000000000001ed9       0xd1 ../Task2_hello_world_bsp/\libhal_bsp.a(alt_find_file.o)
 .debug_line    0x0000000000001faa       0xd7 ../Task2_hello_world_bsp/\libhal_bsp.a(alt_get_fd.o)
 .debug_line    0x0000000000002081       0x81 ../Task2_hello_world_bsp/\libhal_bsp.a(alt_icache_flush.o)
 .debug_line    0x0000000000002102      0x159 c:/intelfpga/18.1/nios2eds/bin/gnu/h-x86_64-mingw32/bin/../lib/gcc/nios2-elf/5.3.0/../../../../../H-x86_64-mingw32/nios2-elf/lib/mno-hw-mul\libsmallc.a(lib_a-exit.o)
 .debug_line    0x000000000000225b      0x160 c:/intelfpga/18.1/nios2eds/bin/gnu/h-x86_64-mingw32/bin/../lib/gcc/nios2-elf/5.3.0/../../../../../H-x86_64-mingw32/nios2-elf/lib/mno-hw-mul\libsmallc.a(lib_a-memcmp.o)
 .debug_line    0x00000000000023bb      0x232 c:/intelfpga/18.1/nios2eds/bin/gnu/h-x86_64-mingw32/bin/../lib/gcc/nios2-elf/5.3.0/../../../../../H-x86_64-mingw32/nios2-elf/lib/mno-hw-mul\libsmallc.a(lib_a-__call_atexit.o)
 .debug_line    0x00000000000025ed       0x80 c:/intelfpga/18.1/nios2eds/bin/gnu/h-x86_64-mingw32/bin/../lib/gcc/nios2-elf/5.3.0/mno-hw-mul\libgcc.a(lib2-mul.o)
 .debug_line    0x000000000000266d       0x71 ../Task2_hello_world_bsp/\libhal_bsp.a(alt_exit.o)

.debug_frame    0x0000000000000000      0x9c0
 *(.debug_frame)
 .debug_frame   0x0000000000000000       0x38 obj/default/hello_world.o
 .debug_frame   0x0000000000000038       0x48 c:/intelfpga/18.1/nios2eds/bin/gnu/h-x86_64-mingw32/bin/../lib/gcc/nios2-elf/5.3.0/../../../../../H-x86_64-mingw32/nios2-elf/lib/mno-hw-mul\libsmallc.a(lib_a-puts.o)
 .debug_frame   0x0000000000000080       0x20 c:/intelfpga/18.1/nios2eds/bin/gnu/h-x86_64-mingw32/bin/../lib/gcc/nios2-elf/5.3.0/../../../../../H-x86_64-mingw32/nios2-elf/lib/mno-hw-mul\libsmallc.a(lib_a-strlen.o)
 .debug_frame   0x00000000000000a0       0x58 c:/intelfpga/18.1/nios2eds/bin/gnu/h-x86_64-mingw32/bin/../lib/gcc/nios2-elf/5.3.0/../../../../../H-x86_64-mingw32/nios2-elf/lib/mno-hw-mul\libsmallc.a(lib_a-fvwrite_small_dev.o)
 .debug_frame   0x00000000000000f8       0x38 c:/intelfpga/18.1/nios2eds/bin/gnu/h-x86_64-mingw32/bin/../lib/gcc/nios2-elf/5.3.0/../../../../../H-x86_64-mingw32/nios2-elf/lib/mno-hw-mul\libsmallc.a(lib_a-writer.o)
 .debug_frame   0x0000000000000130       0x5c ../Task2_hello_world_bsp/\libhal_bsp.a(alt_load.o)
 .debug_frame   0x000000000000018c       0x2c ../Task2_hello_world_bsp/\libhal_bsp.a(alt_main.o)
 .debug_frame   0x00000000000001b8       0x60 ../Task2_hello_world_bsp/\libhal_bsp.a(alt_write.o)
 .debug_frame   0x0000000000000218       0x88 ../Task2_hello_world_bsp/\libhal_bsp.a(alt_sys_init.o)
 .debug_frame   0x00000000000002a0       0x60 ../Task2_hello_world_bsp/\libhal_bsp.a(altera_avalon_jtag_uart_fd.o)
 .debug_frame   0x0000000000000300       0x34 ../Task2_hello_world_bsp/\libhal_bsp.a(altera_avalon_jtag_uart_read.o)
 .debug_frame   0x0000000000000334       0x34 ../Task2_hello_world_bsp/\libhal_bsp.a(altera_avalon_jtag_uart_write.o)
 .debug_frame   0x0000000000000368       0x60 ../Task2_hello_world_bsp/\libhal_bsp.a(altera_avalon_timer_sc.o)
 .debug_frame   0x00000000000003c8       0x60 ../Task2_hello_world_bsp/\libhal_bsp.a(alt_close.o)
 .debug_frame   0x0000000000000428       0x34 ../Task2_hello_world_bsp/\libhal_bsp.a(alt_dcache_flush_all.o)
 .debug_frame   0x000000000000045c       0x34 ../Task2_hello_world_bsp/\libhal_bsp.a(alt_dev.o)
 .debug_frame   0x0000000000000490       0x60 ../Task2_hello_world_bsp/\libhal_bsp.a(alt_dev_llist_insert.o)
 .debug_frame   0x00000000000004f0       0x38 ../Task2_hello_world_bsp/\libhal_bsp.a(alt_icache_flush_all.o)
 .debug_frame   0x0000000000000528       0xa4 ../Task2_hello_world_bsp/\libhal_bsp.a(alt_iic.o)
 .debug_frame   0x00000000000005cc       0x38 ../Task2_hello_world_bsp/\libhal_bsp.a(alt_iic_isr_register.o)
 .debug_frame   0x0000000000000604       0x64 ../Task2_hello_world_bsp/\libhal_bsp.a(alt_io_redirect.o)
 .debug_frame   0x0000000000000668       0x38 ../Task2_hello_world_bsp/\libhal_bsp.a(alt_irq_handler.o)
 .debug_frame   0x00000000000006a0       0x8c ../Task2_hello_world_bsp/\libhal_bsp.a(alt_open.o)
 .debug_frame   0x000000000000072c       0x3c ../Task2_hello_world_bsp/\libhal_bsp.a(alt_release_fd.o)
 .debug_frame   0x0000000000000768       0x5c ../Task2_hello_world_bsp/\libhal_bsp.a(alt_tick.o)
 .debug_frame   0x00000000000007c4       0x34 ../Task2_hello_world_bsp/\libhal_bsp.a(altera_nios2_qsys_irq.o)
 .debug_frame   0x00000000000007f8       0x38 ../Task2_hello_world_bsp/\libhal_bsp.a(alt_find_dev.o)
 .debug_frame   0x0000000000000830       0x38 ../Task2_hello_world_bsp/\libhal_bsp.a(alt_find_file.o)
 .debug_frame   0x0000000000000868       0x3c ../Task2_hello_world_bsp/\libhal_bsp.a(alt_get_fd.o)
 .debug_frame   0x00000000000008a4       0x34 ../Task2_hello_world_bsp/\libhal_bsp.a(alt_icache_flush.o)
 .debug_frame   0x00000000000008d8       0x28 c:/intelfpga/18.1/nios2eds/bin/gnu/h-x86_64-mingw32/bin/../lib/gcc/nios2-elf/5.3.0/../../../../../H-x86_64-mingw32/nios2-elf/lib/mno-hw-mul\libsmallc.a(lib_a-exit.o)
 .debug_frame   0x0000000000000900       0x20 c:/intelfpga/18.1/nios2eds/bin/gnu/h-x86_64-mingw32/bin/../lib/gcc/nios2-elf/5.3.0/../../../../../H-x86_64-mingw32/nios2-elf/lib/mno-hw-mul\libsmallc.a(lib_a-memcmp.o)
 .debug_frame   0x0000000000000920       0x54 c:/intelfpga/18.1/nios2eds/bin/gnu/h-x86_64-mingw32/bin/../lib/gcc/nios2-elf/5.3.0/../../../../../H-x86_64-mingw32/nios2-elf/lib/mno-hw-mul\libsmallc.a(lib_a-__call_atexit.o)
 .debug_frame   0x0000000000000974       0x20 c:/intelfpga/18.1/nios2eds/bin/gnu/h-x86_64-mingw32/bin/../lib/gcc/nios2-elf/5.3.0/mno-hw-mul\libgcc.a(lib2-mul.o)
 .debug_frame   0x0000000000000994       0x2c ../Task2_hello_world_bsp/\libhal_bsp.a(alt_exit.o)

.debug_str      0x0000000000000000     0x1572
 *(.debug_str)
 .debug_str     0x0000000000000000      0x11b obj/default/hello_world.o
                                        0x159 (size before relaxing)
 .debug_str     0x000000000000011b      0x3fb c:/intelfpga/18.1/nios2eds/bin/gnu/h-x86_64-mingw32/bin/../lib/gcc/nios2-elf/5.3.0/../../../../../H-x86_64-mingw32/nios2-elf/lib/mno-hw-mul\libsmallc.a(lib_a-puts.o)
                                        0x4cd (size before relaxing)
 .debug_str     0x0000000000000516       0xd2 c:/intelfpga/18.1/nios2eds/bin/gnu/h-x86_64-mingw32/bin/../lib/gcc/nios2-elf/5.3.0/../../../../../H-x86_64-mingw32/nios2-elf/lib/mno-hw-mul\libsmallc.a(lib_a-strlen.o)
                                        0x1e5 (size before relaxing)
 .debug_str     0x00000000000005e8       0x63 c:/intelfpga/18.1/nios2eds/bin/gnu/h-x86_64-mingw32/bin/../lib/gcc/nios2-elf/5.3.0/../../../../../H-x86_64-mingw32/nios2-elf/lib/mno-hw-mul\libsmallc.a(lib_a-fvwrite_small_dev.o)
                                        0x4d4 (size before relaxing)
 .debug_str     0x000000000000064b       0xef c:/intelfpga/18.1/nios2eds/bin/gnu/h-x86_64-mingw32/bin/../lib/gcc/nios2-elf/5.3.0/../../../../../H-x86_64-mingw32/nios2-elf/lib/mno-hw-mul\libsmallc.a(lib_a-impure.o)
                                        0x4be (size before relaxing)
 .debug_str     0x000000000000073a       0x45 c:/intelfpga/18.1/nios2eds/bin/gnu/h-x86_64-mingw32/bin/../lib/gcc/nios2-elf/5.3.0/../../../../../H-x86_64-mingw32/nios2-elf/lib/mno-hw-mul\libsmallc.a(lib_a-writer.o)
                                        0x4b8 (size before relaxing)
 .debug_str     0x000000000000077f       0x3f c:/intelfpga/18.1/nios2eds/bin/gnu/h-x86_64-mingw32/bin/../lib/gcc/nios2-elf/5.3.0/../../../../../H-x86_64-mingw32/nios2-elf/lib/mno-hw-mul\libsmallc.a(lib_a-int_errno.o)
                                        0x1d8 (size before relaxing)
 .debug_str     0x00000000000007be      0x154 ../Task2_hello_world_bsp/\libhal_bsp.a(alt_load.o)
                                        0x23b (size before relaxing)
 .debug_str     0x0000000000000912       0x70 ../Task2_hello_world_bsp/\libhal_bsp.a(alt_main.o)
                                        0x1c6 (size before relaxing)
 .debug_str     0x0000000000000982      0x166 ../Task2_hello_world_bsp/\libhal_bsp.a(alt_write.o)
                                        0x321 (size before relaxing)
 .debug_str     0x0000000000000ae8      0x136 ../Task2_hello_world_bsp/\libhal_bsp.a(alt_sys_init.o)
                                        0x333 (size before relaxing)
 .debug_str     0x0000000000000c1e       0x77 ../Task2_hello_world_bsp/\libhal_bsp.a(altera_avalon_jtag_uart_fd.o)
                                        0x2fe (size before relaxing)
 .debug_str     0x0000000000000c95       0x48 ../Task2_hello_world_bsp/\libhal_bsp.a(altera_avalon_jtag_uart_read.o)
                                        0x248 (size before relaxing)
 .debug_str     0x0000000000000cdd       0x4a ../Task2_hello_world_bsp/\libhal_bsp.a(altera_avalon_jtag_uart_write.o)
                                        0x23e (size before relaxing)
 .debug_str     0x0000000000000d27       0xb6 ../Task2_hello_world_bsp/\libhal_bsp.a(altera_avalon_timer_sc.o)
                                        0x274 (size before relaxing)
 .debug_str     0x0000000000000ddd       0x1b ../Task2_hello_world_bsp/\libhal_bsp.a(alt_close.o)
                                        0x234 (size before relaxing)
 .debug_str     0x0000000000000df8       0x34 ../Task2_hello_world_bsp/\libhal_bsp.a(alt_dcache_flush_all.o)
                                        0x17e (size before relaxing)
 .debug_str     0x0000000000000e2c       0x50 ../Task2_hello_world_bsp/\libhal_bsp.a(alt_dev.o)
                                        0x32e (size before relaxing)
 .debug_str     0x0000000000000e7c       0x4b ../Task2_hello_world_bsp/\libhal_bsp.a(alt_dev_llist_insert.o)
                                        0x1f5 (size before relaxing)
 .debug_str     0x0000000000000ec7       0x14 ../Task2_hello_world_bsp/\libhal_bsp.a(alt_errno.o)
                                        0x16e (size before relaxing)
 .debug_str     0x0000000000000edb       0x34 ../Task2_hello_world_bsp/\libhal_bsp.a(alt_icache_flush_all.o)
                                        0x17e (size before relaxing)
 .debug_str     0x0000000000000f0f       0xc4 ../Task2_hello_world_bsp/\libhal_bsp.a(alt_iic.o)
                                        0x267 (size before relaxing)
 .debug_str     0x0000000000000fd3       0x4c ../Task2_hello_world_bsp/\libhal_bsp.a(alt_iic_isr_register.o)
                                        0x211 (size before relaxing)
 .debug_str     0x000000000000101f       0x56 ../Task2_hello_world_bsp/\libhal_bsp.a(alt_io_redirect.o)
                                        0x33f (size before relaxing)
 .debug_str     0x0000000000001075       0x3a ../Task2_hello_world_bsp/\libhal_bsp.a(alt_irq_handler.o)
                                        0x1c0 (size before relaxing)
 .debug_str     0x00000000000010af       0x17 ../Task2_hello_world_bsp/\libhal_bsp.a(alt_irq_vars.o)
                                        0x163 (size before relaxing)
 .debug_str     0x00000000000010c6       0x2f ../Task2_hello_world_bsp/\libhal_bsp.a(alt_open.o)
                                        0x274 (size before relaxing)
 .debug_str     0x00000000000010f5       0x28 ../Task2_hello_world_bsp/\libhal_bsp.a(alt_release_fd.o)
                                        0x1fc (size before relaxing)
 .debug_str     0x000000000000111d       0x78 ../Task2_hello_world_bsp/\libhal_bsp.a(alt_tick.o)
                                        0x27b (size before relaxing)
 .debug_str     0x0000000000001195       0x3b ../Task2_hello_world_bsp/\libhal_bsp.a(altera_nios2_qsys_irq.o)
                                        0x185 (size before relaxing)
 .debug_str     0x00000000000011d0       0x24 ../Task2_hello_world_bsp/\libhal_bsp.a(alt_find_dev.o)
                                        0x215 (size before relaxing)
 .debug_str     0x00000000000011f4       0x26 ../Task2_hello_world_bsp/\libhal_bsp.a(alt_find_file.o)
                                        0x223 (size before relaxing)
 .debug_str     0x000000000000121a       0x30 ../Task2_hello_world_bsp/\libhal_bsp.a(alt_get_fd.o)
                                        0x245 (size before relaxing)
 .debug_str     0x000000000000124a       0x2c ../Task2_hello_world_bsp/\libhal_bsp.a(alt_icache_flush.o)
                                        0x184 (size before relaxing)
 .debug_str     0x0000000000001276       0xe1 c:/intelfpga/18.1/nios2eds/bin/gnu/h-x86_64-mingw32/bin/../lib/gcc/nios2-elf/5.3.0/../../../../../H-x86_64-mingw32/nios2-elf/lib/mno-hw-mul\libsmallc.a(lib_a-exit.o)
                                        0x1f0 (size before relaxing)
 .debug_str     0x0000000000001357       0x44 c:/intelfpga/18.1/nios2eds/bin/gnu/h-x86_64-mingw32/bin/../lib/gcc/nios2-elf/5.3.0/../../../../../H-x86_64-mingw32/nios2-elf/lib/mno-hw-mul\libsmallc.a(lib_a-memcmp.o)
                                        0x1df (size before relaxing)
 .debug_str     0x000000000000139b       0x65 c:/intelfpga/18.1/nios2eds/bin/gnu/h-x86_64-mingw32/bin/../lib/gcc/nios2-elf/5.3.0/../../../../../H-x86_64-mingw32/nios2-elf/lib/mno-hw-mul\libsmallc.a(lib_a-__call_atexit.o)
                                        0x4eb (size before relaxing)
 .debug_str     0x0000000000001400      0x148 c:/intelfpga/18.1/nios2eds/bin/gnu/h-x86_64-mingw32/bin/../lib/gcc/nios2-elf/5.3.0/mno-hw-mul\libgcc.a(lib2-mul.o)
                                        0x193 (size before relaxing)
 .debug_str     0x0000000000001548       0x2a ../Task2_hello_world_bsp/\libhal_bsp.a(alt_exit.o)
                                        0x17a (size before relaxing)

.debug_loc      0x0000000000000000      0x506
 *(.debug_loc)
 .debug_loc     0x0000000000000000       0x97 c:/intelfpga/18.1/nios2eds/bin/gnu/h-x86_64-mingw32/bin/../lib/gcc/nios2-elf/5.3.0/../../../../../H-x86_64-mingw32/nios2-elf/lib/mno-hw-mul\libsmallc.a(lib_a-puts.o)
 .debug_loc     0x0000000000000097       0x1e c:/intelfpga/18.1/nios2eds/bin/gnu/h-x86_64-mingw32/bin/../lib/gcc/nios2-elf/5.3.0/../../../../../H-x86_64-mingw32/nios2-elf/lib/mno-hw-mul\libsmallc.a(lib_a-strlen.o)
 .debug_loc     0x00000000000000b5      0x110 c:/intelfpga/18.1/nios2eds/bin/gnu/h-x86_64-mingw32/bin/../lib/gcc/nios2-elf/5.3.0/../../../../../H-x86_64-mingw32/nios2-elf/lib/mno-hw-mul\libsmallc.a(lib_a-fvwrite_small_dev.o)
 .debug_loc     0x00000000000001c5       0xa5 c:/intelfpga/18.1/nios2eds/bin/gnu/h-x86_64-mingw32/bin/../lib/gcc/nios2-elf/5.3.0/../../../../../H-x86_64-mingw32/nios2-elf/lib/mno-hw-mul\libsmallc.a(lib_a-writer.o)
 .debug_loc     0x000000000000026a       0x1e c:/intelfpga/18.1/nios2eds/bin/gnu/h-x86_64-mingw32/bin/../lib/gcc/nios2-elf/5.3.0/../../../../../H-x86_64-mingw32/nios2-elf/lib/mno-hw-mul\libsmallc.a(lib_a-exit.o)
 .debug_loc     0x0000000000000288       0x94 c:/intelfpga/18.1/nios2eds/bin/gnu/h-x86_64-mingw32/bin/../lib/gcc/nios2-elf/5.3.0/../../../../../H-x86_64-mingw32/nios2-elf/lib/mno-hw-mul\libsmallc.a(lib_a-memcmp.o)
 .debug_loc     0x000000000000031c      0x157 c:/intelfpga/18.1/nios2eds/bin/gnu/h-x86_64-mingw32/bin/../lib/gcc/nios2-elf/5.3.0/../../../../../H-x86_64-mingw32/nios2-elf/lib/mno-hw-mul\libsmallc.a(lib_a-__call_atexit.o)
 .debug_loc     0x0000000000000473       0x93 c:/intelfpga/18.1/nios2eds/bin/gnu/h-x86_64-mingw32/bin/../lib/gcc/nios2-elf/5.3.0/mno-hw-mul\libgcc.a(lib2-mul.o)

.debug_macinfo
 *(.debug_macinfo)

.debug_weaknames
 *(.debug_weaknames)

.debug_funcnames
 *(.debug_funcnames)

.debug_typenames
 *(.debug_typenames)

.debug_varnames
 *(.debug_varnames)

.debug_alt_sim_info
                0x0000000000000000       0x20
 *(.debug_alt_sim_info)
 .debug_alt_sim_info
                0x0000000000000000       0x20 ../Task2_hello_world_bsp//obj/HAL/src/crt0.o
                0x000000000000d000                __alt_data_end = 0xd000
                0x000000000000d000                PROVIDE (__alt_stack_pointer, __alt_data_end)
                [!provide]                        PROVIDE (__alt_stack_limit, __alt_stack_base)
                [!provide]                        PROVIDE (__alt_heap_start, end)
                [!provide]                        PROVIDE (__alt_heap_limit, 0xd000)
OUTPUT(Task2_hello_world.elf elf32-littlenios2)

.debug_ranges   0x0000000000000000      0x148
 .debug_ranges  0x0000000000000000       0x20 ../Task2_hello_world_bsp//obj/HAL/src/crt0.o
 .debug_ranges  0x0000000000000020       0x18 c:/intelfpga/18.1/nios2eds/bin/gnu/h-x86_64-mingw32/bin/../lib/gcc/nios2-elf/5.3.0/../../../../../H-x86_64-mingw32/nios2-elf/lib/mno-hw-mul\libsmallc.a(lib_a-puts.o)
 .debug_ranges  0x0000000000000038       0x10 c:/intelfpga/18.1/nios2eds/bin/gnu/h-x86_64-mingw32/bin/../lib/gcc/nios2-elf/5.3.0/../../../../../H-x86_64-mingw32/nios2-elf/lib/mno-hw-mul\libsmallc.a(lib_a-strlen.o)
 .debug_ranges  0x0000000000000048       0x28 c:/intelfpga/18.1/nios2eds/bin/gnu/h-x86_64-mingw32/bin/../lib/gcc/nios2-elf/5.3.0/../../../../../H-x86_64-mingw32/nios2-elf/lib/mno-hw-mul\libsmallc.a(lib_a-fvwrite_small_dev.o)
 .debug_ranges  0x0000000000000070       0x10 c:/intelfpga/18.1/nios2eds/bin/gnu/h-x86_64-mingw32/bin/../lib/gcc/nios2-elf/5.3.0/../../../../../H-x86_64-mingw32/nios2-elf/lib/mno-hw-mul\libsmallc.a(lib_a-writer.o)
 .debug_ranges  0x0000000000000080       0x18 ../Task2_hello_world_bsp/\libhal_bsp.a(altera_avalon_jtag_uart_read.o)
 .debug_ranges  0x0000000000000098       0x28 ../Task2_hello_world_bsp/\libhal_bsp.a(alt_irq_entry.o)
 .debug_ranges  0x00000000000000c0       0x10 ../Task2_hello_world_bsp/\libhal_bsp.a(alt_irq_handler.o)
 .debug_ranges  0x00000000000000d0       0x30 ../Task2_hello_world_bsp/\libhal_bsp.a(alt_exception_entry.o)
 .debug_ranges  0x0000000000000100       0x10 c:/intelfpga/18.1/nios2eds/bin/gnu/h-x86_64-mingw32/bin/../lib/gcc/nios2-elf/5.3.0/../../../../../H-x86_64-mingw32/nios2-elf/lib/mno-hw-mul\libsmallc.a(lib_a-exit.o)
 .debug_ranges  0x0000000000000110       0x10 c:/intelfpga/18.1/nios2eds/bin/gnu/h-x86_64-mingw32/bin/../lib/gcc/nios2-elf/5.3.0/../../../../../H-x86_64-mingw32/nios2-elf/lib/mno-hw-mul\libsmallc.a(lib_a-memcmp.o)
 .debug_ranges  0x0000000000000120       0x28 c:/intelfpga/18.1/nios2eds/bin/gnu/h-x86_64-mingw32/bin/../lib/gcc/nios2-elf/5.3.0/../../../../../H-x86_64-mingw32/nios2-elf/lib/mno-hw-mul\libsmallc.a(lib_a-__call_atexit.o)
