Archive member included to satisfy reference by file (symbol)

c:/intelfpga/18.1/nios2eds/bin/gnu/h-x86_64-mingw32/bin/../lib/gcc/nios2-elf/5.3.0/../../../../../H-x86_64-mingw32/nios2-elf/lib\libc.a(lib_a-puts.o)
                              obj/default/hello_world.o (puts)
c:/intelfpga/18.1/nios2eds/bin/gnu/h-x86_64-mingw32/bin/../lib/gcc/nios2-elf/5.3.0/../../../../../H-x86_64-mingw32/nios2-elf/lib\libc.a(lib_a-strlen.o)
                              c:/intelfpga/18.1/nios2eds/bin/gnu/h-x86_64-mingw32/bin/../lib/gcc/nios2-elf/5.3.0/../../../../../H-x86_64-mingw32/nios2-elf/lib\libc.a(lib_a-puts.o) (strlen)
c:/intelfpga/18.1/nios2eds/bin/gnu/h-x86_64-mingw32/bin/../lib/gcc/nios2-elf/5.3.0/../../../../../H-x86_64-mingw32/nios2-elf/lib\libc.a(lib_a-findfp.o)
                              c:/intelfpga/18.1/nios2eds/bin/gnu/h-x86_64-mingw32/bin/../lib/gcc/nios2-elf/5.3.0/../../../../../H-x86_64-mingw32/nios2-elf/lib\libc.a(lib_a-puts.o) (__sinit)
c:/intelfpga/18.1/nios2eds/bin/gnu/h-x86_64-mingw32/bin/../lib/gcc/nios2-elf/5.3.0/../../../../../H-x86_64-mingw32/nios2-elf/lib\libc.a(lib_a-fvwrite.o)
                              c:/intelfpga/18.1/nios2eds/bin/gnu/h-x86_64-mingw32/bin/../lib/gcc/nios2-elf/5.3.0/../../../../../H-x86_64-mingw32/nios2-elf/lib\libc.a(lib_a-puts.o) (__sfvwrite_r)
c:/intelfpga/18.1/nios2eds/bin/gnu/h-x86_64-mingw32/bin/../lib/gcc/nios2-elf/5.3.0/../../../../../H-x86_64-mingw32/nios2-elf/lib\libc.a(lib_a-fwalk.o)
                              c:/intelfpga/18.1/nios2eds/bin/gnu/h-x86_64-mingw32/bin/../lib/gcc/nios2-elf/5.3.0/../../../../../H-x86_64-mingw32/nios2-elf/lib\libc.a(lib_a-findfp.o) (_fwalk)
c:/intelfpga/18.1/nios2eds/bin/gnu/h-x86_64-mingw32/bin/../lib/gcc/nios2-elf/5.3.0/../../../../../H-x86_64-mingw32/nios2-elf/lib\libc.a(lib_a-impure.o)
                              c:/intelfpga/18.1/nios2eds/bin/gnu/h-x86_64-mingw32/bin/../lib/gcc/nios2-elf/5.3.0/../../../../../H-x86_64-mingw32/nios2-elf/lib\libc.a(lib_a-findfp.o) (_global_impure_ptr)
c:/intelfpga/18.1/nios2eds/bin/gnu/h-x86_64-mingw32/bin/../lib/gcc/nios2-elf/5.3.0/../../../../../H-x86_64-mingw32/nios2-elf/lib\libc.a(lib_a-mallocr.o)
                              c:/intelfpga/18.1/nios2eds/bin/gnu/h-x86_64-mingw32/bin/../lib/gcc/nios2-elf/5.3.0/../../../../../H-x86_64-mingw32/nios2-elf/lib\libc.a(lib_a-findfp.o) (_malloc_r)
c:/intelfpga/18.1/nios2eds/bin/gnu/h-x86_64-mingw32/bin/../lib/gcc/nios2-elf/5.3.0/../../../../../H-x86_64-mingw32/nios2-elf/lib\libc.a(lib_a-memchr.o)
                              c:/intelfpga/18.1/nios2eds/bin/gnu/h-x86_64-mingw32/bin/../lib/gcc/nios2-elf/5.3.0/../../../../../H-x86_64-mingw32/nios2-elf/lib\libc.a(lib_a-fvwrite.o) (memchr)
c:/intelfpga/18.1/nios2eds/bin/gnu/h-x86_64-mingw32/bin/../lib/gcc/nios2-elf/5.3.0/../../../../../H-x86_64-mingw32/nios2-elf/lib\libc.a(lib_a-memcpy.o)
                              c:/intelfpga/18.1/nios2eds/bin/gnu/h-x86_64-mingw32/bin/../lib/gcc/nios2-elf/5.3.0/../../../../../H-x86_64-mingw32/nios2-elf/lib\libc.a(lib_a-fvwrite.o) (memcpy)
c:/intelfpga/18.1/nios2eds/bin/gnu/h-x86_64-mingw32/bin/../lib/gcc/nios2-elf/5.3.0/../../../../../H-x86_64-mingw32/nios2-elf/lib\libc.a(lib_a-memmove.o)
                              c:/intelfpga/18.1/nios2eds/bin/gnu/h-x86_64-mingw32/bin/../lib/gcc/nios2-elf/5.3.0/../../../../../H-x86_64-mingw32/nios2-elf/lib\libc.a(lib_a-fvwrite.o) (memmove)
c:/intelfpga/18.1/nios2eds/bin/gnu/h-x86_64-mingw32/bin/../lib/gcc/nios2-elf/5.3.0/../../../../../H-x86_64-mingw32/nios2-elf/lib\libc.a(lib_a-memset.o)
                              c:/intelfpga/18.1/nios2eds/bin/gnu/h-x86_64-mingw32/bin/../lib/gcc/nios2-elf/5.3.0/../../../../../H-x86_64-mingw32/nios2-elf/lib\libc.a(lib_a-findfp.o) (memset)
c:/intelfpga/18.1/nios2eds/bin/gnu/h-x86_64-mingw32/bin/../lib/gcc/nios2-elf/5.3.0/../../../../../H-x86_64-mingw32/nios2-elf/lib\libc.a(lib_a-reallocr.o)
                              c:/intelfpga/18.1/nios2eds/bin/gnu/h-x86_64-mingw32/bin/../lib/gcc/nios2-elf/5.3.0/../../../../../H-x86_64-mingw32/nios2-elf/lib\libc.a(lib_a-fvwrite.o) (_realloc_r)
c:/intelfpga/18.1/nios2eds/bin/gnu/h-x86_64-mingw32/bin/../lib/gcc/nios2-elf/5.3.0/../../../../../H-x86_64-mingw32/nios2-elf/lib\libc.a(lib_a-sbrkr.o)
                              c:/intelfpga/18.1/nios2eds/bin/gnu/h-x86_64-mingw32/bin/../lib/gcc/nios2-elf/5.3.0/../../../../../H-x86_64-mingw32/nios2-elf/lib\libc.a(lib_a-mallocr.o) (_sbrk_r)
c:/intelfpga/18.1/nios2eds/bin/gnu/h-x86_64-mingw32/bin/../lib/gcc/nios2-elf/5.3.0/../../../../../H-x86_64-mingw32/nios2-elf/lib\libc.a(lib_a-stdio.o)
                              c:/intelfpga/18.1/nios2eds/bin/gnu/h-x86_64-mingw32/bin/../lib/gcc/nios2-elf/5.3.0/../../../../../H-x86_64-mingw32/nios2-elf/lib\libc.a(lib_a-findfp.o) (__sread)
c:/intelfpga/18.1/nios2eds/bin/gnu/h-x86_64-mingw32/bin/../lib/gcc/nios2-elf/5.3.0/../../../../../H-x86_64-mingw32/nios2-elf/lib\libc.a(lib_a-writer.o)
[...]
Memory Configuration

Name             Origin             Length             Attributes
reset            0x0000000000800000 0x0000000000000020
sdram            0x0000000000800020 0x00000000007fffe0
*default*        0x0000000000000000 0xffffffffffffffff

Linker script and memory map

LOAD ../tsk5_hello_world_bsp//obj/HAL/src/crt0.o
LOAD obj/default/hello_world.o
LOAD c:/intelfpga/18.1/nios2eds/bin/gnu/h-x86_64-mingw32/bin/../lib/gcc/nios2-elf/5.3.0/../../../../../H-x86_64-mingw32/nios2-elf/lib\libstdc++.a
LOAD c:/intelfpga/18.1/nios2eds/bin/gnu/h-x86_64-mingw32/bin/../lib/gcc/nios2-elf/5.3.0/../../../../../H-x86_64-mingw32/nios2-elf/lib\libm.a
LOAD c:/intelfpga/18.1/nios2eds/bin/gnu/h-x86_64-mingw32/bin/../lib/gcc/nios2-elf/5.3.0\libgcc.a
START GROUP
LOAD c:/intelfpga/18.1/nios2eds/bin/gnu/h-x86_64-mingw32/bin/../lib/gcc/nios2-elf/5.3.0/../../../../../H-x86_64-mingw32/nios2-elf/lib\libc.a
LOAD c:/intelfpga/18.1/nios2eds/bin/gnu/h-x86_64-mingw32/bin/../lib/gcc/nios2-elf/5.3.0\libgcc.a
LOAD ../tsk5_hello_world_bsp/\libhal_bsp.a
LOAD c:/intelfpga/18.1/nios2eds/bin/gnu/h-x86_64-mingw32/bin/../lib/gcc/nios2-elf/5.3.0/../../../../../H-x86_64-mingw32/nios2-elf/lib\libm.a
END GROUP
LOAD c:/intelfpga/18.1/nios2eds/bin/gnu/h-x86_64-mingw32/bin/../lib/gcc/nios2-elf/5.3.0\libgcc.a
                0x0000000000800000                __alt_mem_sdram = 0x800000

.entry          0x0000000000800000       0x20
 *(.entry)
 .entry         0x0000000000800000       0x20 ../tsk5_hello_world_bsp//obj/HAL/src/crt0.o
                0x0000000000800000                __reset

.exceptions     0x0000000000800020      0x1a0
                0x0000000000800020                PROVIDE (__ram_exceptions_start, ABSOLUTE (.))
                0x0000000000800020                . = ALIGN (0x20)
 *(.irq)
 *(.exceptions.entry.label)
 .exceptions.entry.label
                0x0000000000800020        0x0 ../tsk5_hello_world_bsp/\libhal_bsp.a(alt_irq_entry.o)
                0x0000000000800020                alt_irq_entry
 .exceptions.entry.label
                0x0000000000800020        0x0 ../tsk5_hello_world_bsp/\libhal_bsp.a(alt_exception_entry.o)
                0x0000000000800020                alt_exception
 *(.exceptions.entry.user)
 *(.exceptions.entry.ecc_fatal)
 *(.exceptions.entry)
 .exceptions.entry
                0x0000000000800020       0x54 ../tsk5_hello_world_bsp/\libhal_bsp.a(alt_exception_entry.o)
 *(.exceptions.irqtest.user)
 *(.exceptions.irqtest)
 .exceptions.irqtest
                0x0000000000800074       0x10 ../tsk5_hello_world_bsp/\libhal_bsp.a(alt_irq_entry.o)
 *(.exceptions.irqhandler.user)
 *(.exceptions.irqhandler)
 .exceptions.irqhandler
                0x0000000000800084        0x4 ../tsk5_hello_world_bsp/\libhal_bsp.a(alt_irq_entry.o)
 *(.exceptions.irqreturn.user)
 *(.exceptions.irqreturn)
 .exceptions.irqreturn
                0x0000000000800088        0x4 ../tsk5_hello_world_bsp/\libhal_bsp.a(alt_irq_entry.o)
 *(.exceptions.notirq.label)
 .exceptions.notirq.label
                0x000000000080008c        0x0 ../tsk5_hello_world_bsp/\libhal_bsp.a(alt_irq_entry.o)
 *(.exceptions.notirq.user)
 *(.exceptions.notirq)
 .exceptions.notirq
                0x000000000080008c        0x8 ../tsk5_hello_world_bsp/\libhal_bsp.a(alt_exception_entry.o)
 *(.exceptions.soft.user)
 *(.exceptions.soft)
 *(.exceptions.unknown.user)
 *(.exceptions.unknown)
 .exceptions.unknown
                0x0000000000800094        0x4 ../tsk5_hello_world_bsp/\libhal_bsp.a(alt_exception_entry.o)
 *(.exceptions.exit.label)
 .exceptions.exit.label
                0x0000000000800098        0x0 ../tsk5_hello_world_bsp/\libhal_bsp.a(alt_irq_entry.o)
 .exceptions.exit.label
                0x0000000000800098        0x0 ../tsk5_hello_world_bsp/\libhal_bsp.a(alt_exception_entry.o)
 *(.exceptions.exit.user)
 *(.exceptions.exit)
 .exceptions.exit
                0x0000000000800098       0x54 ../tsk5_hello_world_bsp/\libhal_bsp.a(alt_exception_entry.o)
 *(.exceptions)
 .exceptions    0x00000000008000ec       0xd4 ../tsk5_hello_world_bsp/\libhal_bsp.a(alt_irq_handler.o)
                0x00000000008000ec                alt_irq_handler
                0x00000000008001c0                PROVIDE (__ram_exceptions_end, ABSOLUTE (.))
                0x0000000000800020                PROVIDE (__flash_exceptions_start, LOADADDR (.exceptions))

.text           0x00000000008001c0     0x555c
                [!provide]                        PROVIDE (stext, ABSOLUTE (.))
 *(.interp)
 *(.hash)
 *(.dynsym)
 *(.dynstr)
 *(.gnu.version)
 *(.gnu.version_d)
 *(.gnu.version_r)
 *(.rel.init)
 *(.rela.init)
 *(.rel.text .rel.text.* .rel.gnu.linkonce.t.*)
 *(.rela.text .rela.text.* .rela.gnu.linkonce.t.*)
 *(.rel.fini)
 *(.rela.fini)
 *(.rel.rodata .rel.rodata.* .rel.gnu.linkonce.r.*)
 *(.rela.rodata .rela.rodata.* .rela.gnu.linkonce.r.*)
 *(.rel.data .rel.data.* .rel.gnu.linkonce.d.*)
 *(.rela.data .rela.data.* .rela.gnu.linkonce.d.*)
 *(.rel.tdata .rel.tdata.* .rel.gnu.linkonce.td.*)
 *(.rela.tdata .rela.tdata.* .rela.gnu.linkonce.td.*)
 *(.rel.tbss .rel.tbss.* .rel.gnu.linkonce.tb.*)
 *(.rela.tbss .rela.tbss.* .rela.gnu.linkonce.tb.*)
 *(.rel.ctors)
 *(.rela.ctors)
 *(.rel.dtors)
 *(.rela.dtors)
 *(.rel.got)
 *(.rela.got)
 *(.rel.sdata .rel.sdata.* .rel.gnu.linkonce.s.*)
 *(.rela.sdata .rela.sdata.* .rela.gnu.linkonce.s.*)
 *(.rel.sbss .rel.sbss.* .rel.gnu.linkonce.sb.*)
 *(.rela.sbss .rela.sbss.* .rela.gnu.linkonce.sb.*)
 *(.rel.sdata2 .rel.sdata2.* .rel.gnu.linkonce.s2.*)
 *(.rela.sdata2 .rela.sdata2.* .rela.gnu.linkonce.s2.*)
 *(.rel.sbss2 .rel.sbss2.* .rel.gnu.linkonce.sb2.*)
 *(.rela.sbss2 .rela.sbss2.* .rela.gnu.linkonce.sb2.*)
 *(.rel.bss .rel.bss.* .rel.gnu.linkonce.b.*)
 *(.rela.bss .rela.bss.* .rela.gnu.linkonce.b.*)
 *(.rel.plt)
 *(.rela.plt)
 *(.rel.dyn)
 *(.init)
 *(.plt)
 *(.text .stub .text.* .gnu.linkonce.t.*)
 .text          0x00000000008001c0       0x4c ../tsk5_hello_world_bsp//obj/HAL/src/crt0.o
                0x00000000008001c0                _start
 .text          0x000000000080020c       0x34 obj/default/hello_world.o
                0x000000000080020c                main
 .text          0x0000000000800240        0x0 c:/intelfpga/18.1/nios2eds/bin/gnu/h-x86_64-mingw32/bin/../lib/gcc/nios2-elf/5.3.0/../../../../../H-x86_64-mingw32/nios2-elf/lib\libc.a(lib_a-puts.o)
 .text._puts_r  0x0000000000800240       0xc0 c:/intelfpga/18.1/nios2eds/bin/gnu/h-x86_64-mingw32/bin/../lib/gcc/nios2-elf/5.3.0/../../../../../H-x86_64-mingw32/nios2-elf/lib\libc.a(lib_a-puts.o)
                0x0000000000800240                _puts_r
 .text.puts     0x0000000000800300       0x14 c:/intelfpga/18.1/nios2eds/bin/gnu/h-x86_64-mingw32/bin/../lib/gcc/nios2-elf/5.3.0/../../../../../H-x86_64-mingw32/nios2-elf/lib\libc.a(lib_a-puts.o)
                0x0000000000800300                puts
 .text          0x0000000000800314        0x0 c:/intelfpga/18.1/nios2eds/bin/gnu/h-x86_64-mingw32/bin/../lib/gcc/nios2-elf/5.3.0/../../../../../H-x86_64-mingw32/nios2-elf/lib\libc.a(lib_a-strlen.o)
 .text.strlen   0x0000000000800314       0x98 c:/intelfpga/18.1/nios2eds/bin/gnu/h-x86_64-mingw32/bin/../lib/gcc/nios2-elf/5.3.0/../../../../../H-x86_64-mingw32/nios2-elf/lib\libc.a(lib_a-strlen.o)
                0x0000000000800314                strlen
 .text          0x00000000008003ac        0x0 c:/intelfpga/18.1/nios2eds/bin/gnu/h-x86_64-mingw32/bin/../lib/gcc/nios2-elf/5.3.0/../../../../../H-x86_64-mingw32/nios2-elf/lib\libc.a(lib_a-findfp.o)
 .text.__fp_unlock
                0x00000000008003ac        0x8 c:/intelfpga/18.1/nios2eds/bin/gnu/h-x86_64-mingw32/bin/../lib/gcc/nios2-elf/5.3.0/../../../../../H-x86_64-mingw32/nios2-elf/lib\libc.a(lib_a-findfp.o)
 .text._cleanup_r
                0x00000000008003b4        0xc c:/intelfpga/18.1/nios2eds/bin/gnu/h-x86_64-mingw32/bin/../lib/gcc/nios2-elf/5.3.0/../../../../../H-x86_64-mingw32/nios2-elf/lib\libc.a(lib_a-findfp.o)
                0x00000000008003b4                _cleanup_r
 .text.__sinit.part.1
                0x00000000008003c0      0x19c c:/intelfpga/18.1/nios2eds/bin/gnu/h-x86_64-mingw32/bin/../lib/gcc/nios2-elf/5.3.0/../../../../../H-x86_64-mingw32/nios2-elf/lib\libc.a(lib_a-findfp.o)
 .text.__fp_lock
                0x000000000080055c        0x8 c:/intelfpga/18.1/nios2eds/bin/gnu/h-x86_64-mingw32/bin/../lib/gcc/nios2-elf/5.3.0/../../../../../H-x86_64-mingw32/nios2-elf/lib\libc.a(lib_a-findfp.o)
 .text.__sfmoreglue
                0x0000000000800564       0x68 c:/intelfpga/18.1/nios2eds/bin/gnu/h-x86_64-mingw32/bin/../lib/gcc/nios2-elf/5.3.0/../../../../../H-x86_64-mingw32/nios2-elf/lib\libc.a(lib_a-findfp.o)
                0x0000000000800564                __sfmoreglue
 .text.__sfp    0x00000000008005cc      0x118 c:/intelfpga/18.1/nios2eds/bin/gnu/h-x86_64-mingw32/bin/../lib/gcc/nios2-elf/5.3.0/../../../../../H-x86_64-mingw32/nios2-elf/lib\libc.a(lib_a-findfp.o)
                0x00000000008005cc                __sfp
 .text._cleanup
                0x00000000008006e4       0x18 c:/intelfpga/18.1/nios2eds/bin/gnu/h-x86_64-mingw32/bin/../lib/gcc/nios2-elf/5.3.0/../../../../../H-x86_64-mingw32/nios2-elf/lib\libc.a(lib_a-findfp.o)
                0x00000000008006e4                _cleanup
 .text.__sinit  0x00000000008006fc       0x10 c:/intelfpga/18.1/nios2eds/bin/gnu/h-x86_64-mingw32/bin/../lib/gcc/nios2-elf/5.3.0/../../../../../H-x86_64-mingw32/nios2-elf/lib\libc.a(lib_a-findfp.o)
                0x00000000008006fc                __sinit
 .text.__sfp_lock_acquire
                0x000000000080070c        0x4 c:/intelfpga/18.1/nios2eds/bin/gnu/h-x86_64-mingw32/bin/../lib/gcc/nios2-elf/5.3.0/../../../../../H-x86_64-mingw32/nios2-elf/lib\libc.a(lib_a-findfp.o)
                0x000000000080070c                __sfp_lock_acquire
 .text.__sfp_lock_release
                0x0000000000800710        0x4 c:/intelfpga/18.1/nios2eds/bin/gnu/h-x86_64-mingw32/bin/../lib/gcc/nios2-elf/5.3.0/../../../../../H-x86_64-mingw32/nios2-elf/lib\libc.a(lib_a-findfp.o)
                0x0000000000800710                __sfp_lock_release
 .text.__sinit_lock_acquire
                0x0000000000800714        0x4 c:/intelfpga/18.1/nios2eds/bin/gnu/h-x86_64-mingw32/bin/../lib/gcc/nios2-elf/5.3.0/../../../../../H-x86_64-mingw32/nios2-elf/lib\libc.a(lib_a-findfp.o)
                0x0000000000800714                __sinit_lock_acquire
 .text.__sinit_lock_release
                0x0000000000800718        0x4 c:/intelfpga/18.1/nios2eds/bin/gnu/h-x86_64-mingw32/bin/../lib/gcc/nios2-elf/5.3.0/../../../../../H-x86_64-mingw32/nios2-elf/lib\libc.a(lib_a-findfp.o)
                0x0000000000800718                __sinit_lock_release
 .text.__fp_lock_all
                0x000000000080071c       0x18 c:/intelfpga/18.1/nios2eds/bin/gnu/h-x86_64-mingw32/bin/../lib/gcc/nios2-elf/5.3.0/../../../../../H-x86_64-mingw32/nios2-elf/lib\libc.a(lib_a-findfp.o)
                0x000000000080071c                __fp_lock_all
 .text.__fp_unlock_all
                0x0000000000800734       0x18 c:/intelfpga/18.1/nios2eds/bin/gnu/h-x86_64-mingw32/bin/../lib/gcc/nios2-elf/5.3.0/../../../../../H-x86_64-mingw32/nios2-elf/lib\libc.a(lib_a-findfp.o)
                0x0000000000800734                __fp_unlock_all
 .text          0x000000000080074c        0x0 c:/intelfpga/18.1/nios2eds/bin/gnu/h-x86_64-mingw32/bin/../lib/gcc/nios2-elf/5.3.0/../../../../../H-x86_64-mingw32/nios2-elf/lib\libc.a(lib_a-fvwrite.o)
 .text.__sfvwrite_r
                0x000000000080074c      0x4bc c:/intelfpga/18.1/nios2eds/bin/gnu/h-x86_64-mingw32/bin/../lib/gcc/nios2-elf/5.3.0/../../../../../H-x86_64-mingw32/nios2-elf/lib\libc.a(lib_a-fvwrite.o)
                0x000000000080074c                __sfvwrite_r
 .text          0x0000000000800c08        0x0 c:/intelfpga/18.1/nios2eds/bin/gnu/h-x86_64-mingw32/bin/../lib/gcc/nios2-elf/5.3.0/../../../../../H-x86_64-mingw32/nios2-elf/lib\libc.a(lib_a-fwalk.o)
 .text._fwalk   0x0000000000800c08       0xc4 c:/intelfpga/18.1/nios2eds/bin/gnu/h-x86_64-mingw32/bin/../lib/gcc/nios2-elf/5.3.0/../../../../../H-x86_64-mingw32/nios2-elf/lib\libc.a(lib_a-fwalk.o)
                0x0000000000800c08                _fwalk
 .text._fwalk_reent
                0x0000000000800ccc       0xc4 c:/intelfpga/18.1/nios2eds/bin/gnu/h-x86_64-mingw32/bin/../lib/gcc/nios2-elf/5.3.0/../../../../../H-x86_64-mingw32/nios2-elf/lib\libc.a(lib_a-fwalk.o)
                0x0000000000800ccc                _fwalk_reent
 .text          0x0000000000800d90        0x0 c:/intelfpga/18.1/nios2eds/bin/gnu/h-x86_64-mingw32/bin/../lib/gcc/nios2-elf/5.3.0/../../../../../H-x86_64-mingw32/nios2-elf/lib\libc.a(lib_a-impure.o)
 .text          0x0000000000800d90        0x0 c:/intelfpga/18.1/nios2eds/bin/gnu/h-x86_64-mingw32/bin/../lib/gcc/nios2-elf/5.3.0/../../../../../H-x86_64-mingw32/nios2-elf/lib\libc.a(lib_a-mallocr.o)
 .text._malloc_r
                0x0000000000800d90      0x80c c:/intelfpga/18.1/nios2eds/bin/gnu/h-x86_64-mingw32/bin/../lib/gcc/nios2-elf/5.3.0/../../../../../H-x86_64-mingw32/nios2-elf/lib\libc.a(lib_a-mallocr.o)
                0x0000000000800d90                _malloc_r
 .text          0x000000000080159c        0x0 c:/intelfpga/18.1/nios2eds/bin/gnu/h-x86_64-mingw32/bin/../lib/gcc/nios2-elf/5.3.0/../../../../../H-x86_64-mingw32/nios2-elf/lib\libc.a(lib_a-memchr.o)
 .text.memchr   0x000000000080159c       0xe4 c:/intelfpga/18.1/nios2eds/bin/gnu/h-x86_64-mingw32/bin/../lib/gcc/nios2-elf/5.3.0/../../../../../H-x86_64-mingw32/nios2-elf/lib\libc.a(lib_a-memchr.o)
                0x000000000080159c                memchr
 .text          0x0000000000801680        0x0 c:/intelfpga/18.1/nios2eds/bin/gnu/h-x86_64-mingw32/bin/../lib/gcc/nios2-elf/5.3.0/../../../../../H-x86_64-mingw32/nios2-elf/lib\libc.a(lib_a-memcpy.o)
 .text.memcpy   0x0000000000801680      0x148 c:/intelfpga/18.1/nios2eds/bin/gnu/h-x86_64-mingw32/bin/../lib/gcc/nios2-elf/5.3.0/../../../../../H-x86_64-mingw32/nios2-elf/lib\libc.a(lib_a-memcpy.o)
                0x0000000000801680                memcpy
 .text          0x00000000008017c8        0x0 c:/intelfpga/18.1/nios2eds/bin/gnu/h-x86_64-mingw32/bin/../lib/gcc/nios2-elf/5.3.0/../../../../../H-x86_64-mingw32/nios2-elf/lib\libc.a(lib_a-memmove.o)
 .text.memmove  0x00000000008017c8      0x15c c:/intelfpga/18.1/nios2eds/bin/gnu/h-x86_64-mingw32/bin/../lib/gcc/nios2-elf/5.3.0/../../../../../H-x86_64-mingw32/nios2-elf/lib\libc.a(lib_a-memmove.o)
                0x00000000008017c8                memmove
 .text          0x0000000000801924        0x0 c:/intelfpga/18.1/nios2eds/bin/gnu/h-x86_64-mingw32/bin/../lib/gcc/nios2-elf/5.3.0/../../../../../H-x86_64-mingw32/nios2-elf/lib\libc.a(lib_a-memset.o)
 .text.memset   0x0000000000801924      0x128 c:/intelfpga/18.1/nios2eds/bin/gnu/h-x86_64-mingw32/bin/../lib/gcc/nios2-elf/5.3.0/../../../../../H-x86_64-mingw32/nios2-elf/lib\libc.a(lib_a-memset.o)
                0x0000000000801924                memset
 .text          0x0000000000801a4c        0x0 c:/intelfpga/18.1/nios2eds/bin/gnu/h-x86_64-mingw32/bin/../lib/gcc/nios2-elf/5.3.0/../../../../../H-x86_64-mingw32/nios2-elf/lib\libc.a(lib_a-reallocr.o)
 .text._realloc_r
                0x0000000000801a4c      0x564 c:/intelfpga/18.1/nios2eds/bin/gnu/h-x86_64-mingw32/bin/../lib/gcc/nios2-elf/5.3.0/../../../../../H-x86_64-mingw32/nios2-elf/lib\libc.a(lib_a-reallocr.o)
                0x0000000000801a4c                _realloc_r
 .text          0x0000000000801fb0        0x0 c:/intelfpga/18.1/nios2eds/bin/gnu/h-x86_64-mingw32/bin/../lib/gcc/nios2-elf/5.3.0/../../../../../H-x86_64-mingw32/nios2-elf/lib\libc.a(lib_a-sbrkr.o)
 .text._sbrk_r  0x0000000000801fb0       0x54 c:/intelfpga/18.1/nios2eds/bin/gnu/h-x86_64-mingw32/bin/../lib/gcc/nios2-elf/5.3.0/../../../../../H-x86_64-mingw32/nios2-elf/lib\libc.a(lib_a-sbrkr.o)
                0x0000000000801fb0                _sbrk_r
 .text          0x0000000000802004        0x0 c:/intelfpga/18.1/nios2eds/bin/gnu/h-x86_64-mingw32/bin/../lib/gcc/nios2-elf/5.3.0/../../../../../H-x86_64-mingw32/nios2-elf/lib\libc.a(lib_a-stdio.o)
 .text.__sread  0x0000000000802004       0x54 c:/intelfpga/18.1/nios2eds/bin/gnu/h-x86_64-mingw32/bin/../lib/gcc/nios2-elf/5.3.0/../../../../../H-x86_64-mingw32/nios2-elf/lib\libc.a(lib_a-stdio.o)
                0x0000000000802004                __sread
 .text.__seofread
                0x0000000000802058        0x8 c:/intelfpga/18.1/nios2eds/bin/gnu/h-x86_64-mingw32/bin/../lib/gcc/nios2-elf/5.3.0/../../../../../H-x86_64-mingw32/nios2-elf/lib\libc.a(lib_a-stdio.o)
                0x0000000000802058                __seofread
 .text.__swrite
                0x0000000000802060       0x7c c:/intelfpga/18.1/nios2eds/bin/gnu/h-x86_64-mingw32/bin/../lib/gcc/nios2-elf/5.3.0/../../../../../H-x86_64-mingw32/nios2-elf/lib\libc.a(lib_a-stdio.o)
                0x0000000000802060                __swrite
 .text.__sseek  0x00000000008020dc       0x5c c:/intelfpga/18.1/nios2eds/bin/gnu/h-x86_64-mingw32/bin/../lib/gcc/nios2-elf/5.3.0/../../../../../H-x86_64-mingw32/nios2-elf/lib\libc.a(lib_a-stdio.o)
                0x00000000008020dc                __sseek
 .text.__sclose
                0x0000000000802138        0x8 c:/intelfpga/18.1/nios2eds/bin/gnu/h-x86_64-mingw32/bin/../lib/gcc/nios2-elf/5.3.0/../../../../../H-x86_64-mingw32/nios2-elf/lib\libc.a(lib_a-stdio.o)
                0x0000000000802138                __sclose
 .text          0x0000000000802140        0x0 c:/intelfpga/18.1/nios2eds/bin/gnu/h-x86_64-mingw32/bin/../lib/gcc/nios2-elf/5.3.0/../../../../../H-x86_64-mingw32/nios2-elf/lib\libc.a(lib_a-writer.o)
 .text._write_r
                0x0000000000802140       0x60 c:/intelfpga/18.1/nios2eds/bin/gnu/h-x86_64-mingw32/bin/../lib/gcc/nios2-elf/5.3.0/../../../../../H-x86_64-mingw32/nios2-elf/lib\libc.a(lib_a-writer.o)
                0x0000000000802140                _write_r
 .text          0x00000000008021a0        0x0 c:/intelfpga/18.1/nios2eds/bin/gnu/h-x86_64-mingw32/bin/../lib/gcc/nios2-elf/5.3.0/../../../../../H-x86_64-mingw32/nios2-elf/lib\libc.a(lib_a-wsetup.o)
 .text.__swsetup_r
                0x00000000008021a0      0x154 c:/intelfpga/18.1/nios2eds/bin/gnu/h-x86_64-mingw32/bin/../lib/gcc/nios2-elf/5.3.0/../../../../../H-x86_64-mingw32/nios2-elf/lib\libc.a(lib_a-wsetup.o)
                0x00000000008021a0                __swsetup_r
 .text          0x00000000008022f4        0x0 c:/intelfpga/18.1/nios2eds/bin/gnu/h-x86_64-mingw32/bin/../lib/gcc/nios2-elf/5.3.0/../../../../../H-x86_64-mingw32/nios2-elf/lib\libc.a(closer.o)
 .text._close_r
                0x00000000008022f4       0x54 c:/intelfpga/18.1/nios2eds/bin/gnu/h-x86_64-mingw32/bin/../lib/gcc/nios2-elf/5.3.0/../../../../../H-x86_64-mingw32/nios2-elf/lib\libc.a(closer.o)
                0x00000000008022f4                _close_r
 .text          0x0000000000802348        0x0 c:/intelfpga/18.1/nios2eds/bin/gnu/h-x86_64-mingw32/bin/../lib/gcc/nios2-elf/5.3.0/../../../../../H-x86_64-mingw32/nios2-elf/lib\libc.a(lib_a-fclose.o)
 .text._fclose_r
                0x0000000000802348       0xf0 c:/intelfpga/18.1/nios2eds/bin/gnu/h-x86_64-mingw32/bin/../lib/gcc/nios2-elf/5.3.0/../../../../../H-x86_64-mingw32/nios2-elf/lib\libc.a(lib_a-fclose.o)
                0x0000000000802348                _fclose_r
 .text.fclose   0x0000000000802438       0x14 c:/intelfpga/18.1/nios2eds/bin/gnu/h-x86_64-mingw32/bin/../lib/gcc/nios2-elf/5.3.0/../../../../../H-x86_64-mingw32/nios2-elf/lib\libc.a(lib_a-fclose.o)
                0x0000000000802438                fclose
 .text          0x000000000080244c        0x0 c:/intelfpga/18.1/nios2eds/bin/gnu/h-x86_64-mingw32/bin/../lib/gcc/nios2-elf/5.3.0/../../../../../H-x86_64-mingw32/nios2-elf/lib\libc.a(lib_a-fflush.o)
 .text.__sflush_r
                0x000000000080244c      0x21c c:/intelfpga/18.1/nios2eds/bin/gnu/h-x86_64-mingw32/bin/../lib/gcc/nios2-elf/5.3.0/../../../../../H-x86_64-mingw32/nios2-elf/lib\libc.a(lib_a-fflush.o)
                0x000000000080244c                __sflush_r
 .text._fflush_r
                0x0000000000802668       0x5c c:/intelfpga/18.1/nios2eds/bin/gnu/h-x86_64-mingw32/bin/../lib/gcc/nios2-elf/5.3.0/../../../../../H-x86_64-mingw32/nios2-elf/lib\libc.a(lib_a-fflush.o)
                0x0000000000802668                _fflush_r
 .text.fflush   0x00000000008026c4       0x30 c:/intelfpga/18.1/nios2eds/bin/gnu/h-x86_64-mingw32/bin/../lib/gcc/nios2-elf/5.3.0/../../../../../H-x86_64-mingw32/nios2-elf/lib\libc.a(lib_a-fflush.o)
                0x00000000008026c4                fflush
 .text          0x00000000008026f4        0x0 c:/intelfpga/18.1/nios2eds/bin/gnu/h-x86_64-mingw32/bin/../lib/gcc/nios2-elf/5.3.0/../../../../../H-x86_64-mingw32/nios2-elf/lib\libc.a(lib_a-freer.o)
 .text._malloc_trim_r
                0x00000000008026f4      0x124 c:/intelfpga/18.1/nios2eds/bin/gnu/h-x86_64-mingw32/bin/../lib/gcc/nios2-elf/5.3.0/../../../../../H-x86_64-mingw32/nios2-elf/lib\libc.a(lib_a-freer.o)
                0x00000000008026f4                _malloc_trim_r
 .text._free_r  0x0000000000802818      0x310 c:/intelfpga/18.1/nios2eds/bin/gnu/h-x86_64-mingw32/bin/../lib/gcc/nios2-elf/5.3.0/../../../../../H-x86_64-mingw32/nios2-elf/lib\libc.a(lib_a-freer.o)
                0x0000000000802818                _free_r
 .text          0x0000000000802b28        0x0 c:/intelfpga/18.1/nios2eds/bin/gnu/h-x86_64-mingw32/bin/../lib/gcc/nios2-elf/5.3.0/../../../../../H-x86_64-mingw32/nios2-elf/lib\libc.a(lib_a-int_errno.o)
 .text          0x0000000000802b28        0x0 c:/intelfpga/18.1/nios2eds/bin/gnu/h-x86_64-mingw32/bin/../lib/gcc/nios2-elf/5.3.0/../../../../../H-x86_64-mingw32/nios2-elf/lib\libc.a(lib_a-lseekr.o)
 .text._lseek_r
                0x0000000000802b28       0x60 c:/intelfpga/18.1/nios2eds/bin/gnu/h-x86_64-mingw32/bin/../lib/gcc/nios2-elf/5.3.0/../../../../../H-x86_64-mingw32/nios2-elf/lib\libc.a(lib_a-lseekr.o)
                0x0000000000802b28                _lseek_r
 .text          0x0000000000802b88        0x0 c:/intelfpga/18.1/nios2eds/bin/gnu/h-x86_64-mingw32/bin/../lib/gcc/nios2-elf/5.3.0/../../../../../H-x86_64-mingw32/nios2-elf/lib\libc.a(lib_a-makebuf.o)
 .text.__smakebuf_r
                0x0000000000802b88      0x1bc c:/intelfpga/18.1/nios2eds/bin/gnu/h-x86_64-mingw32/bin/../lib/gcc/nios2-elf/5.3.0/../../../../../H-x86_64-mingw32/nios2-elf/lib\libc.a(lib_a-makebuf.o)
                0x0000000000802b88                __smakebuf_r
 .text          0x0000000000802d44        0x0 c:/intelfpga/18.1/nios2eds/bin/gnu/h-x86_64-mingw32/bin/../lib/gcc/nios2-elf/5.3.0/../../../../../H-x86_64-mingw32/nios2-elf/lib\libc.a(lib_a-readr.o)
 .text._read_r  0x0000000000802d44       0x60 c:/intelfpga/18.1/nios2eds/bin/gnu/h-x86_64-mingw32/bin/../lib/gcc/nios2-elf/5.3.0/../../../../../H-x86_64-mingw32/nios2-elf/lib\libc.a(lib_a-readr.o)
                0x0000000000802d44                _read_r
 .text          0x0000000000802da4        0x0 c:/intelfpga/18.1/nios2eds/bin/gnu/h-x86_64-mingw32/bin/../lib/gcc/nios2-elf/5.3.0/../../../../../H-x86_64-mingw32/nios2-elf/lib\libc.a(lib_a-fstatr.o)
 .text._fstat_r
                0x0000000000802da4       0x5c c:/intelfpga/18.1/nios2eds/bin/gnu/h-x86_64-mingw32/bin/../lib/gcc/nios2-elf/5.3.0/../../../../../H-x86_64-mingw32/nios2-elf/lib\libc.a(lib_a-fstatr.o)
                0x0000000000802da4                _fstat_r
 .text          0x0000000000802e00        0x0 c:/intelfpga/18.1/nios2eds/bin/gnu/h-x86_64-mingw32/bin/../lib/gcc/nios2-elf/5.3.0/../../../../../H-x86_64-mingw32/nios2-elf/lib\libc.a(lib_a-isattyr.o)
 .text._isatty_r
                0x0000000000802e00       0x54 c:/intelfpga/18.1/nios2eds/bin/gnu/h-x86_64-mingw32/bin/../lib/gcc/nios2-elf/5.3.0/../../../../../H-x86_64-mingw32/nios2-elf/lib\libc.a(lib_a-isattyr.o)
                0x0000000000802e00                _isatty_r
 .text          0x0000000000802e54      0x1b4 c:/intelfpga/18.1/nios2eds/bin/gnu/h-x86_64-mingw32/bin/../lib/gcc/nios2-elf/5.3.0\libgcc.a(lib2-divmod.o)
                0x0000000000802e54                __divsi3
                0x0000000000802ed8                __modsi3
                0x0000000000802f4c                __udivsi3
                0x0000000000802fb0                __umodsi3
 .text          0x0000000000803008      0x10c ../tsk5_hello_world_bsp/\libhal_bsp.a(alt_close.o)
                0x0000000000803044                close
 .text          0x0000000000803114       0x2c ../tsk5_hello_world_bsp/\libhal_bsp.a(alt_dev.o)
 .text          0x0000000000803140        0x0 ../tsk5_hello_world_bsp/\libhal_bsp.a(alt_errno.o)
 .text          0x0000000000803140       0xec ../tsk5_hello_world_bsp/\libhal_bsp.a(alt_fstat.o)
                0x000000000080317c                fstat
 .text          0x000000000080322c       0xe0 ../tsk5_hello_world_bsp/\libhal_bsp.a(alt_isatty.o)
                0x0000000000803268                isatty
 .text          0x000000000080330c       0xec ../tsk5_hello_world_bsp/\libhal_bsp.a(alt_load.o)
                0x0000000000803374                alt_load
 .text          0x00000000008033f8      0x110 ../tsk5_hello_world_bsp/\libhal_bsp.a(alt_lseek.o)
                0x0000000000803434                lseek
 .text          0x0000000000803508       0x7c ../tsk5_hello_world_bsp/\libhal_bsp.a(alt_main.o)
                0x0000000000803508                alt_main
 .text          0x0000000000803584       0x48 ../tsk5_hello_world_bsp/\libhal_bsp.a(alt_malloc_lock.o)
                0x0000000000803584                __malloc_lock
                0x00000000008035a8                __malloc_unlock
 .text          0x00000000008035cc      0x138 ../tsk5_hello_world_bsp/\libhal_bsp.a(alt_read.o)
                0x0000000000803608                read
 .text          0x0000000000803704       0x64 ../tsk5_hello_world_bsp/\libhal_bsp.a(alt_release_fd.o)
                0x0000000000803704                alt_release_fd
 .text          0x0000000000803768       0xb0 ../tsk5_hello_world_bsp/\libhal_bsp.a(alt_sbrk.o)
                0x0000000000803768                sbrk
 .text          0x0000000000803818      0x134 ../tsk5_hello_world_bsp/\libhal_bsp.a(alt_write.o)
                0x0000000000803854                write
 .text          0x000000000080394c       0xd0 ../tsk5_hello_world_bsp/\libhal_bsp.a(alt_sys_init.o)
                0x0000000000803980                alt_irq_init
                0x00000000008039b8                alt_sys_init
 .text          0x0000000000803a1c      0x164 ../tsk5_hello_world_bsp/\libhal_bsp.a(altera_avalon_jtag_uart_fd.o)
                0x0000000000803a1c                altera_avalon_jtag_uart_read_fd
                0x0000000000803a7c                altera_avalon_jtag_uart_write_fd
                0x0000000000803adc                altera_avalon_jtag_uart_close_fd
                0x0000000000803b2c                altera_avalon_jtag_uart_ioctl_fd
 .text          0x0000000000803b80      0x3d4 ../tsk5_hello_world_bsp/\libhal_bsp.a(altera_avalon_jtag_uart_init.o)
                0x0000000000803b80                altera_avalon_jtag_uart_init
                0x0000000000803eec                altera_avalon_jtag_uart_close
 .text          0x0000000000803f54       0xf0 ../tsk5_hello_world_bsp/\libhal_bsp.a(altera_avalon_jtag_uart_ioctl.o)
                0x0000000000803f54                altera_avalon_jtag_uart_ioctl
 .text          0x0000000000804044      0x21c ../tsk5_hello_world_bsp/\libhal_bsp.a(altera_avalon_jtag_uart_read.o)
                0x0000000000804044                altera_avalon_jtag_uart_read
 .text          0x0000000000804260      0x224 ../tsk5_hello_world_bsp/\libhal_bsp.a(altera_avalon_jtag_uart_write.o)
                0x0000000000804260                altera_avalon_jtag_uart_write
 .text          0x0000000000804484       0xf4 ../tsk5_hello_world_bsp/\libhal_bsp.a(altera_avalon_timer_sc.o)
                0x00000000008044fc                alt_avalon_timer_sc_init
 .text          0x0000000000804578      0x12c ../tsk5_hello_world_bsp/\libhal_bsp.a(alt_alarm_start.o)
                0x0000000000804578                alt_alarm_start
 .text          0x00000000008046a4       0x48 ../tsk5_hello_world_bsp/\libhal_bsp.a(alt_dcache_flush_all.o)
                0x00000000008046a4                alt_dcache_flush_all
 .text          0x00000000008046ec       0xe0 ../tsk5_hello_world_bsp/\libhal_bsp.a(alt_dev_llist_insert.o)
                0x0000000000804728                alt_dev_llist_insert
 .text          0x00000000008047cc       0x60 ../tsk5_hello_world_bsp/\libhal_bsp.a(alt_do_ctors.o)
                0x00000000008047cc                _do_ctors
 .text          0x000000000080482c       0x60 ../tsk5_hello_world_bsp/\libhal_bsp.a(alt_do_dtors.o)
                0x000000000080482c                _do_dtors
 .text          0x000000000080488c       0x34 ../tsk5_hello_world_bsp/\libhal_bsp.a(alt_icache_flush_all.o)
                0x000000000080488c                alt_icache_flush_all
 .text          0x00000000008048c0      0x1b0 ../tsk5_hello_world_bsp/\libhal_bsp.a(alt_iic.o)
                0x00000000008048c0                alt_ic_isr_register
                0x0000000000804910                alt_ic_irq_enable
                0x0000000000804998                alt_ic_irq_disable
                0x0000000000804a24                alt_ic_irq_enabled
 .text          0x0000000000804a70       0xf0 ../tsk5_hello_world_bsp/\libhal_bsp.a(alt_iic_isr_register.o)
                0x0000000000804a70                alt_iic_isr_register
 .text          0x0000000000804b60      0x140 ../tsk5_hello_world_bsp/\libhal_bsp.a(alt_io_redirect.o)
                0x0000000000804c24                alt_io_redirect
 .text          0x0000000000804ca0        0x0 ../tsk5_hello_world_bsp/\libhal_bsp.a(alt_irq_entry.o)
 .text          0x0000000000804ca0        0x0 ../tsk5_hello_world_bsp/\libhal_bsp.a(alt_irq_handler.o)
 .text          0x0000000000804ca0        0x0 ../tsk5_hello_world_bsp/\libhal_bsp.a(alt_irq_vars.o)
 .text          0x0000000000804ca0      0x254 ../tsk5_hello_world_bsp/\libhal_bsp.a(alt_open.o)
                0x0000000000804da0                open
 .text          0x0000000000804ef4      0x1a4 ../tsk5_hello_world_bsp/\libhal_bsp.a(alt_tick.o)
                0x0000000000804ef4                alt_alarm_stop
                0x0000000000804f90                alt_tick
 .text          0x0000000000805098       0x24 ../tsk5_hello_world_bsp/\libhal_bsp.a(altera_nios2_qsys_irq.o)
                0x0000000000805098                altera_nios2_qsys_irq_init
 .text          0x00000000008050bc        0x0 ../tsk5_hello_world_bsp/\libhal_bsp.a(alt_exception_entry.o)
 .text          0x00000000008050bc       0x90 ../tsk5_hello_world_bsp/\libhal_bsp.a(alt_find_dev.o)
                0x00000000008050bc                alt_find_dev
 .text          0x000000000080514c      0x108 ../tsk5_hello_world_bsp/\libhal_bsp.a(alt_find_file.o)
                0x000000000080514c                alt_find_file
 .text          0x0000000000805254       0xa4 ../tsk5_hello_world_bsp/\libhal_bsp.a(alt_get_fd.o)
                0x0000000000805254                alt_get_fd
 .text          0x00000000008052f8       0x90 ../tsk5_hello_world_bsp/\libhal_bsp.a(alt_icache_flush.o)
                0x00000000008052f8                alt_icache_flush
 .text          0x0000000000805388        0x0 c:/intelfpga/18.1/nios2eds/bin/gnu/h-x86_64-mingw32/bin/../lib/gcc/nios2-elf/5.3.0/../../../../../H-x86_64-mingw32/nios2-elf/lib\libc.a(lib_a-atexit.o)
 .text.atexit   0x0000000000805388       0x14 c:/intelfpga/18.1/nios2eds/bin/gnu/h-x86_64-mingw32/bin/../lib/gcc/nios2-elf/5.3.0/../../../../../H-x86_64-mingw32/nios2-elf/lib\libc.a(lib_a-atexit.o)
                0x0000000000805388                atexit
 .text          0x000000000080539c        0x0 c:/intelfpga/18.1/nios2eds/bin/gnu/h-x86_64-mingw32/bin/../lib/gcc/nios2-elf/5.3.0/../../../../../H-x86_64-mingw32/nios2-elf/lib\libc.a(lib_a-exit.o)
 .text.exit     0x000000000080539c       0x38 c:/intelfpga/18.1/nios2eds/bin/gnu/h-x86_64-mingw32/bin/../lib/gcc/nios2-elf/5.3.0/../../../../../H-x86_64-mingw32/nios2-elf/lib\libc.a(lib_a-exit.o)
                0x000000000080539c                exit
 .text          0x00000000008053d4        0x0 c:/intelfpga/18.1/nios2eds/bin/gnu/h-x86_64-mingw32/bin/../lib/gcc/nios2-elf/5.3.0/../../../../../H-x86_64-mingw32/nios2-elf/lib\libc.a(lib_a-memcmp.o)
 .text.memcmp   0x00000000008053d4       0x7c c:/intelfpga/18.1/nios2eds/bin/gnu/h-x86_64-mingw32/bin/../lib/gcc/nios2-elf/5.3.0/../../../../../H-x86_64-mingw32/nios2-elf/lib\libc.a(lib_a-memcmp.o)
                0x00000000008053d4                memcmp
 .text          0x0000000000805450        0x0 c:/intelfpga/18.1/nios2eds/bin/gnu/h-x86_64-mingw32/bin/../lib/gcc/nios2-elf/5.3.0/../../../../../H-x86_64-mingw32/nios2-elf/lib\libc.a(lib_a-__atexit.o)
 .text.__register_exitproc
                0x0000000000805450      0x118 c:/intelfpga/18.1/nios2eds/bin/gnu/h-x86_64-mingw32/bin/../lib/gcc/nios2-elf/5.3.0/../../../../../H-x86_64-mingw32/nios2-elf/lib\libc.a(lib_a-__atexit.o)
                0x0000000000805450                __register_exitproc
 .text          0x0000000000805568        0x0 c:/intelfpga/18.1/nios2eds/bin/gnu/h-x86_64-mingw32/bin/../lib/gcc/nios2-elf/5.3.0/../../../../../H-x86_64-mingw32/nios2-elf/lib\libc.a(lib_a-__call_atexit.o)
 .text.__call_exitprocs
                0x0000000000805568      0x180 c:/intelfpga/18.1/nios2eds/bin/gnu/h-x86_64-mingw32/bin/../lib/gcc/nios2-elf/5.3.0/../../../../../H-x86_64-mingw32/nios2-elf/lib\libc.a(lib_a-__call_atexit.o)
                0x0000000000805568                __call_exitprocs
 .text          0x00000000008056e8       0x34 ../tsk5_hello_world_bsp/\libhal_bsp.a(alt_exit.o)
                0x00000000008056e8                _exit
 *(.gnu.warning.*)
 *(.fini)
                [!provide]                        PROVIDE (__etext, ABSOLUTE (.))
                [!provide]                        PROVIDE (_etext, ABSOLUTE (.))
                [!provide]                        PROVIDE (etext, ABSOLUTE (.))
 *(.eh_frame_hdr)
                0x000000000080571c                . = ALIGN (0x4)
                [!provide]                        PROVIDE (__preinit_array_start, ABSOLUTE (.))
 *(.preinit_array)
                [!provide]                        PROVIDE (__preinit_array_end, ABSOLUTE (.))
                [!provide]                        PROVIDE (__init_array_start, ABSOLUTE (.))
 *(.init_array)
                [!provide]                        PROVIDE (__init_array_end, ABSOLUTE (.))
                [!provide]                        PROVIDE (__fini_array_start, ABSOLUTE (.))
 *(.fini_array)
                [!provide]                        PROVIDE (__fini_array_end, ABSOLUTE (.))
 *(.eh_frame)
 *(.gcc_except_table .gcc_except_table.*)
 *(.dynamic)
                0x000000000080571c                PROVIDE (__CTOR_LIST__, ABSOLUTE (.))
 *(.ctors)
 *(SORT(.ctors.*))
                0x000000000080571c                PROVIDE (__CTOR_END__, ABSOLUTE (.))
                0x000000000080571c                PROVIDE (__DTOR_LIST__, ABSOLUTE (.))
 *(.dtors)
 *(SORT(.dtors.*))
                0x000000000080571c                PROVIDE (__DTOR_END__, ABSOLUTE (.))
 *(.jcr)
                0x000000000080571c                . = ALIGN (0x4)

.rodata         0x000000000080571c       0x48
                0x000000000080571c                PROVIDE (__ram_rodata_start, ABSOLUTE (.))
                0x000000000080571c                . = ALIGN (0x4)
 *(.rodata .rodata.* .gnu.linkonce.r.*)
 .rodata        0x000000000080571c       0x14 obj/default/hello_world.o
 .rodata.str1.4
                0x0000000000805730        0x2 c:/intelfpga/18.1/nios2eds/bin/gnu/h-x86_64-mingw32/bin/../lib/gcc/nios2-elf/5.3.0/../../../../../H-x86_64-mingw32/nios2-elf/lib\libc.a(lib_a-puts.o)
 *fill*         0x0000000000805732        0x2 
 .rodata.str1.4
                0x0000000000805734        0x4 c:/intelfpga/18.1/nios2eds/bin/gnu/h-x86_64-mingw32/bin/../lib/gcc/nios2-elf/5.3.0/../../../../../H-x86_64-mingw32/nios2-elf/lib\libc.a(lib_a-impure.o)
                                          0x2 (size before relaxing)
 .rodata        0x0000000000805738        0xa ../tsk5_hello_world_bsp/\libhal_bsp.a(alt_dev.o)
 *fill*         0x0000000000805742        0x2 
 .rodata        0x0000000000805744        0xf ../tsk5_hello_world_bsp/\libhal_bsp.a(alt_main.o)
 *fill*         0x0000000000805753        0x1 
 .rodata        0x0000000000805754        0xf ../tsk5_hello_world_bsp/\libhal_bsp.a(alt_sys_init.o)
 *(.rodata1)
                0x0000000000805764                . = ALIGN (0x4)
 *fill*         0x0000000000805763        0x1 
                0x0000000000805764                PROVIDE (__ram_rodata_end, ABSOLUTE (.))
                0x000000000080571c                PROVIDE (__flash_rodata_start, LOADADDR (.rodata))

.rwdata         0x0000000000805764     0x1a6c load address 0x00000000008071d0
                0x0000000000805764                PROVIDE (__ram_rwdata_start, ABSOLUTE (.))
                0x0000000000805764                . = ALIGN (0x4)
 *(.got.plt)
 *(.got)
 *(.data1)
 *(.data .data.* .gnu.linkonce.d.*)
 .data          0x0000000000805764        0x0 ../tsk5_hello_world_bsp//obj/HAL/src/crt0.o
 .data          0x0000000000805764        0x0 obj/default/hello_world.o
 .data          0x0000000000805764        0x0 c:/intelfpga/18.1/nios2eds/bin/gnu/h-x86_64-mingw32/bin/../lib/gcc/nios2-elf/5.3.0/../../../../../H-x86_64-mingw32/nios2-elf/lib\libc.a(lib_a-puts.o)
 .data          0x0000000000805764        0x0 c:/intelfpga/18.1/nios2eds/bin/gnu/h-x86_64-mingw32/bin/../lib/gcc/nios2-elf/5.3.0/../../../../../H-x86_64-mingw32/nios2-elf/lib\libc.a(lib_a-strlen.o)
 .data          0x0000000000805764        0x0 c:/intelfpga/18.1/nios2eds/bin/gnu/h-x86_64-mingw32/bin/../lib/gcc/nios2-elf/5.3.0/../../../../../H-x86_64-mingw32/nios2-elf/lib\libc.a(lib_a-findfp.o)
 .data          0x0000000000805764        0x0 c:/intelfpga/18.1/nios2eds/bin/gnu/h-x86_64-mingw32/bin/../lib/gcc/nios2-elf/5.3.0/../../../../../H-x86_64-mingw32/nios2-elf/lib\libc.a(lib_a-fvwrite.o)
 .data          0x0000000000805764        0x0 c:/intelfpga/18.1/nios2eds/bin/gnu/h-x86_64-mingw32/bin/../lib/gcc/nios2-elf/5.3.0/../../../../../H-x86_64-mingw32/nios2-elf/lib\libc.a(lib_a-fwalk.o)
 .data          0x0000000000805764        0x0 c:/intelfpga/18.1/nios2eds/bin/gnu/h-x86_64-mingw32/bin/../lib/gcc/nios2-elf/5.3.0/../../../../../H-x86_64-mingw32/nios2-elf/lib\libc.a(lib_a-impure.o)
 .data.impure_data
                0x0000000000805764      0x424 c:/intelfpga/18.1/nios2eds/bin/gnu/h-x86_64-mingw32/bin/../lib/gcc/nios2-elf/5.3.0/../../../../../H-x86_64-mingw32/nios2-elf/lib\libc.a(lib_a-impure.o)
 .data          0x0000000000805b88        0x0 c:/intelfpga/18.1/nios2eds/bin/gnu/h-x86_64-mingw32/bin/../lib/gcc/nios2-elf/5.3.0/../../../../../H-x86_64-mingw32/nios2-elf/lib\libc.a(lib_a-mallocr.o)
 .data.__malloc_av_
                0x0000000000805b88      0x408 c:/intelfpga/18.1/nios2eds/bin/gnu/h-x86_64-mingw32/bin/../lib/gcc/nios2-elf/5.3.0/../../../../../H-x86_64-mingw32/nios2-elf/lib\libc.a(lib_a-mallocr.o)
                0x0000000000805b88                __malloc_av_
 .data          0x0000000000805f90        0x0 c:/intelfpga/18.1/nios2eds/bin/gnu/h-x86_64-mingw32/bin/../lib/gcc/nios2-elf/5.3.0/../../../../../H-x86_64-mingw32/nios2-elf/lib\libc.a(lib_a-memchr.o)
 .data          0x0000000000805f90        0x0 c:/intelfpga/18.1/nios2eds/bin/gnu/h-x86_64-mingw32/bin/../lib/gcc/nios2-elf/5.3.0/../../../../../H-x86_64-mingw32/nios2-elf/lib\libc.a(lib_a-memcpy.o)
 .data          0x0000000000805f90        0x0 c:/intelfpga/18.1/nios2eds/bin/gnu/h-x86_64-mingw32/bin/../lib/gcc/nios2-elf/5.3.0/../../../../../H-x86_64-mingw32/nios2-elf/lib\libc.a(lib_a-memmove.o)
 .data          0x0000000000805f90        0x0 c:/intelfpga/18.1/nios2eds/bin/gnu/h-x86_64-mingw32/bin/../lib/gcc/nios2-elf/5.3.0/../../../../../H-x86_64-mingw32/nios2-elf/lib\libc.a(lib_a-memset.o)
 .data          0x0000000000805f90        0x0 c:/intelfpga/18.1/nios2eds/bin/gnu/h-x86_64-mingw32/bin/../lib/gcc/nios2-elf/5.3.0/../../../../../H-x86_64-mingw32/nios2-elf/lib\libc.a(lib_a-reallocr.o)
 .data          0x0000000000805f90        0x0 c:/intelfpga/18.1/nios2eds/bin/gnu/h-x86_64-mingw32/bin/../lib/gcc/nios2-elf/5.3.0/../../../../../H-x86_64-mingw32/nios2-elf/lib\libc.a(lib_a-sbrkr.o)
 .data          0x0000000000805f90        0x0 c:/intelfpga/18.1/nios2eds/bin/gnu/h-x86_64-mingw32/bin/../lib/gcc/nios2-elf/5.3.0/../../../../../H-x86_64-mingw32/nios2-elf/lib\libc.a(lib_a-stdio.o)
 .data          0x0000000000805f90        0x0 c:/intelfpga/18.1/nios2eds/bin/gnu/h-x86_64-mingw32/bin/../lib/gcc/nios2-elf/5.3.0/../../../../../H-x86_64-mingw32/nios2-elf/lib\libc.a(lib_a-writer.o)
 .data          0x0000000000805f90        0x0 c:/intelfpga/18.1/nios2eds/bin/gnu/h-x86_64-mingw32/bin/../lib/gcc/nios2-elf/5.3.0/../../../../../H-x86_64-mingw32/nios2-elf/lib\libc.a(lib_a-wsetup.o)
 .data          0x0000000000805f90        0x0 c:/intelfpga/18.1/nios2eds/bin/gnu/h-x86_64-mingw32/bin/../lib/gcc/nios2-elf/5.3.0/../../../../../H-x86_64-mingw32/nios2-elf/lib\libc.a(closer.o)
 .data          0x0000000000805f90        0x0 c:/intelfpga/18.1/nios2eds/bin/gnu/h-x86_64-mingw32/bin/../lib/gcc/nios2-elf/5.3.0/../../../../../H-x86_64-mingw32/nios2-elf/lib\libc.a(lib_a-fclose.o)
 .data          0x0000000000805f90        0x0 c:/intelfpga/18.1/nios2eds/bin/gnu/h-x86_64-mingw32/bin/../lib/gcc/nios2-elf/5.3.0/../../../../../H-x86_64-mingw32/nios2-elf/lib\libc.a(lib_a-fflush.o)
 .data          0x0000000000805f90        0x0 c:/intelfpga/18.1/nios2eds/bin/gnu/h-x86_64-mingw32/bin/../lib/gcc/nios2-elf/5.3.0/../../../../../H-x86_64-mingw32/nios2-elf/lib\libc.a(lib_a-freer.o)
 .data          0x0000000000805f90        0x0 c:/intelfpga/18.1/nios2eds/bin/gnu/h-x86_64-mingw32/bin/../lib/gcc/nios2-elf/5.3.0/../../../../../H-x86_64-mingw32/nios2-elf/lib\libc.a(lib_a-int_errno.o)
 .data          0x0000000000805f90        0x0 c:/intelfpga/18.1/nios2eds/bin/gnu/h-x86_64-mingw32/bin/../lib/gcc/nios2-elf/5.3.0/../../../../../H-x86_64-mingw32/nios2-elf/lib\libc.a(lib_a-lseekr.o)
 .data          0x0000000000805f90        0x0 c:/intelfpga/18.1/nios2eds/bin/gnu/h-x86_64-mingw32/bin/../lib/gcc/nios2-elf/5.3.0/../../../../../H-x86_64-mingw32/nios2-elf/lib\libc.a(lib_a-makebuf.o)
 .data          0x0000000000805f90        0x0 c:/intelfpga/18.1/nios2eds/bin/gnu/h-x86_64-mingw32/bin/../lib/gcc/nios2-elf/5.3.0/../../../../../H-x86_64-mingw32/nios2-elf/lib\libc.a(lib_a-readr.o)
 .data          0x0000000000805f90        0x0 c:/intelfpga/18.1/nios2eds/bin/gnu/h-x86_64-mingw32/bin/../lib/gcc/nios2-elf/5.3.0/../../../../../H-x86_64-mingw32/nios2-elf/lib\libc.a(lib_a-fstatr.o)
 .data          0x0000000000805f90        0x0 c:/intelfpga/18.1/nios2eds/bin/gnu/h-x86_64-mingw32/bin/../lib/gcc/nios2-elf/5.3.0/../../../../../H-x86_64-mingw32/nios2-elf/lib\libc.a(lib_a-isattyr.o)
 .data          0x0000000000805f90        0x0 c:/intelfpga/18.1/nios2eds/bin/gnu/h-x86_64-mingw32/bin/../lib/gcc/nios2-elf/5.3.0\libgcc.a(lib2-divmod.o)
 .data          0x0000000000805f90        0x0 ../tsk5_hello_world_bsp/\libhal_bsp.a(alt_close.o)
 .data          0x0000000000805f90      0x1a8 ../tsk5_hello_world_bsp/\libhal_bsp.a(alt_dev.o)
                0x0000000000805f90                alt_dev_null
                0x0000000000805fb8                alt_fd_list
 .data          0x0000000000806138        0x0 ../tsk5_hello_world_bsp/\libhal_bsp.a(alt_errno.o)
 .data          0x0000000000806138        0x0 ../tsk5_hello_world_bsp/\libhal_bsp.a(alt_fstat.o)
 .data          0x0000000000806138        0x0 ../tsk5_hello_world_bsp/\libhal_bsp.a(alt_isatty.o)
 .data          0x0000000000806138        0x0 ../tsk5_hello_world_bsp/\libhal_bsp.a(alt_load.o)
 .data          0x0000000000806138        0x0 ../tsk5_hello_world_bsp/\libhal_bsp.a(alt_lseek.o)
 .data          0x0000000000806138        0x0 ../tsk5_hello_world_bsp/\libhal_bsp.a(alt_main.o)
 .data          0x0000000000806138        0x0 ../tsk5_hello_world_bsp/\libhal_bsp.a(alt_malloc_lock.o)
 .data          0x0000000000806138        0x0 ../tsk5_hello_world_bsp/\libhal_bsp.a(alt_read.o)
 .data          0x0000000000806138        0x0 ../tsk5_hello_world_bsp/\libhal_bsp.a(alt_release_fd.o)
 .data          0x0000000000806138        0x0 ../tsk5_hello_world_bsp/\libhal_bsp.a(alt_sbrk.o)
 .data          0x0000000000806138        0x0 ../tsk5_hello_world_bsp/\libhal_bsp.a(alt_write.o)
 .data          0x0000000000806138     0x1060 ../tsk5_hello_world_bsp/\libhal_bsp.a(alt_sys_init.o)
 .data          0x0000000000807198        0x0 ../tsk5_hello_world_bsp/\libhal_bsp.a(altera_avalon_jtag_uart_fd.o)
 .data          0x0000000000807198        0x0 ../tsk5_hello_world_bsp/\libhal_bsp.a(altera_avalon_jtag_uart_init.o)
 .data          0x0000000000807198        0x0 ../tsk5_hello_world_bsp/\libhal_bsp.a(altera_avalon_jtag_uart_ioctl.o)
 .data          0x0000000000807198        0x0 ../tsk5_hello_world_bsp/\libhal_bsp.a(altera_avalon_jtag_uart_read.o)
 .data          0x0000000000807198        0x0 ../tsk5_hello_world_bsp/\libhal_bsp.a(altera_avalon_jtag_uart_write.o)
 .data          0x0000000000807198        0x0 ../tsk5_hello_world_bsp/\libhal_bsp.a(altera_avalon_timer_sc.o)
 .data          0x0000000000807198        0x0 ../tsk5_hello_world_bsp/\libhal_bsp.a(alt_alarm_start.o)
 .data          0x0000000000807198        0x0 ../tsk5_hello_world_bsp/\libhal_bsp.a(alt_dcache_flush_all.o)
 .data          0x0000000000807198        0x0 ../tsk5_hello_world_bsp/\libhal_bsp.a(alt_dev_llist_insert.o)
 .data          0x0000000000807198        0x0 ../tsk5_hello_world_bsp/\libhal_bsp.a(alt_do_ctors.o)
 .data          0x0000000000807198        0x0 ../tsk5_hello_world_bsp/\libhal_bsp.a(alt_do_dtors.o)
 .data          0x0000000000807198        0x0 ../tsk5_hello_world_bsp/\libhal_bsp.a(alt_icache_flush_all.o)
 .data          0x0000000000807198        0x0 ../tsk5_hello_world_bsp/\libhal_bsp.a(alt_iic.o)
 .data          0x0000000000807198        0x0 ../tsk5_hello_world_bsp/\libhal_bsp.a(alt_iic_isr_register.o)
 .data          0x0000000000807198        0x0 ../tsk5_hello_world_bsp/\libhal_bsp.a(alt_io_redirect.o)
 .data          0x0000000000807198        0x0 ../tsk5_hello_world_bsp/\libhal_bsp.a(alt_irq_entry.o)
 .data          0x0000000000807198        0x0 ../tsk5_hello_world_bsp/\libhal_bsp.a(alt_irq_handler.o)
 .data          0x0000000000807198        0x0 ../tsk5_hello_world_bsp/\libhal_bsp.a(alt_irq_vars.o)
 .data          0x0000000000807198        0x0 ../tsk5_hello_world_bsp/\libhal_bsp.a(alt_open.o)
 .data          0x0000000000807198        0x0 ../tsk5_hello_world_bsp/\libhal_bsp.a(alt_tick.o)
 .data          0x0000000000807198        0x0 ../tsk5_hello_world_bsp/\libhal_bsp.a(altera_nios2_qsys_irq.o)
 .data          0x0000000000807198        0x0 ../tsk5_hello_world_bsp/\libhal_bsp.a(alt_exception_entry.o)
 .data          0x0000000000807198        0x0 ../tsk5_hello_world_bsp/\libhal_bsp.a(alt_find_dev.o)
 .data          0x0000000000807198        0x0 ../tsk5_hello_world_bsp/\libhal_bsp.a(alt_find_file.o)
 .data          0x0000000000807198        0x0 ../tsk5_hello_world_bsp/\libhal_bsp.a(alt_get_fd.o)
 .data          0x0000000000807198        0x0 ../tsk5_hello_world_bsp/\libhal_bsp.a(alt_icache_flush.o)
 .data          0x0000000000807198        0x0 c:/intelfpga/18.1/nios2eds/bin/gnu/h-x86_64-mingw32/bin/../lib/gcc/nios2-elf/5.3.0/../../../../../H-x86_64-mingw32/nios2-elf/lib\libc.a(lib_a-atexit.o)
 .data          0x0000000000807198        0x0 c:/intelfpga/18.1/nios2eds/bin/gnu/h-x86_64-mingw32/bin/../lib/gcc/nios2-elf/5.3.0/../../../../../H-x86_64-mingw32/nios2-elf/lib\libc.a(lib_a-exit.o)
 .data          0x0000000000807198        0x0 c:/intelfpga/18.1/nios2eds/bin/gnu/h-x86_64-mingw32/bin/../lib/gcc/nios2-elf/5.3.0/../../../../../H-x86_64-mingw32/nios2-elf/lib\libc.a(lib_a-memcmp.o)
 .data          0x0000000000807198        0x0 c:/intelfpga/18.1/nios2eds/bin/gnu/h-x86_64-mingw32/bin/../lib/gcc/nios2-elf/5.3.0/../../../../../H-x86_64-mingw32/nios2-elf/lib\libc.a(lib_a-__atexit.o)
 .data          0x0000000000807198        0x0 c:/intelfpga/18.1/nios2eds/bin/gnu/h-x86_64-mingw32/bin/../lib/gcc/nios2-elf/5.3.0/../../../../../H-x86_64-mingw32/nios2-elf/lib\libc.a(lib_a-__call_atexit.o)
 .data          0x0000000000807198        0x0 ../tsk5_hello_world_bsp/\libhal_bsp.a(alt_exit.o)
                0x000000000080f198                _gp = ABSOLUTE ((. + 0x8000))
                [!provide]                        PROVIDE (gp, _gp)
 *(.rwdata .rwdata.*)
 *(.sdata .sdata.* .gnu.linkonce.s.*)
 .sdata._global_impure_ptr
                0x0000000000807198        0x4 c:/intelfpga/18.1/nios2eds/bin/gnu/h-x86_64-mingw32/bin/../lib/gcc/nios2-elf/5.3.0/../../../../../H-x86_64-mingw32/nios2-elf/lib\libc.a(lib_a-impure.o)
                0x0000000000807198                _global_impure_ptr
 .sdata._impure_ptr
                0x000000000080719c        0x4 c:/intelfpga/18.1/nios2eds/bin/gnu/h-x86_64-mingw32/bin/../lib/gcc/nios2-elf/5.3.0/../../../../../H-x86_64-mingw32/nios2-elf/lib\libc.a(lib_a-impure.o)
                0x000000000080719c                _impure_ptr
 .sdata.__malloc_sbrk_base
                0x00000000008071a0        0x4 c:/intelfpga/18.1/nios2eds/bin/gnu/h-x86_64-mingw32/bin/../lib/gcc/nios2-elf/5.3.0/../../../../../H-x86_64-mingw32/nios2-elf/lib\libc.a(lib_a-mallocr.o)
                0x00000000008071a0                __malloc_sbrk_base
 .sdata.__malloc_trim_threshold
                0x00000000008071a4        0x4 c:/intelfpga/18.1/nios2eds/bin/gnu/h-x86_64-mingw32/bin/../lib/gcc/nios2-elf/5.3.0/../../../../../H-x86_64-mingw32/nios2-elf/lib\libc.a(lib_a-mallocr.o)
                0x00000000008071a4                __malloc_trim_threshold
 .sdata         0x00000000008071a8       0x14 ../tsk5_hello_world_bsp/\libhal_bsp.a(alt_dev.o)
                0x00000000008071a8                alt_fs_list
                0x00000000008071b0                alt_dev_list
                0x00000000008071b8                alt_max_fd
 .sdata         0x00000000008071bc        0x4 ../tsk5_hello_world_bsp/\libhal_bsp.a(alt_errno.o)
                0x00000000008071bc                alt_errno
 .sdata         0x00000000008071c0        0x4 ../tsk5_hello_world_bsp/\libhal_bsp.a(alt_sbrk.o)
 .sdata         0x00000000008071c4        0x4 ../tsk5_hello_world_bsp/\libhal_bsp.a(alt_irq_vars.o)
                0x00000000008071c4                alt_priority_mask
 .sdata         0x00000000008071c8        0x8 ../tsk5_hello_world_bsp/\libhal_bsp.a(alt_tick.o)
                0x00000000008071c8                alt_alarm_list
 *(.sdata2 .sdata2.* .gnu.linkonce.s2.*)
                0x00000000008071d0                . = ALIGN (0x4)
                0x00000000008071d0                _edata = ABSOLUTE (.)
                [!provide]                        PROVIDE (edata, ABSOLUTE (.))
                0x00000000008071d0                PROVIDE (__ram_rwdata_end, ABSOLUTE (.))
                0x00000000008071d0                PROVIDE (__flash_rwdata_start, LOADADDR (.rwdata))

.bss            0x0000000000808c3c      0x150
                0x0000000000808c3c                __bss_start = ABSOLUTE (.)
                [!provide]                        PROVIDE (__sbss_start, ABSOLUTE (.))
                [!provide]                        PROVIDE (___sbss_start, ABSOLUTE (.))
 *(.dynsbss)
 *(.sbss .sbss.* .gnu.linkonce.sb.*)
 .sbss.__malloc_max_total_mem
                0x0000000000808c3c        0x4 c:/intelfpga/18.1/nios2eds/bin/gnu/h-x86_64-mingw32/bin/../lib/gcc/nios2-elf/5.3.0/../../../../../H-x86_64-mingw32/nios2-elf/lib\libc.a(lib_a-mallocr.o)
                0x0000000000808c3c                __malloc_max_total_mem
 .sbss.__malloc_max_sbrked_mem
                0x0000000000808c40        0x4 c:/intelfpga/18.1/nios2eds/bin/gnu/h-x86_64-mingw32/bin/../lib/gcc/nios2-elf/5.3.0/../../../../../H-x86_64-mingw32/nios2-elf/lib\libc.a(lib_a-mallocr.o)
                0x0000000000808c40                __malloc_max_sbrked_mem
 .sbss.__malloc_top_pad
                0x0000000000808c44        0x4 c:/intelfpga/18.1/nios2eds/bin/gnu/h-x86_64-mingw32/bin/../lib/gcc/nios2-elf/5.3.0/../../../../../H-x86_64-mingw32/nios2-elf/lib\libc.a(lib_a-mallocr.o)
                0x0000000000808c44                __malloc_top_pad
 .sbss          0x0000000000808c48        0x4 c:/intelfpga/18.1/nios2eds/bin/gnu/h-x86_64-mingw32/bin/../lib/gcc/nios2-elf/5.3.0/../../../../../H-x86_64-mingw32/nios2-elf/lib\libc.a(lib_a-int_errno.o)
                0x0000000000808c48                errno
 .sbss          0x0000000000808c4c        0xc ../tsk5_hello_world_bsp/\libhal_bsp.a(alt_main.o)
                0x0000000000808c4c                alt_argc
                0x0000000000808c50                alt_argv
                0x0000000000808c54                alt_envp
 .sbss          0x0000000000808c58        0x4 ../tsk5_hello_world_bsp/\libhal_bsp.a(alt_irq_vars.o)
                0x0000000000808c58                alt_irq_active
 .sbss          0x0000000000808c5c        0x8 ../tsk5_hello_world_bsp/\libhal_bsp.a(alt_tick.o)
                0x0000000000808c5c                _alt_tick_rate
                0x0000000000808c60                _alt_nticks
 *(.sbss2 .sbss2.* .gnu.linkonce.sb2.*)
 *(.scommon)
                [!provide]                        PROVIDE (__sbss_end, ABSOLUTE (.))
                [!provide]                        PROVIDE (___sbss_end, ABSOLUTE (.))
 *(.dynbss)
 *(.bss .bss.* .gnu.linkonce.b.*)
 .bss           0x0000000000808c64        0x0 ../tsk5_hello_world_bsp//obj/HAL/src/crt0.o
 .bss           0x0000000000808c64        0x0 obj/default/hello_world.o
 .bss           0x0000000000808c64        0x0 c:/intelfpga/18.1/nios2eds/bin/gnu/h-x86_64-mingw32/bin/../lib/gcc/nios2-elf/5.3.0/../../../../../H-x86_64-mingw32/nios2-elf/lib\libc.a(lib_a-puts.o)
 .bss           0x0000000000808c64        0x0 c:/intelfpga/18.1/nios2eds/bin/gnu/h-x86_64-mingw32/bin/../lib/gcc/nios2-elf/5.3.0/../../../../../H-x86_64-mingw32/nios2-elf/lib\libc.a(lib_a-strlen.o)
 .bss           0x0000000000808c64        0x0 c:/intelfpga/18.1/nios2eds/bin/gnu/h-x86_64-mingw32/bin/../lib/gcc/nios2-elf/5.3.0/../../../../../H-x86_64-mingw32/nios2-elf/lib\libc.a(lib_a-findfp.o)
 .bss           0x0000000000808c64        0x0 c:/intelfpga/18.1/nios2eds/bin/gnu/h-x86_64-mingw32/bin/../lib/gcc/nios2-elf/5.3.0/../../../../../H-x86_64-mingw32/nios2-elf/lib\libc.a(lib_a-fvwrite.o)
 .bss           0x0000000000808c64        0x0 c:/intelfpga/18.1/nios2eds/bin/gnu/h-x86_64-mingw32/bin/../lib/gcc/nios2-elf/5.3.0/../../../../../H-x86_64-mingw32/nios2-elf/lib\libc.a(lib_a-fwalk.o)
 .bss           0x0000000000808c64        0x0 c:/intelfpga/18.1/nios2eds/bin/gnu/h-x86_64-mingw32/bin/../lib/gcc/nios2-elf/5.3.0/../../../../../H-x86_64-mingw32/nios2-elf/lib\libc.a(lib_a-impure.o)
 .bss           0x0000000000808c64        0x0 c:/intelfpga/18.1/nios2eds/bin/gnu/h-x86_64-mingw32/bin/../lib/gcc/nios2-elf/5.3.0/../../../../../H-x86_64-mingw32/nios2-elf/lib\libc.a(lib_a-mallocr.o)
 .bss.__malloc_current_mallinfo
                0x0000000000808c64       0x28 c:/intelfpga/18.1/nios2eds/bin/gnu/h-x86_64-mingw32/bin/../lib/gcc/nios2-elf/5.3.0/../../../../../H-x86_64-mingw32/nios2-elf/lib\libc.a(lib_a-mallocr.o)
                0x0000000000808c64                __malloc_current_mallinfo
 .bss           0x0000000000808c8c        0x0 c:/intelfpga/18.1/nios2eds/bin/gnu/h-x86_64-mingw32/bin/../lib/gcc/nios2-elf/5.3.0/../../../../../H-x86_64-mingw32/nios2-elf/lib\libc.a(lib_a-memchr.o)
 .bss           0x0000000000808c8c        0x0 c:/intelfpga/18.1/nios2eds/bin/gnu/h-x86_64-mingw32/bin/../lib/gcc/nios2-elf/5.3.0/../../../../../H-x86_64-mingw32/nios2-elf/lib\libc.a(lib_a-memcpy.o)
 .bss           0x0000000000808c8c        0x0 c:/intelfpga/18.1/nios2eds/bin/gnu/h-x86_64-mingw32/bin/../lib/gcc/nios2-elf/5.3.0/../../../../../H-x86_64-mingw32/nios2-elf/lib\libc.a(lib_a-memmove.o)
 .bss           0x0000000000808c8c        0x0 c:/intelfpga/18.1/nios2eds/bin/gnu/h-x86_64-mingw32/bin/../lib/gcc/nios2-elf/5.3.0/../../../../../H-x86_64-mingw32/nios2-elf/lib\libc.a(lib_a-memset.o)
 .bss           0x0000000000808c8c        0x0 c:/intelfpga/18.1/nios2eds/bin/gnu/h-x86_64-mingw32/bin/../lib/gcc/nios2-elf/5.3.0/../../../../../H-x86_64-mingw32/nios2-elf/lib\libc.a(lib_a-reallocr.o)
 .bss           0x0000000000808c8c        0x0 c:/intelfpga/18.1/nios2eds/bin/gnu/h-x86_64-mingw32/bin/../lib/gcc/nios2-elf/5.3.0/../../../../../H-x86_64-mingw32/nios2-elf/lib\libc.a(lib_a-sbrkr.o)
 .bss           0x0000000000808c8c        0x0 c:/intelfpga/18.1/nios2eds/bin/gnu/h-x86_64-mingw32/bin/../lib/gcc/nios2-elf/5.3.0/../../../../../H-x86_64-mingw32/nios2-elf/lib\libc.a(lib_a-stdio.o)
 .bss           0x0000000000808c8c        0x0 c:/intelfpga/18.1/nios2eds/bin/gnu/h-x86_64-mingw32/bin/../lib/gcc/nios2-elf/5.3.0/../../../../../H-x86_64-mingw32/nios2-elf/lib\libc.a(lib_a-writer.o)
 .bss           0x0000000000808c8c        0x0 c:/intelfpga/18.1/nios2eds/bin/gnu/h-x86_64-mingw32/bin/../lib/gcc/nios2-elf/5.3.0/../../../../../H-x86_64-mingw32/nios2-elf/lib\libc.a(lib_a-wsetup.o)
 .bss           0x0000000000808c8c        0x0 c:/intelfpga/18.1/nios2eds/bin/gnu/h-x86_64-mingw32/bin/../lib/gcc/nios2-elf/5.3.0/../../../../../H-x86_64-mingw32/nios2-elf/lib\libc.a(closer.o)
 .bss           0x0000000000808c8c        0x0 c:/intelfpga/18.1/nios2eds/bin/gnu/h-x86_64-mingw32/bin/../lib/gcc/nios2-elf/5.3.0/../../../../../H-x86_64-mingw32/nios2-elf/lib\libc.a(lib_a-fclose.o)
 .bss           0x0000000000808c8c        0x0 c:/intelfpga/18.1/nios2eds/bin/gnu/h-x86_64-mingw32/bin/../lib/gcc/nios2-elf/5.3.0/../../../../../H-x86_64-mingw32/nios2-elf/lib\libc.a(lib_a-fflush.o)
 .bss           0x0000000000808c8c        0x0 c:/intelfpga/18.1/nios2eds/bin/gnu/h-x86_64-mingw32/bin/../lib/gcc/nios2-elf/5.3.0/../../../../../H-x86_64-mingw32/nios2-elf/lib\libc.a(lib_a-freer.o)
 .bss           0x0000000000808c8c        0x0 c:/intelfpga/18.1/nios2eds/bin/gnu/h-x86_64-mingw32/bin/../lib/gcc/nios2-elf/5.3.0/../../../../../H-x86_64-mingw32/nios2-elf/lib\libc.a(lib_a-int_errno.o)
 .bss           0x0000000000808c8c        0x0 c:/intelfpga/18.1/nios2eds/bin/gnu/h-x86_64-mingw32/bin/../lib/gcc/nios2-elf/5.3.0/../../../../../H-x86_64-mingw32/nios2-elf/lib\libc.a(lib_a-lseekr.o)
 .bss           0x0000000000808c8c        0x0 c:/intelfpga/18.1/nios2eds/bin/gnu/h-x86_64-mingw32/bin/../lib/gcc/nios2-elf/5.3.0/../../../../../H-x86_64-mingw32/nios2-elf/lib\libc.a(lib_a-makebuf.o)
 .bss           0x0000000000808c8c        0x0 c:/intelfpga/18.1/nios2eds/bin/gnu/h-x86_64-mingw32/bin/../lib/gcc/nios2-elf/5.3.0/../../../../../H-x86_64-mingw32/nios2-elf/lib\libc.a(lib_a-readr.o)
 .bss           0x0000000000808c8c        0x0 c:/intelfpga/18.1/nios2eds/bin/gnu/h-x86_64-mingw32/bin/../lib/gcc/nios2-elf/5.3.0/../../../../../H-x86_64-mingw32/nios2-elf/lib\libc.a(lib_a-fstatr.o)
 .bss           0x0000000000808c8c        0x0 c:/intelfpga/18.1/nios2eds/bin/gnu/h-x86_64-mingw32/bin/../lib/gcc/nios2-elf/5.3.0/../../../../../H-x86_64-mingw32/nios2-elf/lib\libc.a(lib_a-isattyr.o)
 .bss           0x0000000000808c8c        0x0 c:/intelfpga/18.1/nios2eds/bin/gnu/h-x86_64-mingw32/bin/../lib/gcc/nios2-elf/5.3.0\libgcc.a(lib2-divmod.o)
 .bss           0x0000000000808c8c        0x0 ../tsk5_hello_world_bsp/\libhal_bsp.a(alt_close.o)
 .bss           0x0000000000808c8c        0x0 ../tsk5_hello_world_bsp/\libhal_bsp.a(alt_dev.o)
 .bss           0x0000000000808c8c        0x0 ../tsk5_hello_world_bsp/\libhal_bsp.a(alt_errno.o)
 .bss           0x0000000000808c8c        0x0 ../tsk5_hello_world_bsp/\libhal_bsp.a(alt_fstat.o)
 .bss           0x0000000000808c8c        0x0 ../tsk5_hello_world_bsp/\libhal_bsp.a(alt_isatty.o)
 .bss           0x0000000000808c8c        0x0 ../tsk5_hello_world_bsp/\libhal_bsp.a(alt_load.o)
 .bss           0x0000000000808c8c        0x0 ../tsk5_hello_world_bsp/\libhal_bsp.a(alt_lseek.o)
 .bss           0x0000000000808c8c        0x0 ../tsk5_hello_world_bsp/\libhal_bsp.a(alt_main.o)
 .bss           0x0000000000808c8c        0x0 ../tsk5_hello_world_bsp/\libhal_bsp.a(alt_malloc_lock.o)
 .bss           0x0000000000808c8c        0x0 ../tsk5_hello_world_bsp/\libhal_bsp.a(alt_read.o)
 .bss           0x0000000000808c8c        0x0 ../tsk5_hello_world_bsp/\libhal_bsp.a(alt_release_fd.o)
 .bss           0x0000000000808c8c        0x0 ../tsk5_hello_world_bsp/\libhal_bsp.a(alt_sbrk.o)
 .bss           0x0000000000808c8c        0x0 ../tsk5_hello_world_bsp/\libhal_bsp.a(alt_write.o)
 .bss           0x0000000000808c8c        0x0 ../tsk5_hello_world_bsp/\libhal_bsp.a(alt_sys_init.o)
 .bss           0x0000000000808c8c        0x0 ../tsk5_hello_world_bsp/\libhal_bsp.a(altera_avalon_jtag_uart_fd.o)
 .bss           0x0000000000808c8c        0x0 ../tsk5_hello_world_bsp/\libhal_bsp.a(altera_avalon_jtag_uart_init.o)
 .bss           0x0000000000808c8c        0x0 ../tsk5_hello_world_bsp/\libhal_bsp.a(altera_avalon_jtag_uart_ioctl.o)
 .bss           0x0000000000808c8c        0x0 ../tsk5_hello_world_bsp/\libhal_bsp.a(altera_avalon_jtag_uart_read.o)
 .bss           0x0000000000808c8c        0x0 ../tsk5_hello_world_bsp/\libhal_bsp.a(altera_avalon_jtag_uart_write.o)
 .bss           0x0000000000808c8c        0x0 ../tsk5_hello_world_bsp/\libhal_bsp.a(altera_avalon_timer_sc.o)
 .bss           0x0000000000808c8c        0x0 ../tsk5_hello_world_bsp/\libhal_bsp.a(alt_alarm_start.o)
 .bss           0x0000000000808c8c        0x0 ../tsk5_hello_world_bsp/\libhal_bsp.a(alt_dcache_flush_all.o)
 .bss           0x0000000000808c8c        0x0 ../tsk5_hello_world_bsp/\libhal_bsp.a(alt_dev_llist_insert.o)
 .bss           0x0000000000808c8c        0x0 ../tsk5_hello_world_bsp/\libhal_bsp.a(alt_do_ctors.o)
 .bss           0x0000000000808c8c        0x0 ../tsk5_hello_world_bsp/\libhal_bsp.a(alt_do_dtors.o)
 .bss           0x0000000000808c8c        0x0 ../tsk5_hello_world_bsp/\libhal_bsp.a(alt_icache_flush_all.o)
 .bss           0x0000000000808c8c        0x0 ../tsk5_hello_world_bsp/\libhal_bsp.a(alt_iic.o)
 .bss           0x0000000000808c8c        0x0 ../tsk5_hello_world_bsp/\libhal_bsp.a(alt_iic_isr_register.o)
 .bss           0x0000000000808c8c        0x0 ../tsk5_hello_world_bsp/\libhal_bsp.a(alt_io_redirect.o)
 .bss           0x0000000000808c8c        0x0 ../tsk5_hello_world_bsp/\libhal_bsp.a(alt_irq_entry.o)
 .bss           0x0000000000808c8c        0x0 ../tsk5_hello_world_bsp/\libhal_bsp.a(alt_irq_handler.o)
 .bss           0x0000000000808c8c        0x0 ../tsk5_hello_world_bsp/\libhal_bsp.a(alt_irq_vars.o)
 .bss           0x0000000000808c8c        0x0 ../tsk5_hello_world_bsp/\libhal_bsp.a(alt_open.o)
 .bss           0x0000000000808c8c        0x0 ../tsk5_hello_world_bsp/\libhal_bsp.a(alt_tick.o)
 .bss           0x0000000000808c8c        0x0 ../tsk5_hello_world_bsp/\libhal_bsp.a(altera_nios2_qsys_irq.o)
 .bss           0x0000000000808c8c        0x0 ../tsk5_hello_world_bsp/\libhal_bsp.a(alt_exception_entry.o)
 .bss           0x0000000000808c8c        0x0 ../tsk5_hello_world_bsp/\libhal_bsp.a(alt_find_dev.o)
 .bss           0x0000000000808c8c        0x0 ../tsk5_hello_world_bsp/\libhal_bsp.a(alt_find_file.o)
 .bss           0x0000000000808c8c        0x0 ../tsk5_hello_world_bsp/\libhal_bsp.a(alt_get_fd.o)
 .bss           0x0000000000808c8c        0x0 ../tsk5_hello_world_bsp/\libhal_bsp.a(alt_icache_flush.o)
 .bss           0x0000000000808c8c        0x0 c:/intelfpga/18.1/nios2eds/bin/gnu/h-x86_64-mingw32/bin/../lib/gcc/nios2-elf/5.3.0/../../../../../H-x86_64-mingw32/nios2-elf/lib\libc.a(lib_a-atexit.o)
 .bss           0x0000000000808c8c        0x0 c:/intelfpga/18.1/nios2eds/bin/gnu/h-x86_64-mingw32/bin/../lib/gcc/nios2-elf/5.3.0/../../../../../H-x86_64-mingw32/nios2-elf/lib\libc.a(lib_a-exit.o)
 .bss           0x0000000000808c8c        0x0 c:/intelfpga/18.1/nios2eds/bin/gnu/h-x86_64-mingw32/bin/../lib/gcc/nios2-elf/5.3.0/../../../../../H-x86_64-mingw32/nios2-elf/lib\libc.a(lib_a-memcmp.o)
 .bss           0x0000000000808c8c        0x0 c:/intelfpga/18.1/nios2eds/bin/gnu/h-x86_64-mingw32/bin/../lib/gcc/nios2-elf/5.3.0/../../../../../H-x86_64-mingw32/nios2-elf/lib\libc.a(lib_a-__atexit.o)
 .bss           0x0000000000808c8c        0x0 c:/intelfpga/18.1/nios2eds/bin/gnu/h-x86_64-mingw32/bin/../lib/gcc/nios2-elf/5.3.0/../../../../../H-x86_64-mingw32/nios2-elf/lib\libc.a(lib_a-__call_atexit.o)
 .bss           0x0000000000808c8c        0x0 ../tsk5_hello_world_bsp/\libhal_bsp.a(alt_exit.o)
 *(COMMON)
 COMMON         0x0000000000808c8c      0x100 ../tsk5_hello_world_bsp/\libhal_bsp.a(alt_irq_handler.o)
                0x0000000000808c8c                alt_irq
                0x0000000000808d8c                . = ALIGN (0x4)
                0x0000000000808d8c                __bss_end = ABSOLUTE (.)

.sdram          0x0000000000808d8c        0x0
                [!provide]                        PROVIDE (_alt_partition_sdram_start, ABSOLUTE (.))
 *(.sdram .sdram. sdram.*)
                0x0000000000808d8c                . = ALIGN (0x4)
                [!provide]                        PROVIDE (_alt_partition_sdram_end, ABSOLUTE (.))
                0x0000000000808d8c                _end = ABSOLUTE (.)
                0x0000000000808d8c                end = ABSOLUTE (.)
                0x0000000000808d8c                __alt_stack_base = ABSOLUTE (.)
                [!provide]                        PROVIDE (_alt_partition_sdram_load_addr, LOADADDR (.sdram))

.stab
 *(.stab)

.stabstr
 *(.stabstr)

.stab.excl
 *(.stab.excl)

.stab.exclstr
 *(.stab.exclstr)

.stab.index
 *(.stab.index)

.stab.indexstr
 *(.stab.indexstr)

.comment        0x0000000000000000       0x23
 *(.comment)
 .comment       0x0000000000000000       0x23 obj/default/hello_world.o
                                         0x24 (size before relaxing)
 .comment       0x0000000000000023       0x24 c:/intelfpga/18.1/nios2eds/bin/gnu/h-x86_64-mingw32/bin/../lib/gcc/nios2-elf/5.3.0/../../../../../H-x86_64-mingw32/nios2-elf/lib\libc.a(lib_a-puts.o)
 .comment       0x0000000000000023       0x24 c:/intelfpga/18.1/nios2eds/bin/gnu/h-x86_64-mingw32/bin/../lib/gcc/nios2-elf/5.3.0/../../../../../H-x86_64-mingw32/nios2-elf/lib\libc.a(lib_a-strlen.o)
 .comment       0x0000000000000023       0x24 c:/intelfpga/18.1/nios2eds/bin/gnu/h-x86_64-mingw32/bin/../lib/gcc/nios2-elf/5.3.0/../../../../../H-x86_64-mingw32/nios2-elf/lib\libc.a(lib_a-findfp.o)
 .comment       0x0000000000000023       0x24 c:/intelfpga/18.1/nios2eds/bin/gnu/h-x86_64-mingw32/bin/../lib/gcc/nios2-elf/5.3.0/../../../../../H-x86_64-mingw32/nios2-elf/lib\libc.a(lib_a-fvwrite.o)
 .comment       0x0000000000000023       0x24 c:/intelfpga/18.1/nios2eds/bin/gnu/h-x86_64-mingw32/bin/../lib/gcc/nios2-elf/5.3.0/../../../../../H-x86_64-mingw32/nios2-elf/lib\libc.a(lib_a-fwalk.o)
 .comment       0x0000000000000023       0x24 c:/intelfpga/18.1/nios2eds/bin/gnu/h-x86_64-mingw32/bin/../lib/gcc/nios2-elf/5.3.0/../../../../../H-x86_64-mingw32/nios2-elf/lib\libc.a(lib_a-impure.o)
 .comment       0x0000000000000023       0x24 c:/intelfpga/18.1/nios2eds/bin/gnu/h-x86_64-mingw32/bin/../lib/gcc/nios2-elf/5.3.0/../../../../../H-x86_64-mingw32/nios2-elf/lib\libc.a(lib_a-mallocr.o)
 .comment       0x0000000000000023       0x24 c:/intelfpga/18.1/nios2eds/bin/gnu/h-x86_64-mingw32/bin/../lib/gcc/nios2-elf/5.3.0/../../../../../H-x86_64-mingw32/nios2-elf/lib\libc.a(lib_a-memchr.o)
 .comment       0x0000000000000023       0x24 c:/intelfpga/18.1/nios2eds/bin/gnu/h-x86_64-mingw32/bin/../lib/gcc/nios2-elf/5.3.0/../../../../../H-x86_64-mingw32/nios2-elf/lib\libc.a(lib_a-memcpy.o)
 .comment       0x0000000000000023       0x24 c:/intelfpga/18.1/nios2eds/bin/gnu/h-x86_64-mingw32/bin/../lib/gcc/nios2-elf/5.3.0/../../../../../H-x86_64-mingw32/nios2-elf/lib\libc.a(lib_a-memmove.o)
 .comment       0x0000000000000023       0x24 c:/intelfpga/18.1/nios2eds/bin/gnu/h-x86_64-mingw32/bin/../lib/gcc/nios2-elf/5.3.0/../../../../../H-x86_64-mingw32/nios2-elf/lib\libc.a(lib_a-memset.o)
 .comment       0x0000000000000023       0x24 c:/intelfpga/18.1/nios2eds/bin/gnu/h-x86_64-mingw32/bin/../lib/gcc/nios2-elf/5.3.0/../../../../../H-x86_64-mingw32/nios2-elf/lib\libc.a(lib_a-reallocr.o)
 .comment       0x0000000000000023       0x24 c:/intelfpga/18.1/nios2eds/bin/gnu/h-x86_64-mingw32/bin/../lib/gcc/nios2-elf/5.3.0/../../../../../H-x86_64-mingw32/nios2-elf/lib\libc.a(lib_a-sbrkr.o)
 .comment       0x0000000000000023       0x24 c:/intelfpga/18.1/nios2eds/bin/gnu/h-x86_64-mingw32/bin/../lib/gcc/nios2-elf/5.3.0/../../../../../H-x86_64-mingw32/nios2-elf/lib\libc.a(lib_a-stdio.o)
 .comment       0x0000000000000023       0x24 c:/intelfpga/18.1/nios2eds/bin/gnu/h-x86_64-mingw32/bin/../lib/gcc/nios2-elf/5.3.0/../../../../../H-x86_64-mingw32/nios2-elf/lib\libc.a(lib_a-writer.o)
 .comment       0x0000000000000023       0x24 c:/intelfpga/18.1/nios2eds/bin/gnu/h-x86_64-mingw32/bin/../lib/gcc/nios2-elf/5.3.0/../../../../../H-x86_64-mingw32/nios2-elf/lib\libc.a(lib_a-wsetup.o)
 .comment       0x0000000000000023       0x24 c:/intelfpga/18.1/nios2eds/bin/gnu/h-x86_64-mingw32/bin/../lib/gcc/nios2-elf/5.3.0/../../../../../H-x86_64-mingw32/nios2-elf/lib\libc.a(closer.o)
 .comment       0x0000000000000023       0x24 c:/intelfpga/18.1/nios2eds/bin/gnu/h-x86_64-mingw32/bin/../lib/gcc/nios2-elf/5.3.0/../../../../../H-x86_64-mingw32/nios2-elf/lib\libc.a(lib_a-fclose.o)
 .comment       0x0000000000000023       0x24 c:/intelfpga/18.1/nios2eds/bin/gnu/h-x86_64-mingw32/bin/../lib/gcc/nios2-elf/5.3.0/../../../../../H-x86_64-mingw32/nios2-elf/lib\libc.a(lib_a-fflush.o)
 .comment       0x0000000000000023       0x24 c:/intelfpga/18.1/nios2eds/bin/gnu/h-x86_64-mingw32/bin/../lib/gcc/nios2-elf/5.3.0/../../../../../H-x86_64-mingw32/nios2-elf/lib\libc.a(lib_a-freer.o)
 .comment       0x0000000000000023       0x24 c:/intelfpga/18.1/nios2eds/bin/gnu/h-x86_64-mingw32/bin/../lib/gcc/nios2-elf/5.3.0/../../../../../H-x86_64-mingw32/nios2-elf/lib\libc.a(lib_a-int_errno.o)
 .comment       0x0000000000000023       0x24 c:/intelfpga/18.1/nios2eds/bin/gnu/h-x86_64-mingw32/bin/../lib/gcc/nios2-elf/5.3.0/../../../../../H-x86_64-mingw32/nios2-elf/lib\libc.a(lib_a-lseekr.o)
 .comment       0x0000000000000023       0x24 c:/intelfpga/18.1/nios2eds/bin/gnu/h-x86_64-mingw32/bin/../lib/gcc/nios2-elf/5.3.0/../../../../../H-x86_64-mingw32/nios2-elf/lib\libc.a(lib_a-makebuf.o)
 .comment       0x0000000000000023       0x24 c:/intelfpga/18.1/nios2eds/bin/gnu/h-x86_64-mingw32/bin/../lib/gcc/nios2-elf/5.3.0/../../../../../H-x86_64-mingw32/nios2-elf/lib\libc.a(lib_a-readr.o)
 .comment       0x0000000000000023       0x24 c:/intelfpga/18.1/nios2eds/bin/gnu/h-x86_64-mingw32/bin/../lib/gcc/nios2-elf/5.3.0/../../../../../H-x86_64-mingw32/nios2-elf/lib\libc.a(lib_a-fstatr.o)
 .comment       0x0000000000000023       0x24 c:/intelfpga/18.1/nios2eds/bin/gnu/h-x86_64-mingw32/bin/../lib/gcc/nios2-elf/5.3.0/../../../../../H-x86_64-mingw32/nios2-elf/lib\libc.a(lib_a-isattyr.o)
 .comment       0x0000000000000023       0x24 c:/intelfpga/18.1/nios2eds/bin/gnu/h-x86_64-mingw32/bin/../lib/gcc/nios2-elf/5.3.0\libgcc.a(lib2-divmod.o)
 .comment       0x0000000000000023       0x24 ../tsk5_hello_world_bsp/\libhal_bsp.a(alt_close.o)
 .comment       0x0000000000000023       0x24 ../tsk5_hello_world_bsp/\libhal_bsp.a(alt_dev.o)
 .comment       0x0000000000000023       0x24 ../tsk5_hello_world_bsp/\libhal_bsp.a(alt_errno.o)
 .comment       0x0000000000000023       0x24 ../tsk5_hello_world_bsp/\libhal_bsp.a(alt_fstat.o)
 .comment       0x0000000000000023       0x24 ../tsk5_hello_world_bsp/\libhal_bsp.a(alt_isatty.o)
 .comment       0x0000000000000023       0x24 ../tsk5_hello_world_bsp/\libhal_bsp.a(alt_load.o)
 .comment       0x0000000000000023       0x24 ../tsk5_hello_world_bsp/\libhal_bsp.a(alt_lseek.o)
 .comment       0x0000000000000023       0x24 ../tsk5_hello_world_bsp/\libhal_bsp.a(alt_main.o)
 .comment       0x0000000000000023       0x24 ../tsk5_hello_world_bsp/\libhal_bsp.a(alt_malloc_lock.o)
 .comment       0x0000000000000023       0x24 ../tsk5_hello_world_bsp/\libhal_bsp.a(alt_read.o)
 .comment       0x0000000000000023       0x24 ../tsk5_hello_world_bsp/\libhal_bsp.a(alt_release_fd.o)
 .comment       0x0000000000000023       0x24 ../tsk5_hello_world_bsp/\libhal_bsp.a(alt_sbrk.o)
 .comment       0x0000000000000023       0x24 ../tsk5_hello_world_bsp/\libhal_bsp.a(alt_write.o)
 .comment       0x0000000000000023       0x24 ../tsk5_hello_world_bsp/\libhal_bsp.a(alt_sys_init.o)
 .comment       0x0000000000000023       0x24 ../tsk5_hello_world_bsp/\libhal_bsp.a(altera_avalon_jtag_uart_fd.o)
 .comment       0x0000000000000023       0x24 ../tsk5_hello_world_bsp/\libhal_bsp.a(altera_avalon_jtag_uart_init.o)
 .comment       0x0000000000000023       0x24 ../tsk5_hello_world_bsp/\libhal_bsp.a(altera_avalon_jtag_uart_ioctl.o)
 .comment       0x0000000000000023       0x24 ../tsk5_hello_world_bsp/\libhal_bsp.a(altera_avalon_jtag_uart_read.o)
 .comment       0x0000000000000023       0x24 ../tsk5_hello_world_bsp/\libhal_bsp.a(altera_avalon_jtag_uart_write.o)
 .comment       0x0000000000000023       0x24 ../tsk5_hello_world_bsp/\libhal_bsp.a(altera_avalon_timer_sc.o)
 .comment       0x0000000000000023       0x24 ../tsk5_hello_world_bsp/\libhal_bsp.a(alt_alarm_start.o)
 .comment       0x0000000000000023       0x24 ../tsk5_hello_world_bsp/\libhal_bsp.a(alt_dcache_flush_all.o)
 .comment       0x0000000000000023       0x24 ../tsk5_hello_world_bsp/\libhal_bsp.a(alt_dev_llist_insert.o)
 .comment       0x0000000000000023       0x24 ../tsk5_hello_world_bsp/\libhal_bsp.a(alt_do_ctors.o)
 .comment       0x0000000000000023       0x24 ../tsk5_hello_world_bsp/\libhal_bsp.a(alt_do_dtors.o)
 .comment       0x0000000000000023       0x24 ../tsk5_hello_world_bsp/\libhal_bsp.a(alt_icache_flush_all.o)
 .comment       0x0000000000000023       0x24 ../tsk5_hello_world_bsp/\libhal_bsp.a(alt_iic.o)
 .comment       0x0000000000000023       0x24 ../tsk5_hello_world_bsp/\libhal_bsp.a(alt_iic_isr_register.o)
 .comment       0x0000000000000023       0x24 ../tsk5_hello_world_bsp/\libhal_bsp.a(alt_io_redirect.o)
 .comment       0x0000000000000023       0x24 ../tsk5_hello_world_bsp/\libhal_bsp.a(alt_irq_handler.o)
 .comment       0x0000000000000023       0x24 ../tsk5_hello_world_bsp/\libhal_bsp.a(alt_irq_vars.o)
 .comment       0x0000000000000023       0x24 ../tsk5_hello_world_bsp/\libhal_bsp.a(alt_open.o)
 .comment       0x0000000000000023       0x24 ../tsk5_hello_world_bsp/\libhal_bsp.a(alt_tick.o)
 .comment       0x0000000000000023       0x24 ../tsk5_hello_world_bsp/\libhal_bsp.a(altera_nios2_qsys_irq.o)
 .comment       0x0000000000000023       0x24 ../tsk5_hello_world_bsp/\libhal_bsp.a(alt_find_dev.o)
 .comment       0x0000000000000023       0x24 ../tsk5_hello_world_bsp/\libhal_bsp.a(alt_find_file.o)
 .comment       0x0000000000000023       0x24 ../tsk5_hello_world_bsp/\libhal_bsp.a(alt_get_fd.o)
 .comment       0x0000000000000023       0x24 ../tsk5_hello_world_bsp/\libhal_bsp.a(alt_icache_flush.o)
 .comment       0x0000000000000023       0x24 c:/intelfpga/18.1/nios2eds/bin/gnu/h-x86_64-mingw32/bin/../lib/gcc/nios2-elf/5.3.0/../../../../../H-x86_64-mingw32/nios2-elf/lib\libc.a(lib_a-atexit.o)
 .comment       0x0000000000000023       0x24 c:/intelfpga/18.1/nios2eds/bin/gnu/h-x86_64-mingw32/bin/../lib/gcc/nios2-elf/5.3.0/../../../../../H-x86_64-mingw32/nios2-elf/lib\libc.a(lib_a-exit.o)
 .comment       0x0000000000000023       0x24 c:/intelfpga/18.1/nios2eds/bin/gnu/h-x86_64-mingw32/bin/../lib/gcc/nios2-elf/5.3.0/../../../../../H-x86_64-mingw32/nios2-elf/lib\libc.a(lib_a-memcmp.o)
 .comment       0x0000000000000023       0x24 c:/intelfpga/18.1/nios2eds/bin/gnu/h-x86_64-mingw32/bin/../lib/gcc/nios2-elf/5.3.0/../../../../../H-x86_64-mingw32/nios2-elf/lib\libc.a(lib_a-__atexit.o)
 .comment       0x0000000000000023       0x24 c:/intelfpga/18.1/nios2eds/bin/gnu/h-x86_64-mingw32/bin/../lib/gcc/nios2-elf/5.3.0/../../../../../H-x86_64-mingw32/nios2-elf/lib\libc.a(lib_a-__call_atexit.o)
 .comment       0x0000000000000023       0x24 ../tsk5_hello_world_bsp/\libhal_bsp.a(alt_exit.o)

.debug
 *(.debug)

.line
 *(.line)

.debug_srcinfo
 *(.debug_srcinfo)

.debug_sfnames
 *(.debug_sfnames)

.debug_aranges  0x0000000000000000      0xa08
 *(.debug_aranges)
 .debug_aranges
                0x0000000000000000       0x28 ../tsk5_hello_world_bsp//obj/HAL/src/crt0.o
 .debug_aranges
                0x0000000000000028       0x20 obj/default/hello_world.o
 .debug_aranges
                0x0000000000000048       0x28 c:/intelfpga/18.1/nios2eds/bin/gnu/h-x86_64-mingw32/bin/../lib/gcc/nios2-elf/5.3.0/../../../../../H-x86_64-mingw32/nios2-elf/lib\libc.a(lib_a-puts.o)
 .debug_aranges
                0x0000000000000070       0x20 c:/intelfpga/18.1/nios2eds/bin/gnu/h-x86_64-mingw32/bin/../lib/gcc/nios2-elf/5.3.0/../../../../../H-x86_64-mingw32/nios2-elf/lib\libc.a(lib_a-strlen.o)
 .debug_aranges
                0x0000000000000090       0x68 c:/intelfpga/18.1/nios2eds/bin/gnu/h-x86_64-mingw32/bin/../lib/gcc/nios2-elf/5.3.0/../../../../../H-x86_64-mingw32/nios2-elf/lib\libc.a(lib_a-findfp.o)
 .debug_aranges
                0x00000000000000f8       0x20 c:/intelfpga/18.1/nios2eds/bin/gnu/h-x86_64-mingw32/bin/../lib/gcc/nios2-elf/5.3.0/../../../../../H-x86_64-mingw32/nios2-elf/lib\libc.a(lib_a-fvwrite.o)
 .debug_aranges
                0x0000000000000118       0x28 c:/intelfpga/18.1/nios2eds/bin/gnu/h-x86_64-mingw32/bin/../lib/gcc/nios2-elf/5.3.0/../../../../../H-x86_64-mingw32/nios2-elf/lib\libc.a(lib_a-fwalk.o)
 .debug_aranges
                0x0000000000000140       0x18 c:/intelfpga/18.1/nios2eds/bin/gnu/h-x86_64-mingw32/bin/../lib/gcc/nios2-elf/5.3.0/../../../../../H-x86_64-mingw32/nios2-elf/lib\libc.a(lib_a-impure.o)
 .debug_aranges
                0x0000000000000158       0x20 c:/intelfpga/18.1/nios2eds/bin/gnu/h-x86_64-mingw32/bin/../lib/gcc/nios2-elf/5.3.0/../../../../../H-x86_64-mingw32/nios2-elf/lib\libc.a(lib_a-mallocr.o)
 .debug_aranges
                0x0000000000000178       0x20 c:/intelfpga/18.1/nios2eds/bin/gnu/h-x86_64-mingw32/bin/../lib/gcc/nios2-elf/5.3.0/../../../../../H-x86_64-mingw32/nios2-elf/lib\libc.a(lib_a-memchr.o)
 .debug_aranges
                0x0000000000000198       0x20 c:/intelfpga/18.1/nios2eds/bin/gnu/h-x86_64-mingw32/bin/../lib/gcc/nios2-elf/5.3.0/../../../../../H-x86_64-mingw32/nios2-elf/lib\libc.a(lib_a-memcpy.o)
 .debug_aranges
                0x00000000000001b8       0x20 c:/intelfpga/18.1/nios2eds/bin/gnu/h-x86_64-mingw32/bin/../lib/gcc/nios2-elf/5.3.0/../../../../../H-x86_64-mingw32/nios2-elf/lib\libc.a(lib_a-memmove.o)
 .debug_aranges
                0x00000000000001d8       0x20 c:/intelfpga/18.1/nios2eds/bin/gnu/h-x86_64-mingw32/bin/../lib/gcc/nios2-elf/5.3.0/../../../../../H-x86_64-mingw32/nios2-elf/lib\libc.a(lib_a-memset.o)
 .debug_aranges
                0x00000000000001f8       0x20 c:/intelfpga/18.1/nios2eds/bin/gnu/h-x86_64-mingw32/bin/../lib/gcc/nios2-elf/5.3.0/../../../../../H-x86_64-mingw32/nios2-elf/lib\libc.a(lib_a-reallocr.o)
 .debug_aranges
                0x0000000000000218       0x20 c:/intelfpga/18.1/nios2eds/bin/gnu/h-x86_64-mingw32/bin/../lib/gcc/nios2-elf/5.3.0/../../../../../H-x86_64-mingw32/nios2-elf/lib\libc.a(lib_a-sbrkr.o)
 .debug_aranges
                0x0000000000000238       0x40 c:/intelfpga/18.1/nios2eds/bin/gnu/h-x86_64-mingw32/bin/../lib/gcc/nios2-elf/5.3.0/../../../../../H-x86_64-mingw32/nios2-elf/lib\libc.a(lib_a-stdio.o)
 .debug_aranges
                0x0000000000000278       0x20 c:/intelfpga/18.1/nios2eds/bin/gnu/h-x86_64-mingw32/bin/../lib/gcc/nios2-elf/5.3.0/../../../../../H-x86_64-mingw32/nios2-elf/lib\libc.a(lib_a-writer.o)
 .debug_aranges
                0x0000000000000298       0x20 c:/intelfpga/18.1/nios2eds/bin/gnu/h-x86_64-mingw32/bin/../lib/gcc/nios2-elf/5.3.0/../../../../../H-x86_64-mingw32/nios2-elf/lib\libc.a(lib_a-wsetup.o)
 .debug_aranges
                0x00000000000002b8       0x20 c:/intelfpga/18.1/nios2eds/bin/gnu/h-x86_64-mingw32/bin/../lib/gcc/nios2-elf/5.3.0/../../../../../H-x86_64-mingw32/nios2-elf/lib\libc.a(closer.o)
 .debug_aranges
                0x00000000000002d8       0x28 c:/intelfpga/18.1/nios2eds/bin/gnu/h-x86_64-mingw32/bin/../lib/gcc/nios2-elf/5.3.0/../../../../../H-x86_64-mingw32/nios2-elf/lib\libc.a(lib_a-fclose.o)
 .debug_aranges
                0x0000000000000300       0x30 c:/intelfpga/18.1/nios2eds/bin/gnu/h-x86_64-mingw32/bin/../lib/gcc/nios2-elf/5.3.0/../../../../../H-x86_64-mingw32/nios2-elf/lib\libc.a(lib_a-fflush.o)
 .debug_aranges
                0x0000000000000330       0x28 c:/intelfpga/18.1/nios2eds/bin/gnu/h-x86_64-mingw32/bin/../lib/gcc/nios2-elf/5.3.0/../../../../../H-x86_64-mingw32/nios2-elf/lib\libc.a(lib_a-freer.o)
 .debug_aranges
                0x0000000000000358       0x18 c:/intelfpga/18.1/nios2eds/bin/gnu/h-x86_64-mingw32/bin/../lib/gcc/nios2-elf/5.3.0/../../../../../H-x86_64-mingw32/nios2-elf/lib\libc.a(lib_a-int_errno.o)
 .debug_aranges
                0x0000000000000370       0x20 c:/intelfpga/18.1/nios2eds/bin/gnu/h-x86_64-mingw32/bin/../lib/gcc/nios2-elf/5.3.0/../../../../../H-x86_64-mingw32/nios2-elf/lib\libc.a(lib_a-lseekr.o)
 .debug_aranges
                0x0000000000000390       0x20 c:/intelfpga/18.1/nios2eds/bin/gnu/h-x86_64-mingw32/bin/../lib/gcc/nios2-elf/5.3.0/../../../../../H-x86_64-mingw32/nios2-elf/lib\libc.a(lib_a-makebuf.o)
 .debug_aranges
                0x00000000000003b0       0x20 c:/intelfpga/18.1/nios2eds/bin/gnu/h-x86_64-mingw32/bin/../lib/gcc/nios2-elf/5.3.0/../../../../../H-x86_64-mingw32/nios2-elf/lib\libc.a(lib_a-readr.o)
 .debug_aranges
                0x00000000000003d0       0x20 c:/intelfpga/18.1/nios2eds/bin/gnu/h-x86_64-mingw32/bin/../lib/gcc/nios2-elf/5.3.0/../../../../../H-x86_64-mingw32/nios2-elf/lib\libc.a(lib_a-fstatr.o)
 .debug_aranges
                0x00000000000003f0       0x20 c:/intelfpga/18.1/nios2eds/bin/gnu/h-x86_64-mingw32/bin/../lib/gcc/nios2-elf/5.3.0/../../../../../H-x86_64-mingw32/nios2-elf/lib\libc.a(lib_a-isattyr.o)
 .debug_aranges
                0x0000000000000410       0x20 c:/intelfpga/18.1/nios2eds/bin/gnu/h-x86_64-mingw32/bin/../lib/gcc/nios2-elf/5.3.0\libgcc.a(lib2-divmod.o)
 .debug_aranges
                0x0000000000000430       0x20 ../tsk5_hello_world_bsp/\libhal_bsp.a(alt_close.o)
 .debug_aranges
                0x0000000000000450       0x20 ../tsk5_hello_world_bsp/\libhal_bsp.a(alt_dev.o)
 .debug_aranges
                0x0000000000000470       0x18 ../tsk5_hello_world_bsp/\libhal_bsp.a(alt_errno.o)
 .debug_aranges
                0x0000000000000488       0x20 ../tsk5_hello_world_bsp/\libhal_bsp.a(alt_fstat.o)
 .debug_aranges
                0x00000000000004a8       0x20 ../tsk5_hello_world_bsp/\libhal_bsp.a(alt_isatty.o)
 .debug_aranges
                0x00000000000004c8       0x20 ../tsk5_hello_world_bsp/\libhal_bsp.a(alt_load.o)
 .debug_aranges
                0x00000000000004e8       0x20 ../tsk5_hello_world_bsp/\libhal_bsp.a(alt_lseek.o)
 .debug_aranges
                0x0000000000000508       0x20 ../tsk5_hello_world_bsp/\libhal_bsp.a(alt_main.o)
 .debug_aranges
                0x0000000000000528       0x20 ../tsk5_hello_world_bsp/\libhal_bsp.a(alt_malloc_lock.o)
 .debug_aranges
                0x0000000000000548       0x20 ../tsk5_hello_world_bsp/\libhal_bsp.a(alt_read.o)
 .debug_aranges
                0x0000000000000568       0x20 ../tsk5_hello_world_bsp/\libhal_bsp.a(alt_release_fd.o)
 .debug_aranges
                0x0000000000000588       0x20 ../tsk5_hello_world_bsp/\libhal_bsp.a(alt_sbrk.o)
 .debug_aranges
                0x00000000000005a8       0x20 ../tsk5_hello_world_bsp/\libhal_bsp.a(alt_write.o)
 .debug_aranges
                0x00000000000005c8       0x20 ../tsk5_hello_world_bsp/\libhal_bsp.a(alt_sys_init.o)
 .debug_aranges
                0x00000000000005e8       0x20 ../tsk5_hello_world_bsp/\libhal_bsp.a(altera_avalon_jtag_uart_fd.o)
 .debug_aranges
                0x0000000000000608       0x20 ../tsk5_hello_world_bsp/\libhal_bsp.a(altera_avalon_jtag_uart_init.o)
 .debug_aranges
                0x0000000000000628       0x20 ../tsk5_hello_world_bsp/\libhal_bsp.a(altera_avalon_jtag_uart_ioctl.o)
 .debug_aranges
                0x0000000000000648       0x20 ../tsk5_hello_world_bsp/\libhal_bsp.a(altera_avalon_jtag_uart_read.o)
 .debug_aranges
                0x0000000000000668       0x20 ../tsk5_hello_world_bsp/\libhal_bsp.a(altera_avalon_jtag_uart_write.o)
 .debug_aranges
                0x0000000000000688       0x20 ../tsk5_hello_world_bsp/\libhal_bsp.a(altera_avalon_timer_sc.o)
 .debug_aranges
                0x00000000000006a8       0x20 ../tsk5_hello_world_bsp/\libhal_bsp.a(alt_alarm_start.o)
 .debug_aranges
                0x00000000000006c8       0x20 ../tsk5_hello_world_bsp/\libhal_bsp.a(alt_dcache_flush_all.o)
 .debug_aranges
                0x00000000000006e8       0x20 ../tsk5_hello_world_bsp/\libhal_bsp.a(alt_dev_llist_insert.o)
 .debug_aranges
                0x0000000000000708       0x20 ../tsk5_hello_world_bsp/\libhal_bsp.a(alt_do_ctors.o)
 .debug_aranges
                0x0000000000000728       0x20 ../tsk5_hello_world_bsp/\libhal_bsp.a(alt_do_dtors.o)
 .debug_aranges
                0x0000000000000748       0x20 ../tsk5_hello_world_bsp/\libhal_bsp.a(alt_icache_flush_all.o)
 .debug_aranges
                0x0000000000000768       0x20 ../tsk5_hello_world_bsp/\libhal_bsp.a(alt_iic.o)
 .debug_aranges
                0x0000000000000788       0x20 ../tsk5_hello_world_bsp/\libhal_bsp.a(alt_iic_isr_register.o)
 .debug_aranges
                0x00000000000007a8       0x20 ../tsk5_hello_world_bsp/\libhal_bsp.a(alt_io_redirect.o)
 .debug_aranges
                0x00000000000007c8       0x30 ../tsk5_hello_world_bsp/\libhal_bsp.a(alt_irq_entry.o)
 .debug_aranges
                0x00000000000007f8       0x20 ../tsk5_hello_world_bsp/\libhal_bsp.a(alt_irq_handler.o)
 .debug_aranges
                0x0000000000000818       0x18 ../tsk5_hello_world_bsp/\libhal_bsp.a(alt_irq_vars.o)
 .debug_aranges
                0x0000000000000830       0x20 ../tsk5_hello_world_bsp/\libhal_bsp.a(alt_open.o)
 .debug_aranges
                0x0000000000000850       0x20 ../tsk5_hello_world_bsp/\libhal_bsp.a(alt_tick.o)
 .debug_aranges
                0x0000000000000870       0x20 ../tsk5_hello_world_bsp/\libhal_bsp.a(altera_nios2_qsys_irq.o)
 .debug_aranges
                0x0000000000000890       0x38 ../tsk5_hello_world_bsp/\libhal_bsp.a(alt_exception_entry.o)
 .debug_aranges
                0x00000000000008c8       0x20 ../tsk5_hello_world_bsp/\libhal_bsp.a(alt_find_dev.o)
 .debug_aranges
                0x00000000000008e8       0x20 ../tsk5_hello_world_bsp/\libhal_bsp.a(alt_find_file.o)
 .debug_aranges
                0x0000000000000908       0x20 ../tsk5_hello_world_bsp/\libhal_bsp.a(alt_get_fd.o)
 .debug_aranges
                0x0000000000000928       0x20 ../tsk5_hello_world_bsp/\libhal_bsp.a(alt_icache_flush.o)
 .debug_aranges
                0x0000000000000948       0x20 c:/intelfpga/18.1/nios2eds/bin/gnu/h-x86_64-mingw32/bin/../lib/gcc/nios2-elf/5.3.0/../../../../../H-x86_64-mingw32/nios2-elf/lib\libc.a(lib_a-atexit.o)
 .debug_aranges
                0x0000000000000968       0x20 c:/intelfpga/18.1/nios2eds/bin/gnu/h-x86_64-mingw32/bin/../lib/gcc/nios2-elf/5.3.0/../../../../../H-x86_64-mingw32/nios2-elf/lib\libc.a(lib_a-exit.o)
 .debug_aranges
                0x0000000000000988       0x20 c:/intelfpga/18.1/nios2eds/bin/gnu/h-x86_64-mingw32/bin/../lib/gcc/nios2-elf/5.3.0/../../../../../H-x86_64-mingw32/nios2-elf/lib\libc.a(lib_a-memcmp.o)
 .debug_aranges
                0x00000000000009a8       0x20 c:/intelfpga/18.1/nios2eds/bin/gnu/h-x86_64-mingw32/bin/../lib/gcc/nios2-elf/5.3.0/../../../../../H-x86_64-mingw32/nios2-elf/lib\libc.a(lib_a-__atexit.o)
 .debug_aranges
                0x00000000000009c8       0x20 c:/intelfpga/18.1/nios2eds/bin/gnu/h-x86_64-mingw32/bin/../lib/gcc/nios2-elf/5.3.0/../../../../../H-x86_64-mingw32/nios2-elf/lib\libc.a(lib_a-__call_atexit.o)
 .debug_aranges
                0x00000000000009e8       0x20 ../tsk5_hello_world_bsp/\libhal_bsp.a(alt_exit.o)

.debug_pubnames
 *(.debug_pubnames)

.debug_info     0x0000000000000000    0x16359
 *(.debug_info .gnu.linkonce.wi.*)
 .debug_info    0x0000000000000000       0x96 ../tsk5_hello_world_bsp//obj/HAL/src/crt0.o
 .debug_info    0x0000000000000096       0x96 obj/default/hello_world.o
 .debug_info    0x000000000000012c      0xa38 c:/intelfpga/18.1/nios2eds/bin/gnu/h-x86_64-mingw32/bin/../lib/gcc/nios2-elf/5.3.0/../../../../../H-x86_64-mingw32/nios2-elf/lib\libc.a(lib_a-puts.o)
 .debug_info    0x0000000000000b64       0xe2 c:/intelfpga/18.1/nios2eds/bin/gnu/h-x86_64-mingw32/bin/../lib/gcc/nios2-elf/5.3.0/../../../../../H-x86_64-mingw32/nios2-elf/lib\libc.a(lib_a-strlen.o)
 .debug_info    0x0000000000000c46      0xd37 c:/intelfpga/18.1/nios2eds/bin/gnu/h-x86_64-mingw32/bin/../lib/gcc/nios2-elf/5.3.0/../../../../../H-x86_64-mingw32/nios2-elf/lib\libc.a(lib_a-findfp.o)
 .debug_info    0x000000000000197d      0xbb8 c:/intelfpga/18.1/nios2eds/bin/gnu/h-x86_64-mingw32/bin/../lib/gcc/nios2-elf/5.3.0/../../../../../H-x86_64-mingw32/nios2-elf/lib\libc.a(lib_a-fvwrite.o)
 .debug_info    0x0000000000002535      0x9b0 c:/intelfpga/18.1/nios2eds/bin/gnu/h-x86_64-mingw32/bin/../lib/gcc/nios2-elf/5.3.0/../../../../../H-x86_64-mingw32/nios2-elf/lib\libc.a(lib_a-fwalk.o)
 .debug_info    0x0000000000002ee5      0x8a1 c:/intelfpga/18.1/nios2eds/bin/gnu/h-x86_64-mingw32/bin/../lib/gcc/nios2-elf/5.3.0/../../../../../H-x86_64-mingw32/nios2-elf/lib\libc.a(lib_a-impure.o)
 .debug_info    0x0000000000003786      0xd57 c:/intelfpga/18.1/nios2eds/bin/gnu/h-x86_64-mingw32/bin/../lib/gcc/nios2-elf/5.3.0/../../../../../H-x86_64-mingw32/nios2-elf/lib\libc.a(lib_a-mallocr.o)
 .debug_info    0x00000000000044dd      0x132 c:/intelfpga/18.1/nios2eds/bin/gnu/h-x86_64-mingw32/bin/../lib/gcc/nios2-elf/5.3.0/../../../../../H-x86_64-mingw32/nios2-elf/lib\libc.a(lib_a-memchr.o)
 .debug_info    0x000000000000460f      0x144 c:/intelfpga/18.1/nios2eds/bin/gnu/h-x86_64-mingw32/bin/../lib/gcc/nios2-elf/5.3.0/../../../../../H-x86_64-mingw32/nios2-elf/lib\libc.a(lib_a-memcpy.o)
 .debug_info    0x0000000000004753      0x13a c:/intelfpga/18.1/nios2eds/bin/gnu/h-x86_64-mingw32/bin/../lib/gcc/nios2-elf/5.3.0/../../../../../H-x86_64-mingw32/nios2-elf/lib\libc.a(lib_a-memmove.o)
 .debug_info    0x000000000000488d      0x121 c:/intelfpga/18.1/nios2eds/bin/gnu/h-x86_64-mingw32/bin/../lib/gcc/nios2-elf/5.3.0/../../../../../H-x86_64-mingw32/nios2-elf/lib\libc.a(lib_a-memset.o)
 .debug_info    0x00000000000049ae      0xc6b c:/intelfpga/18.1/nios2eds/bin/gnu/h-x86_64-mingw32/bin/../lib/gcc/nios2-elf/5.3.0/../../../../../H-x86_64-mingw32/nios2-elf/lib\libc.a(lib_a-reallocr.o)
 .debug_info    0x0000000000005619      0x900 c:/intelfpga/18.1/nios2eds/bin/gnu/h-x86_64-mingw32/bin/../lib/gcc/nios2-elf/5.3.0/../../../../../H-x86_64-mingw32/nios2-elf/lib\libc.a(lib_a-sbrkr.o)
 .debug_info    0x0000000000005f19      0xb32 c:/intelfpga/18.1/nios2eds/bin/gnu/h-x86_64-mingw32/bin/../lib/gcc/nios2-elf/5.3.0/../../../../../H-x86_64-mingw32/nios2-elf/lib\libc.a(lib_a-stdio.o)
 .debug_info    0x0000000000006a4b      0x928 c:/intelfpga/18.1/nios2eds/bin/gnu/h-x86_64-mingw32/bin/../lib/gcc/nios2-elf/5.3.0/../../../../../H-x86_64-mingw32/nios2-elf/lib\libc.a(lib_a-writer.o)
 .debug_info    0x0000000000007373      0x936 c:/intelfpga/18.1/nios2eds/bin/gnu/h-x86_64-mingw32/bin/../lib/gcc/nios2-elf/5.3.0/../../../../../H-x86_64-mingw32/nios2-elf/lib\libc.a(lib_a-wsetup.o)
 .debug_info    0x0000000000007ca9      0x8df c:/intelfpga/18.1/nios2eds/bin/gnu/h-x86_64-mingw32/bin/../lib/gcc/nios2-elf/5.3.0/../../../../../H-x86_64-mingw32/nios2-elf/lib\libc.a(closer.o)
 .debug_info    0x0000000000008588      0xa23 c:/intelfpga/18.1/nios2eds/bin/gnu/h-x86_64-mingw32/bin/../lib/gcc/nios2-elf/5.3.0/../../../../../H-x86_64-mingw32/nios2-elf/lib\libc.a(lib_a-fclose.o)
 .debug_info    0x0000000000008fab      0xa93 c:/intelfpga/18.1/nios2eds/bin/gnu/h-x86_64-mingw32/bin/../lib/gcc/nios2-elf/5.3.0/../../../../../H-x86_64-mingw32/nios2-elf/lib\libc.a(lib_a-fflush.o)
 .debug_info    0x0000000000009a3e      0xbf7 c:/intelfpga/18.1/nios2eds/bin/gnu/h-x86_64-mingw32/bin/../lib/gcc/nios2-elf/5.3.0/../../../../../H-x86_64-mingw32/nios2-elf/lib\libc.a(lib_a-freer.o)
 .debug_info    0x000000000000a635       0x8a c:/intelfpga/18.1/nios2eds/bin/gnu/h-x86_64-mingw32/bin/../lib/gcc/nios2-elf/5.3.0/../../../../../H-x86_64-mingw32/nios2-elf/lib\libc.a(lib_a-int_errno.o)
 .debug_info    0x000000000000a6bf      0x90b c:/intelfpga/18.1/nios2eds/bin/gnu/h-x86_64-mingw32/bin/../lib/gcc/nios2-elf/5.3.0/../../../../../H-x86_64-mingw32/nios2-elf/lib\libc.a(lib_a-lseekr.o)
 .debug_info    0x000000000000afca      0xad8 c:/intelfpga/18.1/nios2eds/bin/gnu/h-x86_64-mingw32/bin/../lib/gcc/nios2-elf/5.3.0/../../../../../H-x86_64-mingw32/nios2-elf/lib\libc.a(lib_a-makebuf.o)
 .debug_info    0x000000000000baa2      0x921 c:/intelfpga/18.1/nios2eds/bin/gnu/h-x86_64-mingw32/bin/../lib/gcc/nios2-elf/5.3.0/../../../../../H-x86_64-mingw32/nios2-elf/lib\libc.a(lib_a-readr.o)
 .debug_info    0x000000000000c3c3      0xa5d c:/intelfpga/18.1/nios2eds/bin/gnu/h-x86_64-mingw32/bin/../lib/gcc/nios2-elf/5.3.0/../../../../../H-x86_64-mingw32/nios2-elf/lib\libc.a(lib_a-fstatr.o)
 .debug_info    0x000000000000ce20      0x8df c:/intelfpga/18.1/nios2eds/bin/gnu/h-x86_64-mingw32/bin/../lib/gcc/nios2-elf/5.3.0/../../../../../H-x86_64-mingw32/nios2-elf/lib\libc.a(lib_a-isattyr.o)
 .debug_info    0x000000000000d6ff      0x2c6 c:/intelfpga/18.1/nios2eds/bin/gnu/h-x86_64-mingw32/bin/../lib/gcc/nios2-elf/5.3.0\libgcc.a(lib2-divmod.o)
 .debug_info    0x000000000000d9c5      0x321 ../tsk5_hello_world_bsp/\libhal_bsp.a(alt_close.o)
 .debug_info    0x000000000000dce6      0x49c ../tsk5_hello_world_bsp/\libhal_bsp.a(alt_dev.o)
 .debug_info    0x000000000000e182       0xa6 ../tsk5_hello_world_bsp/\libhal_bsp.a(alt_errno.o)
 .debug_info    0x000000000000e228      0x488 ../tsk5_hello_world_bsp/\libhal_bsp.a(alt_fstat.o)
 .debug_info    0x000000000000e6b0      0x48b ../tsk5_hello_world_bsp/\libhal_bsp.a(alt_isatty.o)
 .debug_info    0x000000000000eb3b      0x145 ../tsk5_hello_world_bsp/\libhal_bsp.a(alt_load.o)
 .debug_info    0x000000000000ec80      0x352 ../tsk5_hello_world_bsp/\libhal_bsp.a(alt_lseek.o)
 .debug_info    0x000000000000efd2      0x131 ../tsk5_hello_world_bsp/\libhal_bsp.a(alt_main.o)
 .debug_info    0x000000000000f103      0x8b6 ../tsk5_hello_world_bsp/\libhal_bsp.a(alt_malloc_lock.o)
 .debug_info    0x000000000000f9b9      0x4b0 ../tsk5_hello_world_bsp/\libhal_bsp.a(alt_read.o)
 .debug_info    0x000000000000fe69      0x2b0 ../tsk5_hello_world_bsp/\libhal_bsp.a(alt_release_fd.o)
 .debug_info    0x0000000000010119      0x1ac ../tsk5_hello_world_bsp/\libhal_bsp.a(alt_sbrk.o)