------------------------------------------------------------
Timing Analyzer Summary
------------------------------------------------------------

Type  : Slow 1100mV 85C Model Setup 'clk'
Slack : -13.528
TNS   : -13865.873

Type  : Slow 1100mV 85C Model Hold 'clk'
Slack : 0.303
TNS   : 0.000

Type  : Slow 1100mV 85C Model Minimum Pulse Width 'clk'
Slack : -0.394
TNS   : -811.432

Type  : Slow 1100mV 0C Model Setup 'clk'
Slack : -13.582
TNS   : -14167.289

Type  : Slow 1100mV 0C Model Hold 'clk'
Slack : 0.274
TNS   : 0.000

Type  : Slow 1100mV 0C Model Minimum Pulse Width 'clk'
Slack : -0.394
TNS   : -893.662

Type  : Fast 1100mV 85C Model Setup 'clk'
Slack : -7.563
TNS   : -7534.560

Type  : Fast 1100mV 85C Model Hold 'clk'
Slack : 0.175
TNS   : 0.000

Type  : Fast 1100mV 85C Model Minimum Pulse Width 'clk'
Slack : -0.082
TNS   : -117.363

Type  : Fast 1100mV 0C Model Setup 'clk'
Slack : -6.904
TNS   : -6985.681

Type  : Fast 1100mV 0C Model Hold 'clk'
Slack : 0.162
TNS   : 0.000

Type  : Fast 1100mV 0C Model Minimum Pulse Width 'clk'
Slack : -0.083
TNS   : -120.531

------------------------------------------------------------
